Archive member included because of file (symbol)

c:/program files (x86)/gnu tools arm embedded/4.8 2014q1/bin/../lib/gcc/arm-none-eabi/4.8.3/armv6-m\libgcc.a(_udivsi3.o)
                              ./system/src/cmsis/system_W7500x.o (__aeabi_uidiv)
c:/program files (x86)/gnu tools arm embedded/4.8 2014q1/bin/../lib/gcc/arm-none-eabi/4.8.3/armv6-m\libgcc.a(_dvmd_tls.o)
                              c:/program files (x86)/gnu tools arm embedded/4.8 2014q1/bin/../lib/gcc/arm-none-eabi/4.8.3/armv6-m\libgcc.a(_udivsi3.o) (__aeabi_idiv0)
c:/program files (x86)/gnu tools arm embedded/4.8 2014q1/bin/../lib/gcc/arm-none-eabi/4.8.3/armv6-m\libgcc.a(_fixunssfsi.o)
                              ./system/src/W7500x/W7500x_uart.o (__aeabi_f2uiz)
c:/program files (x86)/gnu tools arm embedded/4.8 2014q1/bin/../lib/gcc/arm-none-eabi/4.8.3/armv6-m\libgcc.a(_fixunsdfsi.o)
                              ./system/src/W7500x/W7500x_uart.o (__aeabi_d2uiz)
c:/program files (x86)/gnu tools arm embedded/4.8 2014q1/bin/../lib/gcc/arm-none-eabi/4.8.3/armv6-m\libgcc.a(divsf3.o)
                              ./system/src/W7500x/W7500x_uart.o (__aeabi_fdiv)
c:/program files (x86)/gnu tools arm embedded/4.8 2014q1/bin/../lib/gcc/arm-none-eabi/4.8.3/armv6-m\libgcc.a(mulsf3.o)
                              ./system/src/W7500x/W7500x_uart.o (__aeabi_fmul)
c:/program files (x86)/gnu tools arm embedded/4.8 2014q1/bin/../lib/gcc/arm-none-eabi/4.8.3/armv6-m\libgcc.a(subsf3.o)
                              ./system/src/W7500x/W7500x_uart.o (__aeabi_fsub)
c:/program files (x86)/gnu tools arm embedded/4.8 2014q1/bin/../lib/gcc/arm-none-eabi/4.8.3/armv6-m\libgcc.a(fixsfsi.o)
                              c:/program files (x86)/gnu tools arm embedded/4.8 2014q1/bin/../lib/gcc/arm-none-eabi/4.8.3/armv6-m\libgcc.a(_fixunssfsi.o) (__aeabi_f2iz)
c:/program files (x86)/gnu tools arm embedded/4.8 2014q1/bin/../lib/gcc/arm-none-eabi/4.8.3/armv6-m\libgcc.a(floatunsisf.o)
                              ./system/src/W7500x/W7500x_uart.o (__aeabi_ui2f)
c:/program files (x86)/gnu tools arm embedded/4.8 2014q1/bin/../lib/gcc/arm-none-eabi/4.8.3/armv6-m\libgcc.a(adddf3.o)
                              ./system/src/W7500x/W7500x_uart.o (__aeabi_dadd)
c:/program files (x86)/gnu tools arm embedded/4.8 2014q1/bin/../lib/gcc/arm-none-eabi/4.8.3/armv6-m\libgcc.a(subdf3.o)
                              c:/program files (x86)/gnu tools arm embedded/4.8 2014q1/bin/../lib/gcc/arm-none-eabi/4.8.3/armv6-m\libgcc.a(_fixunsdfsi.o) (__aeabi_dsub)
c:/program files (x86)/gnu tools arm embedded/4.8 2014q1/bin/../lib/gcc/arm-none-eabi/4.8.3/armv6-m\libgcc.a(fixdfsi.o)
                              c:/program files (x86)/gnu tools arm embedded/4.8 2014q1/bin/../lib/gcc/arm-none-eabi/4.8.3/armv6-m\libgcc.a(_fixunsdfsi.o) (__aeabi_d2iz)
c:/program files (x86)/gnu tools arm embedded/4.8 2014q1/bin/../lib/gcc/arm-none-eabi/4.8.3/armv6-m\libgcc.a(extendsfdf2.o)
                              ./system/src/W7500x/W7500x_uart.o (__aeabi_f2d)
c:/program files (x86)/gnu tools arm embedded/4.8 2014q1/bin/../lib/gcc/arm-none-eabi/4.8.3/armv6-m\libgcc.a(unwind-arm.o)
                              ./system/src/newlib/_cxx.o (__aeabi_unwind_cpp_pr1)
c:/program files (x86)/gnu tools arm embedded/4.8 2014q1/bin/../lib/gcc/arm-none-eabi/4.8.3/armv6-m\libgcc.a(libunwind.o)
                              c:/program files (x86)/gnu tools arm embedded/4.8 2014q1/bin/../lib/gcc/arm-none-eabi/4.8.3/armv6-m\libgcc.a(unwind-arm.o) (restore_core_regs)
c:/program files (x86)/gnu tools arm embedded/4.8 2014q1/bin/../lib/gcc/arm-none-eabi/4.8.3/armv6-m\libgcc.a(pr-support.o)
                              c:/program files (x86)/gnu tools arm embedded/4.8 2014q1/bin/../lib/gcc/arm-none-eabi/4.8.3/armv6-m\libgcc.a(unwind-arm.o) (__gnu_unwind_execute)
c:/program files (x86)/gnu tools arm embedded/4.8 2014q1/bin/../lib/gcc/arm-none-eabi/4.8.3/armv6-m\libgcc.a(_arm_cmpdf2.o)
                              c:/program files (x86)/gnu tools arm embedded/4.8 2014q1/bin/../lib/gcc/arm-none-eabi/4.8.3/armv6-m\libgcc.a(_fixunsdfsi.o) (__aeabi_dcmpge)
c:/program files (x86)/gnu tools arm embedded/4.8 2014q1/bin/../lib/gcc/arm-none-eabi/4.8.3/armv6-m\libgcc.a(_arm_cmpsf2.o)
                              c:/program files (x86)/gnu tools arm embedded/4.8 2014q1/bin/../lib/gcc/arm-none-eabi/4.8.3/armv6-m\libgcc.a(_fixunssfsi.o) (__aeabi_fcmpge)
c:/program files (x86)/gnu tools arm embedded/4.8 2014q1/bin/../lib/gcc/arm-none-eabi/4.8.3/armv6-m\libgcc.a(_clzsi2.o)
                              c:/program files (x86)/gnu tools arm embedded/4.8 2014q1/bin/../lib/gcc/arm-none-eabi/4.8.3/armv6-m\libgcc.a(divsf3.o) (__clzsi2)
c:/program files (x86)/gnu tools arm embedded/4.8 2014q1/bin/../lib/gcc/arm-none-eabi/4.8.3/armv6-m\libgcc.a(eqsf2.o)
                              c:/program files (x86)/gnu tools arm embedded/4.8 2014q1/bin/../lib/gcc/arm-none-eabi/4.8.3/armv6-m\libgcc.a(_arm_cmpsf2.o) (__eqsf2)
[...]
Memory Configuration

Name             Origin             Length             Attributes
FLASH            0x00000000         0x00020000         xr
RAM              0x20000000         0x00004000         xrw
CCMRAM           0x10000000         0x00000000         xrw
FLASHB1          0x00000000         0x00000000         xr
EXTMEMB0         0x00000000         0x00000000         xr
EXTMEMB1         0x00000000         0x00000000         xr
EXTMEMB2         0x00000000         0x00000000         xr
EXTMEMB3         0x00000000         0x00000000         xr
*default*        0x00000000         0xffffffff

Linker script and memory map

LOAD ./system/src/newlib/_cxx.o
LOAD ./system/src/newlib/_exit.o
LOAD ./system/src/newlib/_sbrk.o
LOAD ./system/src/newlib/_startup.o
LOAD ./system/src/newlib/_syscalls.o
LOAD ./system/src/newlib/assert.o
LOAD ./system/src/diag/Trace.o
LOAD ./system/src/diag/trace_impl.o
LOAD ./system/src/cortexm/_initialize_hardware.o
LOAD ./system/src/cortexm/_reset_hardware.o
LOAD ./system/src/cortexm/exception_handlers.o
LOAD ./system/src/cmsis/system_W7500x.o
LOAD ./system/src/cmsis/vectors_W7500x.o
LOAD ./system/src/W7500x/W7500x_adc.o
LOAD ./system/src/W7500x/W7500x_crg.o
LOAD ./system/src/W7500x/W7500x_dma.o
LOAD ./system/src/W7500x/W7500x_dualtimer.o
LOAD ./system/src/W7500x/W7500x_exti.o
LOAD ./system/src/W7500x/W7500x_gpio.o
LOAD ./system/src/W7500x/W7500x_pwm.o
LOAD ./system/src/W7500x/W7500x_rng.o
LOAD ./system/src/W7500x/W7500x_ssp.o
LOAD ./system/src/W7500x/W7500x_uart.o
LOAD ./system/src/W7500x/W7500x_wdt.o
LOAD ./system/src/W7500x/W7500x_wztoe.o
LOAD ./src/ioLibrary/MDIO/W7500x_miim.o
LOAD ./src/ioLibrary/Internet/httpServer/httpParser.o
LOAD ./src/ioLibrary/Internet/httpServer/httpServer.o
LOAD ./src/ioLibrary/Internet/httpServer/httpUtil.o
LOAD ./src/ioLibrary/Internet/DNS/dns.o
LOAD ./src/ioLibrary/Internet/DHCP/dhcp.o
LOAD ./src/ioLibrary/Ethernet/socket.o
LOAD ./src/ioLibrary/Ethernet/wizchip_conf.o
LOAD ./src/ioLibrary/Application/loopback/loopback.o
LOAD ./src/PlatformHandler/deviceHandler.o
LOAD ./src/PlatformHandler/eepromHandler.o
LOAD ./src/PlatformHandler/flashHandler.o
LOAD ./src/PlatformHandler/i2cHandler.o
LOAD ./src/PlatformHandler/storageHandler.o
LOAD ./src/PlatformHandler/timerHandler.o
LOAD ./src/PlatformHandler/uartHandler.o
LOAD ./src/Configuration/segcp.o
LOAD ./src/Configuration/util.o
LOAD ./src/Callback/dhcp_cb.o
LOAD ./src/ConfigData.o
LOAD ./src/W7500x_board.o
LOAD ./src/W7500x_it.o
LOAD ./src/main.o
LOAD ./src/retarget.o
LOAD c:/program files (x86)/gnu tools arm embedded/4.8 2014q1/bin/../lib/gcc/arm-none-eabi/4.8.3/../../../../arm-none-eabi/lib/armv6-m\libstdc++_s.a
LOAD c:/program files (x86)/gnu tools arm embedded/4.8 2014q1/bin/../lib/gcc/arm-none-eabi/4.8.3/../../../../arm-none-eabi/lib/armv6-m\libm.a
START GROUP
LOAD c:/program files (x86)/gnu tools arm embedded/4.8 2014q1/bin/../lib/gcc/arm-none-eabi/4.8.3/armv6-m\libgcc.a
LOAD c:/program files (x86)/gnu tools arm embedded/4.8 2014q1/bin/../lib/gcc/arm-none-eabi/4.8.3/../../../../arm-none-eabi/lib/armv6-m\libg_s.a
LOAD c:/program files (x86)/gnu tools arm embedded/4.8 2014q1/bin/../lib/gcc/arm-none-eabi/4.8.3/../../../../arm-none-eabi/lib/armv6-m\libc_s.a
END GROUP
START GROUP
LOAD c:/program files (x86)/gnu tools arm embedded/4.8 2014q1/bin/../lib/gcc/arm-none-eabi/4.8.3/armv6-m\libgcc.a
LOAD c:/program files (x86)/gnu tools arm embedded/4.8 2014q1/bin/../lib/gcc/arm-none-eabi/4.8.3/../../../../arm-none-eabi/lib/armv6-m\libc_s.a
END GROUP
                0x20004000                __stack = (ORIGIN (RAM) + 0x4000)
                0x20004000                _estack = __stack
                0x00000400                __Main_Stack_Size = 0x400
                0x00000400                PROVIDE (_Main_Stack_Size, __Main_Stack_Size)
                0x20003c00                __Main_Stack_Limit = (__stack - __Main_Stack_Size)
                0x20003c00                PROVIDE (_Main_Stack_Limit, __Main_Stack_Limit)
                0x00000100                _Minimum_Stack_Size = 0x100
                0x20001800                PROVIDE (_Heap_Begin, _end_noinit)
                0x20003c00                PROVIDE (_Heap_Limit, (__stack - __Main_Stack_Size))

.isr_vector     0x00000000      0x214
 FILL mask 0xff
                0x00000000                __vectors_start = ABSOLUTE (.)
                0x00000000                __vectors_start__ = ABSOLUTE (.)
 *(.isr_vector)
 .isr_vector    0x00000000       0xa8 ./system/src/cmsis/vectors_W7500x.o
                0x00000000                __isr_vectors
 *(.cfmconfig)
 *(.after_vectors .after_vectors.*)
 .after_vectors
                0x000000a8      0x118 ./system/src/newlib/_startup.o
                0x000000a8                _start
 .after_vectors
                0x000001c0       0x50 ./system/src/cortexm/exception_handlers.o
                0x000001c0                Reset_Handler
                0x000001e4                HardFault_Handler_C
 .after_vectors
                0x00000210        0x4 ./system/src/cmsis/vectors_W7500x.o
                0x00000210                Default_Handler
                0x00000210                RTC_Handler

.inits          0x00000214       0x28
                0x00000214                __data_regions_array_start = .
                0x00000214        0x4 LONG 0x7360 LOADADDR (.data)
                0x00000218        0x4 LONG 0x20000000 ADDR (.data)
                0x0000021c        0x4 LONG 0x200001cc (ADDR (.data) + SIZEOF (.data))
                0x00000220        0x4 LONG 0x7360 LOADADDR (.data_CCMRAM)
                0x00000224        0x4 LONG 0x10000000 ADDR (.data_CCMRAM)
                0x00000228        0x4 LONG 0x10000000 (ADDR (.data_CCMRAM) + SIZEOF (.data_CCMRAM))
                0x0000022c                __data_regions_array_end = .
                0x0000022c                __bss_regions_array_start = .
                0x0000022c        0x4 LONG 0x200001cc ADDR (.bss)
                0x00000230        0x4 LONG 0x20001800 (ADDR (.bss) + SIZEOF (.bss))
                0x00000234        0x4 LONG 0x10000000 ADDR (.bss_CCMRAM)
                0x00000238        0x4 LONG 0x10000000 (ADDR (.bss_CCMRAM) + SIZEOF (.bss_CCMRAM))
                0x0000023c                __bss_regions_array_end = .
 *(.init)
 *(.fini)
                0x0000023c                . = ALIGN (0x4)
                0x0000023c                PROVIDE (__preinit_array_start, .)
 *(.preinit_array_sysinit .preinit_array_sysinit.*)
 *(.preinit_array_platform .preinit_array_platform.*)
 *(.preinit_array .preinit_array.*)
                0x0000023c                PROVIDE (__preinit_array_end, .)
                0x0000023c                . = ALIGN (0x4)
                0x0000023c                PROVIDE (__init_array_start, .)
 *(SORT(.init_array.*))
 *(.init_array)
                0x0000023c                PROVIDE (__init_array_end, .)
                0x0000023c                . = ALIGN (0x4)
                0x0000023c                PROVIDE (__fini_array_start, .)
 *(SORT(.fini_array.*))
 *(.fini_array)
                0x0000023c                PROVIDE (__fini_array_end, .)

.flashtext
 *(.flashtext .flashtext.*)

.text           0x0000023c     0x7124
 *(.text .text.*)
 .text._exit    0x0000023c        0x4 ./system/src/newlib/_exit.o
                0x0000023c                _exit
 .text._sbrk    0x00000240       0x44 ./system/src/newlib/_sbrk.o
                0x00000240                _sbrk
 .text.__initialize_args
                0x00000284       0x10 ./system/src/newlib/_syscalls.o
                0x00000284                __initialize_args
 .text._close   0x00000294       0x10 ./system/src/newlib/_syscalls.o
                0x00000294                _close
 .text._fstat   0x000002a4       0x10 ./system/src/newlib/_syscalls.o
                0x000002a4                _fstat
 .text._isatty  0x000002b4       0x10 ./system/src/newlib/_syscalls.o
                0x000002b4                _isatty
 .text._lseek   0x000002c4       0x10 ./system/src/newlib/_syscalls.o
                0x000002c4                _lseek
 .text._read    0x000002d4       0x10 ./system/src/newlib/_syscalls.o
                0x000002d4                _read
 .text.trace_printf
                0x000002e4       0x30 ./system/src/diag/Trace.o
                0x000002e4                trace_printf
 .text._trace_write_semihosting_debug
                0x00000314       0x60 ./system/src/diag/trace_impl.o
 .text.trace_write
                0x00000374        0x8 ./system/src/diag/trace_impl.o
                0x00000374                trace_write
 .text.__initialize_hardware_early
                0x0000037c        0x8 ./system/src/cortexm/_initialize_hardware.o
                0x0000037c                __initialize_hardware_early
 .text.__initialize_hardware
                0x00000384        0x8 ./system/src/cortexm/_initialize_hardware.o
                0x00000384                __initialize_hardware
 .text.dumpExceptionStack
                0x0000038c       0x88 ./system/src/cortexm/exception_handlers.o
                0x0000038c                dumpExceptionStack
 .text.GetSystemClock
                0x00000414        0xc ./system/src/cmsis/system_W7500x.o
                0x00000414                GetSystemClock
 .text.GetSourceClock
                0x00000420        0xc ./system/src/cmsis/system_W7500x.o
                0x00000420                GetSourceClock
 .text.SystemInit
                0x0000042c       0x6c ./system/src/cmsis/system_W7500x.o
                0x0000042c                SystemInit
 .text.SystemCoreClockUpdate_User
                0x00000498       0x9c ./system/src/cmsis/system_W7500x.o
                0x00000498                SystemCoreClockUpdate_User
 .text.SystemInit_User
                0x00000534       0x28 ./system/src/cmsis/system_W7500x.o
                0x00000534                SystemInit_User
 .text.GPIO_Init
                0x0000055c       0xd0 ./system/src/W7500x/W7500x_gpio.o
                0x0000055c                GPIO_Init
 .text.GPIO_StructInit
                0x0000062c       0x14 ./system/src/W7500x/W7500x_gpio.o
                0x0000062c                GPIO_StructInit
 .text.GPIO_ReadInputDataBit
                0x00000640        0xc ./system/src/W7500x/W7500x_gpio.o
                0x00000640                GPIO_ReadInputDataBit
 .text.GPIO_SetBits
                0x0000064c       0x18 ./system/src/W7500x/W7500x_gpio.o
                0x0000064c                GPIO_SetBits
 .text.GPIO_ResetBits
                0x00000664       0x1c ./system/src/W7500x/W7500x_gpio.o
                0x00000664                GPIO_ResetBits
 .text.PAD_AFConfig
                0x00000680       0x64 ./system/src/W7500x/W7500x_gpio.o
                0x00000680                PAD_AFConfig
 .text.GPIO_Configuration
                0x000006e4       0x58 ./system/src/W7500x/W7500x_gpio.o
                0x000006e4                GPIO_Configuration
 .text.S_UART_SetBaud
                0x0000073c       0x34 ./system/src/W7500x/W7500x_uart.o
                0x0000073c                S_UART_SetBaud
 .text.S_UART_Init
                0x00000770       0x18 ./system/src/W7500x/W7500x_uart.o
                0x00000770                S_UART_Init
 .text.S_UART_SendData
                0x00000788       0x14 ./system/src/W7500x/W7500x_uart.o
                0x00000788                S_UART_SendData
 .text.S_UART_ReceiveData
                0x0000079c        0xc ./system/src/W7500x/W7500x_uart.o
                0x0000079c                S_UART_ReceiveData
 .text.S_UartPutc
                0x000007a8        0xc ./system/src/W7500x/W7500x_uart.o
                0x000007a8                S_UartPutc
 .text.S_UartGetc
                0x000007b4       0x18 ./system/src/W7500x/W7500x_uart.o
                0x000007b4                S_UartGetc
 .text.WIZCHIP_READ
                0x000007cc        0x8 ./system/src/W7500x/W7500x_wztoe.o
                0x000007cc                WIZCHIP_READ
 .text.WIZCHIP_WRITE
                0x000007d4        0x4 ./system/src/W7500x/W7500x_wztoe.o
                0x000007d4                WIZCHIP_WRITE
 .text.WIZCHIP_READ_BUF
                0x000007d8       0x1c ./system/src/W7500x/W7500x_wztoe.o
                0x000007d8                WIZCHIP_READ_BUF
 .text.WIZCHIP_WRITE_BUF
                0x000007f4       0x1c ./system/src/W7500x/W7500x_wztoe.o
                0x000007f4                WIZCHIP_WRITE_BUF
 .text.wiz_send_data
                0x00000810       0x38 ./system/src/W7500x/W7500x_wztoe.o
                0x00000810                wiz_send_data
 .text.wiz_recv_data
                0x00000848       0x38 ./system/src/W7500x/W7500x_wztoe.o
                0x00000848                wiz_recv_data
 .text.wiz_recv_ignore
                0x00000880       0x30 ./system/src/W7500x/W7500x_wztoe.o
                0x00000880                wiz_recv_ignore
 .text.output_MDIO
                0x000008b0       0x5c ./src/ioLibrary/MDIO/W7500x_miim.o
                0x000008b0                output_MDIO
 .text.input_MDIO
                0x0000090c       0x48 ./src/ioLibrary/MDIO/W7500x_miim.o
                0x0000090c                input_MDIO
 .text.turnaround_MDIO
                0x00000954       0x38 ./src/ioLibrary/MDIO/W7500x_miim.o
                0x00000954                turnaround_MDIO
 .text.idle_MDIO
                0x0000098c       0x30 ./src/ioLibrary/MDIO/W7500x_miim.o
                0x0000098c                idle_MDIO
 .text.phy_id   0x000009bc       0x70 ./src/ioLibrary/MDIO/W7500x_miim.o
                0x000009bc                phy_id
 .text.mdio_init
                0x00000a2c       0x58 ./src/ioLibrary/MDIO/W7500x_miim.o
                0x00000a2c                mdio_init
 .text.default_ip_assign
                0x00000a84       0xa8 ./src/ioLibrary/Internet/DHCP/dhcp.o
                0x00000a84                default_ip_assign
 .text.default_ip_update
                0x00000b2c       0x6c ./src/ioLibrary/Internet/DHCP/dhcp.o
                0x00000b2c                default_ip_update
 .text.default_ip_conflict
                0x00000b98       0x68 ./src/ioLibrary/Internet/DHCP/dhcp.o
                0x00000b98                default_ip_conflict
 .text.reg_dhcp_cbfunc
                0x00000c00       0x48 ./src/ioLibrary/Internet/DHCP/dhcp.o
                0x00000c00                reg_dhcp_cbfunc
 .text.makeDHCPMSG
                0x00000c48       0xd8 ./src/ioLibrary/Internet/DHCP/dhcp.o
                0x00000c48                makeDHCPMSG
 .text.send_DHCP_DISCOVER
                0x00000d20      0x15c ./src/ioLibrary/Internet/DHCP/dhcp.o
                0x00000d20                send_DHCP_DISCOVER
 .text.send_DHCP_REQUEST
                0x00000e7c      0x220 ./src/ioLibrary/Internet/DHCP/dhcp.o
                0x00000e7c                send_DHCP_REQUEST
 .text.send_DHCP_DECLINE
                0x0000109c      0x104 ./src/ioLibrary/Internet/DHCP/dhcp.o
                0x0000109c                send_DHCP_DECLINE
 .text.parseDHCPMSG
                0x000011a0      0x180 ./src/ioLibrary/Internet/DHCP/dhcp.o
                0x000011a0                parseDHCPMSG
 .text.DHCP_stop
                0x00001320       0x1c ./src/ioLibrary/Internet/DHCP/dhcp.o
                0x00001320                DHCP_stop
 .text.check_DHCP_leasedIP
                0x0000133c       0x6c ./src/ioLibrary/Internet/DHCP/dhcp.o
                0x0000133c                check_DHCP_leasedIP
 .text.reset_DHCP_timeout
                0x000013a8       0x20 ./src/ioLibrary/Internet/DHCP/dhcp.o
                0x000013a8                reset_DHCP_timeout
 .text.check_DHCP_timeout
                0x000013c8       0x98 ./src/ioLibrary/Internet/DHCP/dhcp.o
                0x000013c8                check_DHCP_timeout
 .text.DHCP_run
                0x00001460      0x1d0 ./src/ioLibrary/Internet/DHCP/dhcp.o
                0x00001460                DHCP_run
 .text.DHCP_init
                0x00001630      0x17c ./src/ioLibrary/Internet/DHCP/dhcp.o
                0x00001630                DHCP_init
 .text.DHCP_time_handler
                0x000017ac       0x10 ./src/ioLibrary/Internet/DHCP/dhcp.o
                0x000017ac                DHCP_time_handler
 .text.getIPfromDHCP
                0x000017bc       0x18 ./src/ioLibrary/Internet/DHCP/dhcp.o
                0x000017bc                getIPfromDHCP
 .text.getGWfromDHCP
                0x000017d4       0x18 ./src/ioLibrary/Internet/DHCP/dhcp.o
                0x000017d4                getGWfromDHCP
 .text.getSNfromDHCP
                0x000017ec       0x18 ./src/ioLibrary/Internet/DHCP/dhcp.o
                0x000017ec                getSNfromDHCP
 .text.getDNSfromDHCP
                0x00001804       0x18 ./src/ioLibrary/Internet/DHCP/dhcp.o
                0x00001804                getDNSfromDHCP
 .text.getDHCPLeasetime
                0x0000181c        0xc ./src/ioLibrary/Internet/DHCP/dhcp.o
                0x0000181c                getDHCPLeasetime
 .text.close    0x00001828       0x74 ./src/ioLibrary/Ethernet/socket.o
                0x00001828                close
 .text.socket   0x0000189c      0x118 ./src/ioLibrary/Ethernet/socket.o
                0x0000189c                socket
 .text.listen   0x000019b4       0x74 ./src/ioLibrary/Ethernet/socket.o
                0x000019b4                listen
 .text.disconnect
                0x00001a28       0x94 ./src/ioLibrary/Ethernet/socket.o
                0x00001a28                disconnect
 .text.send     0x00001abc      0x148 ./src/ioLibrary/Ethernet/socket.o
                0x00001abc                send
 .text.recv     0x00001c04      0x108 ./src/ioLibrary/Ethernet/socket.o
                0x00001c04                recv
 .text.sendto   0x00001d0c      0x18c ./src/ioLibrary/Ethernet/socket.o
                0x00001d0c                sendto
 .text.recvfrom
                0x00001e98      0x204 ./src/ioLibrary/Ethernet/socket.o
                0x00001e98                recvfrom
 .text.wizchip_sw_reset
                0x0000209c      0x1b0 ./src/ioLibrary/Ethernet/wizchip_conf.o
                0x0000209c                wizchip_sw_reset
 .text.wizchip_init
                0x0000224c       0xa0 ./src/ioLibrary/Ethernet/wizchip_conf.o
                0x0000224c                wizchip_init
 .text.wizchip_setnetinfo
                0x000022ec      0x100 ./src/ioLibrary/Ethernet/wizchip_conf.o
                0x000022ec                wizchip_setnetinfo
 .text.wizchip_getnetinfo
                0x000023ec      0x100 ./src/ioLibrary/Ethernet/wizchip_conf.o
                0x000023ec                wizchip_getnetinfo
 .text.wizchip_setnetmode
                0x000024ec       0x2c ./src/ioLibrary/Ethernet/wizchip_conf.o
                0x000024ec                wizchip_setnetmode
 .text.wizchip_getnetmode
                0x00002518       0x10 ./src/ioLibrary/Ethernet/wizchip_conf.o
                0x00002518                wizchip_getnetmode
 .text.wizchip_settimeout
                0x00002528       0x1c ./src/ioLibrary/Ethernet/wizchip_conf.o
                0x00002528                wizchip_settimeout
 .text.wizchip_gettimeout
                0x00002544       0x1c ./src/ioLibrary/Ethernet/wizchip_conf.o
                0x00002544                wizchip_gettimeout
 .text.ctlnetwork
                0x00002560       0x54 ./src/ioLibrary/Ethernet/wizchip_conf.o
                0x00002560                ctlnetwork
 .text.device_set_factory_default
                0x000025b4        0xc ./src/PlatformHandler/deviceHandler.o
                0x000025b4                device_set_factory_default
 .text.device_socket_termination
                0x000025c0       0x2c ./src/PlatformHandler/deviceHandler.o
                0x000025c0                device_socket_termination
 .text.device_reboot
                0x000025ec       0x20 ./src/PlatformHandler/deviceHandler.o
                0x000025ec                device_reboot
 .text.get_firmware_from_network
                0x0000260c      0x160 ./src/PlatformHandler/deviceHandler.o
                0x0000260c                get_firmware_from_network
 .text.device_timer_msec
                0x0000276c       0xa0 ./src/PlatformHandler/deviceHandler.o
                0x0000276c                device_timer_msec
 .text.reset_fw_update_timer
                0x0000280c       0x38 ./src/PlatformHandler/deviceHandler.o
                0x0000280c                reset_fw_update_timer
 .text.device_firmware_update
                0x00002844      0x284 ./src/PlatformHandler/deviceHandler.o
                0x00002844                device_firmware_update
 .text.read_flash
                0x00002ac8       0x18 ./src/PlatformHandler/flashHandler.o
                0x00002ac8                read_flash
 .text.DO_IAP   0x00002ae0       0x20 ./src/PlatformHandler/flashHandler.o
                0x00002ae0                DO_IAP
 .text.erase_flash_sector
                0x00002b00       0x4c ./src/PlatformHandler/flashHandler.o
                0x00002b00                erase_flash_sector
 .text.erase_flash_block
                0x00002b4c       0x1c ./src/PlatformHandler/flashHandler.o
                0x00002b4c                erase_flash_block
 .text.write_flash
                0x00002b68       0x60 ./src/PlatformHandler/flashHandler.o
                0x00002b68                write_flash
 .text.read_storage
                0x00002bc8       0x58 ./src/PlatformHandler/storageHandler.o
                0x00002bc8                read_storage
 .text.erase_storage
                0x00002c20       0x70 ./src/PlatformHandler/storageHandler.o
                0x00002c20                erase_storage
 .text.write_storage
                0x00002c90       0x68 ./src/PlatformHandler/storageHandler.o
                0x00002c90                write_storage
 .text.Time_Counter_Configuration
                0x00002cf8        0xc ./src/PlatformHandler/timerHandler.o
                0x00002cf8                Time_Counter_Configuration
 .text.Timer_IRQ_Handler
                0x00002d04       0x98 ./src/PlatformHandler/timerHandler.o
                0x00002d04                Timer_IRQ_Handler
 .text.Time_Counter
                0x00002d9c       0x20 ./src/PlatformHandler/timerHandler.o
                0x00002d9c                Time_Counter
 .text.set_phylink_time_check
                0x00002dbc        0x4 ./src/PlatformHandler/timerHandler.o
                0x00002dbc                set_phylink_time_check
 .text.UART2_Configuration
                0x00002dc0        0xc ./src/PlatformHandler/uartHandler.o
                0x00002dc0                UART2_Configuration
 .text.parse_SEGCP
                0x00002dcc       0x98 ./src/Configuration/segcp.o
                0x00002dcc                parse_SEGCP
 .text.proc_SEGCP
                0x00002e64      0xc24 ./src/Configuration/segcp.o
                0x00002e64                proc_SEGCP
 .text.proc_SEGCP_udp
                0x00003a88      0x1ac ./src/Configuration/segcp.o
                0x00003a88                proc_SEGCP_udp
 .text.do_segcp
                0x00003c34       0x90 ./src/Configuration/segcp.o
                0x00003c34                do_segcp
 .text.segcp_timer_msec
                0x00003cc4       0x54 ./src/Configuration/segcp.o
                0x00003cc4                segcp_timer_msec
 .text.is_ipaddr
                0x00003d18       0xc4 ./src/Configuration/util.o
                0x00003d18                is_ipaddr
 .text.is_hexstr
                0x00003ddc       0x34 ./src/Configuration/util.o
                0x00003ddc                is_hexstr
 .text.is_hex   0x00003e10       0x38 ./src/Configuration/util.o
                0x00003e10                is_hex
 .text.str_to_hex
                0x00003e48       0x64 ./src/Configuration/util.o
                0x00003e48                str_to_hex
 .text.is_macaddr
                0x00003eac       0x84 ./src/Configuration/util.o
                0x00003eac                is_macaddr
 .text.w7500x_dhcp_assign
                0x00003f30       0x90 ./src/Callback/dhcp_cb.o
                0x00003f30                w7500x_dhcp_assign
 .text.w7500x_dhcp_conflict
                0x00003fc0        0x4 ./src/Callback/dhcp_cb.o
                0x00003fc0                w7500x_dhcp_conflict
 .text.get_DevConfig_pointer
                0x00003fc4        0x8 ./src/ConfigData.o
                0x00003fc4                get_DevConfig_pointer
 .text.set_DevConfig_to_factory_value
                0x00003fcc      0x208 ./src/ConfigData.o
                0x00003fcc                set_DevConfig_to_factory_value
 .text.load_DevConfig_from_storage
                0x000041d4       0x74 ./src/ConfigData.o
                0x000041d4                load_DevConfig_from_storage
 .text.save_DevConfig_to_storage
                0x00004248       0x14 ./src/ConfigData.o
                0x00004248                save_DevConfig_to_storage
 .text.get_DevConfig_value
                0x0000425c        0x8 ./src/ConfigData.o
                0x0000425c                get_DevConfig_value
 .text.set_DevConfig_value
                0x00004264        0x8 ./src/ConfigData.o
                0x00004264                set_DevConfig_value
 .text.display_Net_Info
                0x0000426c      0x130 ./src/ConfigData.o
                0x0000426c                display_Net_Info
 .text.Net_Conf
                0x0000439c       0x70 ./src/ConfigData.o
                0x0000439c                Net_Conf
 .text.PHY_Init
                0x0000440c       0x34 ./src/W7500x_board.o
 .text.Supervisory_IC_Init
                0x00004440       0x14 ./src/W7500x_board.o
                0x00004440                Supervisory_IC_Init
 .text.init_phylink_in_pin
                0x00004454       0x14 ./src/W7500x_board.o
                0x00004454                init_phylink_in_pin
 .text.init_hw_trig_pin
                0x00004468       0x18 ./src/W7500x_board.o
                0x00004468                init_hw_trig_pin
 .text.get_hw_trig_pin
                0x00004480       0x2c ./src/W7500x_board.o
                0x00004480                get_hw_trig_pin
 .text.init_uart_if_sel_pin
                0x000044ac       0x14 ./src/W7500x_board.o
                0x000044ac                init_uart_if_sel_pin
 .text.get_uart_if_sel_pin
                0x000044c0       0x10 ./src/W7500x_board.o
                0x000044c0                get_uart_if_sel_pin
 .text.init_boot_entry_pin
                0x000044d0       0x1c ./src/W7500x_board.o
                0x000044d0                init_boot_entry_pin
 .text.get_boot_entry_pin
                0x000044ec       0x10 ./src/W7500x_board.o
                0x000044ec                get_boot_entry_pin
 .text.LED_Init
                0x000044fc       0x50 ./src/W7500x_board.o
                0x000044fc                LED_Init
 .text.W7500x_Board_Init
                0x0000454c       0x30 ./src/W7500x_board.o
                0x0000454c                W7500x_Board_Init
 .text.LED_On   0x0000457c       0x24 ./src/W7500x_board.o
                0x0000457c                LED_On
 .text.LED_Toggle
                0x000045a0       0x20 ./src/W7500x_board.o
                0x000045a0                LED_Toggle
 .text.NMI_Handler
                0x000045c0        0x4 ./src/W7500x_it.o
                0x000045c0                NMI_Handler
 .text.HardFault_Handler
                0x000045c4        0x4 ./src/W7500x_it.o
                0x000045c4                HardFault_Handler
 .text.SVC_Handler
                0x000045c8        0x4 ./src/W7500x_it.o
                0x000045c8                SVC_Handler
 .text.PendSV_Handler
                0x000045cc        0x4 ./src/W7500x_it.o
                0x000045cc                PendSV_Handler
 .text.SysTick_Handler
                0x000045d0        0x4 ./src/W7500x_it.o
                0x000045d0                SysTick_Handler
 .text.SSP0_Handler
                0x000045d4        0x4 ./src/W7500x_it.o
                0x000045d4                SSP0_Handler
 .text.SSP1_Handler
                0x000045d8        0x4 ./src/W7500x_it.o
                0x000045d8                SSP1_Handler
 .text.UART0_Handler
                0x000045dc        0x4 ./src/W7500x_it.o
                0x000045dc                UART0_Handler
 .text.UART1_Handler
                0x000045e0        0x4 ./src/W7500x_it.o
                0x000045e0                UART1_Handler
 .text.UART2_Handler
                0x000045e4        0x4 ./src/W7500x_it.o
                0x000045e4                UART2_Handler
 .text.I2C0_Handler
                0x000045e8        0x4 ./src/W7500x_it.o
                0x000045e8                I2C0_Handler
 .text.I2C1_Handler
                0x000045ec        0x4 ./src/W7500x_it.o
                0x000045ec                I2C1_Handler
 .text.PORT0_Handler
                0x000045f0        0x4 ./src/W7500x_it.o
                0x000045f0                PORT0_Handler
 .text.PORT1_Handler
                0x000045f4        0x4 ./src/W7500x_it.o
                0x000045f4                PORT1_Handler
 .text.PORT2_Handler
                0x000045f8        0x4 ./src/W7500x_it.o
                0x000045f8                PORT2_Handler
 .text.PORT3_Handler
                0x000045fc        0x4 ./src/W7500x_it.o
                0x000045fc                PORT3_Handler
 .text.DMA_Handler
                0x00004600        0x4 ./src/W7500x_it.o
                0x00004600                DMA_Handler
 .text.DUALTIMER0_Handler
                0x00004604        0x4 ./src/W7500x_it.o
                0x00004604                DUALTIMER0_Handler
 .text.DUALTIMER1_Handler
                0x00004608        0x4 ./src/W7500x_it.o
                0x00004608                DUALTIMER1_Handler
 .text.PWM0_Handler
                0x0000460c        0x4 ./src/W7500x_it.o
                0x0000460c                PWM0_Handler
 .text.PWM1_Handler
                0x00004610        0x4 ./src/W7500x_it.o
                0x00004610                PWM1_Handler
 .text.PWM2_Handler
                0x00004614        0x4 ./src/W7500x_it.o
                0x00004614                PWM2_Handler
 .text.PWM3_Handler
                0x00004618        0x4 ./src/W7500x_it.o
                0x00004618                PWM3_Handler
 .text.PWM4_Handler
                0x0000461c        0x4 ./src/W7500x_it.o
                0x0000461c                PWM4_Handler
 .text.PWM5_Handler
                0x00004620        0x4 ./src/W7500x_it.o
                0x00004620                PWM5_Handler
 .text.PWM6_Handler
                0x00004624        0x4 ./src/W7500x_it.o
                0x00004624                PWM6_Handler
 .text.PWM7_Handler
                0x00004628        0x4 ./src/W7500x_it.o
                0x00004628                PWM7_Handler
 .text.ADC_Handler
                0x0000462c        0x4 ./src/W7500x_it.o
                0x0000462c                ADC_Handler
 .text.WZTOE_Handler
                0x00004630        0x4 ./src/W7500x_it.o
                0x00004630                WZTOE_Handler
 .text.EXTI_Handler
                0x00004634        0x4 ./src/W7500x_it.o
                0x00004634                EXTI_Handler
 .text.W7500x_Init
                0x00004638       0x20 ./src/main.o
 .text.W7500x_WZTOE_Init
                0x00004658       0x54 ./src/main.o
 .text.application_jump
                0x000046ac       0x10 ./src/main.o
                0x000046ac                application_jump
 .text.process_dhcp
                0x000046bc       0x4c ./src/main.o
                0x000046bc                process_dhcp
 .text.display_Dev_Info_header
                0x00004708       0x60 ./src/main.o
                0x00004708                display_Dev_Info_header
 .text.display_Dev_Info_dhcp
                0x00004768       0x38 ./src/main.o
                0x00004768                display_Dev_Info_dhcp
 .text.check_mac_address
                0x000047a0       0xfc ./src/main.o
                0x000047a0                check_mac_address
 .text.Copy_Interrupt_VectorTable
                0x0000489c       0x58 ./src/main.o
                0x0000489c                Copy_Interrupt_VectorTable
 .text.main     0x000048f4      0x130 ./src/main.o
                0x000048f4                main
 .text.delay    0x00004a24       0x2c ./src/main.o
                0x00004a24                delay
 .text._write   0x00004a50       0x1c ./src/retarget.o
                0x00004a50                _write
 .text          0x00004a6c       0x9c c:/program files (x86)/gnu tools arm embedded/4.8 2014q1/bin/../lib/gcc/arm-none-eabi/4.8.3/armv6-m\libgcc.a(_udivsi3.o)
                0x00004a6c                __aeabi_uidiv
                0x00004a6c                __udivsi3
                0x00004af4                __aeabi_uidivmod
 .text          0x00004b08        0x4 c:/program files (x86)/gnu tools arm embedded/4.8 2014q1/bin/../lib/gcc/arm-none-eabi/4.8.3/armv6-m\libgcc.a(_dvmd_tls.o)
                0x00004b08                __aeabi_idiv0
                0x00004b08                __aeabi_ldiv0
 .text.atoi     0x00004b0c        0xc c:/program files (x86)/gnu tools arm embedded/4.8 2014q1/bin/../lib/gcc/arm-none-eabi/4.8.3/../../../../arm-none-eabi/lib/armv6-m\libg_s.a(lib_a-atoi.o)
                0x00004b0c                atoi
 .text.__errno  0x00004b18        0xc c:/program files (x86)/gnu tools arm embedded/4.8 2014q1/bin/../lib/gcc/arm-none-eabi/4.8.3/../../../../arm-none-eabi/lib/armv6-m\libg_s.a(lib_a-errno.o)
                0x00004b18                __errno
 .text.memcmp   0x00004b24       0x1e c:/program files (x86)/gnu tools arm embedded/4.8 2014q1/bin/../lib/gcc/arm-none-eabi/4.8.3/../../../../arm-none-eabi/lib/armv6-m\libg_s.a(lib_a-memcmp.o)
                0x00004b24                memcmp
 .text.memcpy   0x00004b42       0x12 c:/program files (x86)/gnu tools arm embedded/4.8 2014q1/bin/../lib/gcc/arm-none-eabi/4.8.3/../../../../arm-none-eabi/lib/armv6-m\libg_s.a(lib_a-memcpy-stub.o)
                0x00004b42                memcpy
 .text.memset   0x00004b54       0x10 c:/program files (x86)/gnu tools arm embedded/4.8 2014q1/bin/../lib/gcc/arm-none-eabi/4.8.3/../../../../arm-none-eabi/lib/armv6-m\libg_s.a(lib_a-memset.o)
                0x00004b54                memset
 .text.printf   0x00004b64       0x34 c:/program files (x86)/gnu tools arm embedded/4.8 2014q1/bin/../lib/gcc/arm-none-eabi/4.8.3/../../../../arm-none-eabi/lib/armv6-m\libg_s.a(lib_a-printf.o)
                0x00004b64                iprintf
                0x00004b64                printf
 .text._puts_r  0x00004b98       0xc2 c:/program files (x86)/gnu tools arm embedded/4.8 2014q1/bin/../lib/gcc/arm-none-eabi/4.8.3/../../../../arm-none-eabi/lib/armv6-m\libg_s.a(lib_a-puts.o)
                0x00004b98                _puts_r
 *fill*         0x00004c5a        0x2 
 .text.puts     0x00004c5c       0x14 c:/program files (x86)/gnu tools arm embedded/4.8 2014q1/bin/../lib/gcc/arm-none-eabi/4.8.3/../../../../arm-none-eabi/lib/armv6-m\libg_s.a(lib_a-puts.o)
                0x00004c5c                puts
 .text.sprintf  0x00004c70       0x44 c:/program files (x86)/gnu tools arm embedded/4.8 2014q1/bin/../lib/gcc/arm-none-eabi/4.8.3/../../../../arm-none-eabi/lib/armv6-m\libg_s.a(lib_a-sprintf.o)
                0x00004c70                siprintf
                0x00004c70                sprintf
 .text.sscanf   0x00004cb4       0x50 c:/program files (x86)/gnu tools arm embedded/4.8 2014q1/bin/../lib/gcc/arm-none-eabi/4.8.3/../../../../arm-none-eabi/lib/armv6-m\libg_s.a(lib_a-sscanf.o)
                0x00004cb4                siscanf
                0x00004cb4                sscanf
 .text.__sread  0x00004d04       0x28 c:/program files (x86)/gnu tools arm embedded/4.8 2014q1/bin/../lib/gcc/arm-none-eabi/4.8.3/../../../../arm-none-eabi/lib/armv6-m\libg_s.a(lib_a-stdio.o)
                0x00004d04                __sread
 .text.__seofread
                0x00004d2c        0x4 c:/program files (x86)/gnu tools arm embedded/4.8 2014q1/bin/../lib/gcc/arm-none-eabi/4.8.3/../../../../arm-none-eabi/lib/armv6-m\libg_s.a(lib_a-stdio.o)
                0x00004d2c                __seofread
 .text.__swrite
                0x00004d30       0x38 c:/program files (x86)/gnu tools arm embedded/4.8 2014q1/bin/../lib/gcc/arm-none-eabi/4.8.3/../../../../arm-none-eabi/lib/armv6-m\libg_s.a(lib_a-stdio.o)
                0x00004d30                __swrite
 .text.__sseek  0x00004d68       0x2c c:/program files (x86)/gnu tools arm embedded/4.8 2014q1/bin/../lib/gcc/arm-none-eabi/4.8.3/../../../../arm-none-eabi/lib/armv6-m\libg_s.a(lib_a-stdio.o)
                0x00004d68                __sseek
 .text.__sclose
                0x00004d94        0xc c:/program files (x86)/gnu tools arm embedded/4.8 2014q1/bin/../lib/gcc/arm-none-eabi/4.8.3/../../../../arm-none-eabi/lib/armv6-m\libg_s.a(lib_a-stdio.o)
                0x00004d94                __sclose
 .text.strchr   0x00004da0       0x18 c:/program files (x86)/gnu tools arm embedded/4.8 2014q1/bin/../lib/gcc/arm-none-eabi/4.8.3/../../../../arm-none-eabi/lib/armv6-m\libg_s.a(lib_a-strchr.o)
                0x00004da0                strchr
 .text          0x00004db8       0x14 c:/program files (x86)/gnu tools arm embedded/4.8 2014q1/bin/../lib/gcc/arm-none-eabi/4.8.3/../../../../arm-none-eabi/lib/armv6-m\libg_s.a(lib_a-strcmp.o)
                0x00004db8                strcmp
 .text.strcpy   0x00004dcc       0x10 c:/program files (x86)/gnu tools arm embedded/4.8 2014q1/bin/../lib/gcc/arm-none-eabi/4.8.3/../../../../arm-none-eabi/lib/armv6-m\libg_s.a(lib_a-strcpy.o)
                0x00004dcc                strcpy
 .text.strlen   0x00004ddc        0xe c:/program files (x86)/gnu tools arm embedded/4.8 2014q1/bin/../lib/gcc/arm-none-eabi/4.8.3/../../../../arm-none-eabi/lib/armv6-m\libg_s.a(lib_a-strlen.o)
                0x00004ddc                strlen
 .text.strncmp  0x00004dea       0x2c c:/program files (x86)/gnu tools arm embedded/4.8 2014q1/bin/../lib/gcc/arm-none-eabi/4.8.3/../../../../arm-none-eabi/lib/armv6-m\libg_s.a(lib_a-strncmp.o)
                0x00004dea                strncmp
 *fill*         0x00004e16        0x2 
 .text.strtok   0x00004e18       0x64 c:/program files (x86)/gnu tools arm embedded/4.8 2014q1/bin/../lib/gcc/arm-none-eabi/4.8.3/../../../../arm-none-eabi/lib/armv6-m\libg_s.a(lib_a-strtok.o)
                0x00004e18                strtok
 .text.__strtok_r
                0x00004e7c       0x5c c:/program files (x86)/gnu tools arm embedded/4.8 2014q1/bin/../lib/gcc/arm-none-eabi/4.8.3/../../../../arm-none-eabi/lib/armv6-m\libg_s.a(lib_a-strtok_r.o)
                0x00004e7c                __strtok_r
 .text._strtol_r
                0x00004ed8      0x114 c:/program files (x86)/gnu tools arm embedded/4.8 2014q1/bin/../lib/gcc/arm-none-eabi/4.8.3/../../../../arm-none-eabi/lib/armv6-m\libg_s.a(lib_a-strtol.o)
                0x00004ed8                _strtol_r
 .text.strtol   0x00004fec       0x1c c:/program files (x86)/gnu tools arm embedded/4.8 2014q1/bin/../lib/gcc/arm-none-eabi/4.8.3/../../../../arm-none-eabi/lib/armv6-m\libg_s.a(lib_a-strtol.o)
                0x00004fec                strtol
 .text.__ssputs_r
                0x00005008       0xc0 c:/program files (x86)/gnu tools arm embedded/4.8 2014q1/bin/../lib/gcc/arm-none-eabi/4.8.3/../../../../arm-none-eabi/lib/armv6-m\libg_s.a(lib_a-svfprintf.o)
                0x00005008                __ssputs_r
 .text._svfprintf_r
                0x000050c8      0x1e0 c:/program files (x86)/gnu tools arm embedded/4.8 2014q1/bin/../lib/gcc/arm-none-eabi/4.8.3/../../../../arm-none-eabi/lib/armv6-m\libg_s.a(lib_a-svfprintf.o)
                0x000050c8                _svfiprintf_r
                0x000050c8                _svfprintf_r
 .text._sungetc_r
                0x000052a8       0x7a c:/program files (x86)/gnu tools arm embedded/4.8 2014q1/bin/../lib/gcc/arm-none-eabi/4.8.3/../../../../arm-none-eabi/lib/armv6-m\libg_s.a(lib_a-svfscanf.o)
                0x000052a8                _sungetc_r
 .text.__ssrefill_r
                0x00005322       0x3e c:/program files (x86)/gnu tools arm embedded/4.8 2014q1/bin/../lib/gcc/arm-none-eabi/4.8.3/../../../../arm-none-eabi/lib/armv6-m\libg_s.a(lib_a-svfscanf.o)
                0x00005322                __ssrefill_r
 .text.__ssvfscanf_r
                0x00005360      0x2b0 c:/program files (x86)/gnu tools arm embedded/4.8 2014q1/bin/../lib/gcc/arm-none-eabi/4.8.3/../../../../arm-none-eabi/lib/armv6-m\libg_s.a(lib_a-svfscanf.o)
                0x00005360                __ssvfiscanf_r
                0x00005360                __ssvfscanf_r
 .text.__submore
                0x00005610       0x7c c:/program files (x86)/gnu tools arm embedded/4.8 2014q1/bin/../lib/gcc/arm-none-eabi/4.8.3/../../../../arm-none-eabi/lib/armv6-m\libg_s.a(lib_a-ungetc.o)
                0x00005610                __submore
 .text.__sfputc_r
                0x0000568c       0x2a c:/program files (x86)/gnu tools arm embedded/4.8 2014q1/bin/../lib/gcc/arm-none-eabi/4.8.3/../../../../arm-none-eabi/lib/armv6-m\libg_s.a(lib_a-vfprintf.o)
 .text.__sfputs_r
                0x000056b6       0x24 c:/program files (x86)/gnu tools arm embedded/4.8 2014q1/bin/../lib/gcc/arm-none-eabi/4.8.3/../../../../arm-none-eabi/lib/armv6-m\libg_s.a(lib_a-vfprintf.o)
                0x000056b6                __sfputs_r
 *fill*         0x000056da        0x2 
 .text._vfprintf_r
                0x000056dc      0x210 c:/program files (x86)/gnu tools arm embedded/4.8 2014q1/bin/../lib/gcc/arm-none-eabi/4.8.3/../../../../arm-none-eabi/lib/armv6-m\libg_s.a(lib_a-vfprintf.o)
                0x000056dc                _vfprintf_r
                0x000056dc                _vfiprintf_r
 .text._printf_common
                0x000058ec       0xe8 c:/program files (x86)/gnu tools arm embedded/4.8 2014q1/bin/../lib/gcc/arm-none-eabi/4.8.3/../../../../arm-none-eabi/lib/armv6-m\libg_s.a(lib_a-vfprintf_i.o)
                0x000058ec                _printf_common
 .text._printf_i
                0x000059d4      0x22c c:/program files (x86)/gnu tools arm embedded/4.8 2014q1/bin/../lib/gcc/arm-none-eabi/4.8.3/../../../../arm-none-eabi/lib/armv6-m\libg_s.a(lib_a-vfprintf_i.o)
                0x000059d4                _printf_i
 .text._scanf_chars
                0x00005c00       0xc8 c:/program files (x86)/gnu tools arm embedded/4.8 2014q1/bin/../lib/gcc/arm-none-eabi/4.8.3/../../../../arm-none-eabi/lib/armv6-m\libg_s.a(lib_a-vfscanf_i.o)
                0x00005c00                _scanf_chars
 .text._scanf_i
                0x00005cc8      0x1fc c:/program files (x86)/gnu tools arm embedded/4.8 2014q1/bin/../lib/gcc/arm-none-eabi/4.8.3/../../../../arm-none-eabi/lib/armv6-m\libg_s.a(lib_a-vfscanf_i.o)
                0x00005cc8                _scanf_i
 .text._vsnprintf_r
                0x00005ec4       0x54 c:/program files (x86)/gnu tools arm embedded/4.8 2014q1/bin/../lib/gcc/arm-none-eabi/4.8.3/../../../../arm-none-eabi/lib/armv6-m\libg_s.a(lib_a-vsnprintf.o)
                0x00005ec4                _vsniprintf_r
                0x00005ec4                _vsnprintf_r
 .text.vsnprintf
                0x00005f18       0x20 c:/program files (x86)/gnu tools arm embedded/4.8 2014q1/bin/../lib/gcc/arm-none-eabi/4.8.3/../../../../arm-none-eabi/lib/armv6-m\libg_s.a(lib_a-vsnprintf.o)
                0x00005f18                vsniprintf
                0x00005f18                vsnprintf
 .text.__swbuf_r
                0x00005f38       0xb0 c:/program files (x86)/gnu tools arm embedded/4.8 2014q1/bin/../lib/gcc/arm-none-eabi/4.8.3/../../../../arm-none-eabi/lib/armv6-m\libg_s.a(lib_a-wbuf.o)
                0x00005f38                __swbuf_r
 .text._write_r
                0x00005fe8       0x28 c:/program files (x86)/gnu tools arm embedded/4.8 2014q1/bin/../lib/gcc/arm-none-eabi/4.8.3/../../../../arm-none-eabi/lib/armv6-m\libg_s.a(lib_a-writer.o)
                0x00005fe8                _write_r
 .text.__swsetup_r
                0x00006010       0xe4 c:/program files (x86)/gnu tools arm embedded/4.8 2014q1/bin/../lib/gcc/arm-none-eabi/4.8.3/../../../../arm-none-eabi/lib/armv6-m\libg_s.a(lib_a-wsetup.o)
                0x00006010                __swsetup_r
 .text._close_r
                0x000060f4       0x24 c:/program files (x86)/gnu tools arm embedded/4.8 2014q1/bin/../lib/gcc/arm-none-eabi/4.8.3/../../../../arm-none-eabi/lib/armv6-m\libg_s.a(lib_a-closer.o)
                0x000060f4                _close_r
 .text.__sflush_r
                0x00006118      0x112 c:/program files (x86)/gnu tools arm embedded/4.8 2014q1/bin/../lib/gcc/arm-none-eabi/4.8.3/../../../../arm-none-eabi/lib/armv6-m\libg_s.a(lib_a-fflush.o)
                0x00006118                __sflush_r
 *fill*         0x0000622a        0x2 
 .text._fflush_r
                0x0000622c       0x58 c:/program files (x86)/gnu tools arm embedded/4.8 2014q1/bin/../lib/gcc/arm-none-eabi/4.8.3/../../../../arm-none-eabi/lib/armv6-m\libg_s.a(lib_a-fflush.o)
                0x0000622c                _fflush_r
 .text._cleanup_r
                0x00006284       0x34 c:/program files (x86)/gnu tools arm embedded/4.8 2014q1/bin/../lib/gcc/arm-none-eabi/4.8.3/../../../../arm-none-eabi/lib/armv6-m\libg_s.a(lib_a-findfp.o)
                0x00006284                _cleanup_r
 .text.std.isra.0
                0x000062b8       0x48 c:/program files (x86)/gnu tools arm embedded/4.8 2014q1/bin/../lib/gcc/arm-none-eabi/4.8.3/../../../../arm-none-eabi/lib/armv6-m\libg_s.a(lib_a-findfp.o)
 .text.__sfmoreglue
                0x00006300       0x2c c:/program files (x86)/gnu tools arm embedded/4.8 2014q1/bin/../lib/gcc/arm-none-eabi/4.8.3/../../../../arm-none-eabi/lib/armv6-m\libg_s.a(lib_a-findfp.o)
                0x00006300                __sfmoreglue
 .text.__sinit  0x0000632c       0x64 c:/program files (x86)/gnu tools arm embedded/4.8 2014q1/bin/../lib/gcc/arm-none-eabi/4.8.3/../../../../arm-none-eabi/lib/armv6-m\libg_s.a(lib_a-findfp.o)
                0x0000632c                __sinit
 .text.__sfp    0x00006390       0x7c c:/program files (x86)/gnu tools arm embedded/4.8 2014q1/bin/../lib/gcc/arm-none-eabi/4.8.3/../../../../arm-none-eabi/lib/armv6-m\libg_s.a(lib_a-findfp.o)
                0x00006390                __sfp
 .text._lseek_r
                0x0000640c       0x28 c:/program files (x86)/gnu tools arm embedded/4.8 2014q1/bin/../lib/gcc/arm-none-eabi/4.8.3/../../../../arm-none-eabi/lib/armv6-m\libg_s.a(lib_a-lseekr.o)
                0x0000640c                _lseek_r
 .text.__smakebuf_r
                0x00006434       0xa0 c:/program files (x86)/gnu tools arm embedded/4.8 2014q1/bin/../lib/gcc/arm-none-eabi/4.8.3/../../../../arm-none-eabi/lib/armv6-m\libg_s.a(lib_a-makebuf.o)
                0x00006434                __smakebuf_r
 .text.malloc   0x000064d4       0x14 c:/program files (x86)/gnu tools arm embedded/4.8 2014q1/bin/../lib/gcc/arm-none-eabi/4.8.3/../../../../arm-none-eabi/lib/armv6-m\libg_s.a(lib_a-malloc.o)
                0x000064d4                malloc
 .text.memchr   0x000064e8       0x16 c:/program files (x86)/gnu tools arm embedded/4.8 2014q1/bin/../lib/gcc/arm-none-eabi/4.8.3/../../../../arm-none-eabi/lib/armv6-m\libg_s.a(lib_a-memchr-stub.o)
                0x000064e8                memchr
 .text.memmove  0x000064fe       0x32 c:/program files (x86)/gnu tools arm embedded/4.8 2014q1/bin/../lib/gcc/arm-none-eabi/4.8.3/../../../../arm-none-eabi/lib/armv6-m\libg_s.a(lib_a-memmove.o)
                0x000064fe                memmove
 .text._free_r  0x00006530       0x90 c:/program files (x86)/gnu tools arm embedded/4.8 2014q1/bin/../lib/gcc/arm-none-eabi/4.8.3/../../../../arm-none-eabi/lib/armv6-m\libg_s.a(lib_a-nano-freer.o)
                0x00006530                _free_r
 .text._malloc_r
                0x000065c0       0xa8 c:/program files (x86)/gnu tools arm embedded/4.8 2014q1/bin/../lib/gcc/arm-none-eabi/4.8.3/../../../../arm-none-eabi/lib/armv6-m\libg_s.a(lib_a-nano-mallocr.o)
                0x000065c0                _malloc_r
 .text._realloc_r
                0x00006668       0x4c c:/program files (x86)/gnu tools arm embedded/4.8 2014q1/bin/../lib/gcc/arm-none-eabi/4.8.3/../../../../arm-none-eabi/lib/armv6-m\libg_s.a(lib_a-nano-reallocr.o)
                0x00006668                _realloc_r
 .text._read_r  0x000066b4       0x28 c:/program files (x86)/gnu tools arm embedded/4.8 2014q1/bin/../lib/gcc/arm-none-eabi/4.8.3/../../../../arm-none-eabi/lib/armv6-m\libg_s.a(lib_a-readr.o)
                0x000066b4                _read_r
 .text._sbrk_r  0x000066dc       0x24 c:/program files (x86)/gnu tools arm embedded/4.8 2014q1/bin/../lib/gcc/arm-none-eabi/4.8.3/../../../../arm-none-eabi/lib/armv6-m\libg_s.a(lib_a-sbrkr.o)
                0x000066dc                _sbrk_r
 .text.__sccl   0x00006700       0x66 c:/program files (x86)/gnu tools arm embedded/4.8 2014q1/bin/../lib/gcc/arm-none-eabi/4.8.3/../../../../arm-none-eabi/lib/armv6-m\libg_s.a(lib_a-sccl.o)
                0x00006700                __sccl
 *fill*         0x00006766        0x2 
 .text._strtoul_r
                0x00006768       0xf8 c:/program files (x86)/gnu tools arm embedded/4.8 2014q1/bin/../lib/gcc/arm-none-eabi/4.8.3/../../../../arm-none-eabi/lib/armv6-m\libg_s.a(lib_a-strtoul.o)
                0x00006768                _strtoul_r
 .text._fstat_r
                0x00006860       0x24 c:/program files (x86)/gnu tools arm embedded/4.8 2014q1/bin/../lib/gcc/arm-none-eabi/4.8.3/../../../../arm-none-eabi/lib/armv6-m\libg_s.a(lib_a-fstatr.o)
                0x00006860                _fstat_r
 .text._isatty_r
                0x00006884       0x24 c:/program files (x86)/gnu tools arm embedded/4.8 2014q1/bin/../lib/gcc/arm-none-eabi/4.8.3/../../../../arm-none-eabi/lib/armv6-m\libg_s.a(lib_a-isattyr.o)
                0x00006884                _isatty_r
 .text._malloc_usable_size_r
                0x000068a8       0x12 c:/program files (x86)/gnu tools arm embedded/4.8 2014q1/bin/../lib/gcc/arm-none-eabi/4.8.3/../../../../arm-none-eabi/lib/armv6-m\libg_s.a(lib_a-nano-msizer.o)
                0x000068a8                _malloc_usable_size_r
 *(.rodata .rodata.* .constdata .constdata.*)
 *fill*         0x000068ba        0x2 
 .rodata.str1.4
                0x000068bc       0xbd ./system/src/cortexm/exception_handlers.o
                                 0xc0 (size before relaxing)
 *fill*         0x00006979        0x3 
 .rodata.str1.4
                0x0000697c       0x19 ./src/ioLibrary/MDIO/W7500x_miim.o
                                 0x1c (size before relaxing)
 *fill*         0x00006995        0x3 
 .rodata.DHCP_run
                0x00006998       0x14 ./src/ioLibrary/Internet/DHCP/dhcp.o
 .rodata.str1.4
                0x000069ac       0x12 ./src/ioLibrary/Internet/DHCP/dhcp.o
                                 0x14 (size before relaxing)
 *fill*         0x000069be        0x2 
 .rodata.ctlnetwork
                0x000069c0       0x18 ./src/ioLibrary/Ethernet/wizchip_conf.o
 .rodata.str1.4
                0x000069d8      0x181 ./src/PlatformHandler/deviceHandler.o
                                0x184 (size before relaxing)
 *fill*         0x00006b59        0x3 
 .rodata.str1.4
                0x00006b5c       0x17 ./src/PlatformHandler/uartHandler.o
                                 0x18 (size before relaxing)
 *fill*         0x00006b73        0x1 
 .rodata.proc_SEGCP
                0x00006b74      0x1b8 ./src/Configuration/segcp.o
 .rodata.str1.4
                0x00006d2c      0x22c ./src/Configuration/segcp.o
                                0x23c (size before relaxing)
 .rodata.str1.4
                0x00006f58      0x14e ./src/ConfigData.o
                                0x154 (size before relaxing)
 *fill*         0x000070a6        0x2 
 .rodata.LED_PIN
                0x000070a8        0x4 ./src/W7500x_board.o
                0x000070a8                LED_PIN
 .rodata        0x000070ac        0x8 ./src/main.o
 .rodata.str1.4
                0x000070b4       0xe8 ./src/main.o
                                 0xf4 (size before relaxing)
 .rodata._ctype_
                0x0000719c      0x101 c:/program files (x86)/gnu tools arm embedded/4.8 2014q1/bin/../lib/gcc/arm-none-eabi/4.8.3/../../../../arm-none-eabi/lib/armv6-m\libg_s.a(lib_a-ctype_.o)
                0x0000719c                _ctype_
 .rodata.str1.1
                0x0000729d        0x2 c:/program files (x86)/gnu tools arm embedded/4.8 2014q1/bin/../lib/gcc/arm-none-eabi/4.8.3/../../../../arm-none-eabi/lib/armv6-m\libg_s.a(lib_a-impure.o)
 *fill*         0x0000729f        0x1 
 .rodata._global_impure_ptr
                0x000072a0        0x4 c:/program files (x86)/gnu tools arm embedded/4.8 2014q1/bin/../lib/gcc/arm-none-eabi/4.8.3/../../../../arm-none-eabi/lib/armv6-m\libg_s.a(lib_a-impure.o)
                0x000072a0                _global_impure_ptr
 .rodata.str1.1
                0x000072a4       0x11 c:/program files (x86)/gnu tools arm embedded/4.8 2014q1/bin/../lib/gcc/arm-none-eabi/4.8.3/../../../../arm-none-eabi/lib/armv6-m\libg_s.a(lib_a-svfprintf.o)
 .rodata.str1.1
                0x00000000        0x4 c:/program files (x86)/gnu tools arm embedded/4.8 2014q1/bin/../lib/gcc/arm-none-eabi/4.8.3/../../../../arm-none-eabi/lib/armv6-m\libg_s.a(lib_a-svfscanf.o)
 .rodata.str1.1
                0x00000000       0x11 c:/program files (x86)/gnu tools arm embedded/4.8 2014q1/bin/../lib/gcc/arm-none-eabi/4.8.3/../../../../arm-none-eabi/lib/armv6-m\libg_s.a(lib_a-vfprintf.o)
 .rodata.str1.1
                0x000072b5       0x22 c:/program files (x86)/gnu tools arm embedded/4.8 2014q1/bin/../lib/gcc/arm-none-eabi/4.8.3/../../../../arm-none-eabi/lib/armv6-m\libg_s.a(lib_a-vfprintf_i.o)
 *fill*         0x000072d7        0x1 
 .rodata        0x000072d8        0xc c:/program files (x86)/gnu tools arm embedded/4.8 2014q1/bin/../lib/gcc/arm-none-eabi/4.8.3/../../../../arm-none-eabi/lib/armv6-m\libg_s.a(lib_a-vfscanf_i.o)
 .rodata.str1.1
                0x000072e4       0x1b c:/program files (x86)/gnu tools arm embedded/4.8 2014q1/bin/../lib/gcc/arm-none-eabi/4.8.3/../../../../arm-none-eabi/lib/armv6-m\libg_s.a(lib_a-vfscanf_i.o)
 *fill*         0x000072ff        0x1 
 .rodata.__sf_fake_stdin
                0x00007300       0x20 c:/program files (x86)/gnu tools arm embedded/4.8 2014q1/bin/../lib/gcc/arm-none-eabi/4.8.3/../../../../arm-none-eabi/lib/armv6-m\libg_s.a(lib_a-findfp.o)
                0x00007300                __sf_fake_stdin
 .rodata.__sf_fake_stdout
                0x00007320       0x20 c:/program files (x86)/gnu tools arm embedded/4.8 2014q1/bin/../lib/gcc/arm-none-eabi/4.8.3/../../../../arm-none-eabi/lib/armv6-m\libg_s.a(lib_a-findfp.o)
                0x00007320                __sf_fake_stdout
 .rodata.__sf_fake_stderr
                0x00007340       0x20 c:/program files (x86)/gnu tools arm embedded/4.8 2014q1/bin/../lib/gcc/arm-none-eabi/4.8.3/../../../../arm-none-eabi/lib/armv6-m\libg_s.a(lib_a-findfp.o)
                0x00007340                __sf_fake_stderr
 *(vtable)
 *(.eh_frame*)
 *(.glue_7)
 .glue_7        0x00000000        0x0 linker stubs
 *(.glue_7t)
 .glue_7t       0x00000000        0x0 linker stubs

.vfp11_veneer   0x00007360        0x0
 .vfp11_veneer  0x00000000        0x0 linker stubs

.v4_bx          0x00007360        0x0
 .v4_bx         0x00000000        0x0 linker stubs

.iplt           0x00007360        0x0
 .iplt          0x00000000        0x0 ./system/src/newlib/_cxx.o

.rel.dyn        0x00007360        0x0
 .rel.iplt      0x00000000        0x0 ./system/src/newlib/_cxx.o

.ARM.extab
 *(.ARM.extab* .gnu.linkonce.armextab.*)
                0x00007360                . = ALIGN (0x4)
                0x00007360                __exidx_start = .

.ARM.exidx
 *(.ARM.exidx* .gnu.linkonce.armexidx.*)
                0x00007360                __exidx_end = .
                0x00007360                . = ALIGN (0x4)
                0x00007360                _etext = .
                0x00007360                __etext = .

.data_CCMRAM    0x10000000        0x0 load address 0x00007360
 FILL mask 0xff
 *(.data.CCMRAM .data.CCMRAM.*)
                0x10000000                . = ALIGN (0x4)
                0x00007360                _sidata = LOADADDR (.data)

.data           0x20000000      0x1cc load address 0x00007360
 FILL mask 0xff
                0x20000000                _sdata = .
                0x20000000                __data_start__ = .
 *(.data_begin .data_begin.*)
 .data_begin    0x20000000        0x4 ./system/src/newlib/_startup.o
 *(.data .data.*)
 .data.argv.4459
                0x20000004        0x8 ./system/src/newlib/_syscalls.o
 .data.MDC      0x2000000c        0x2 ./src/ioLibrary/MDIO/W7500x_miim.o
 .data.MDIO     0x2000000e        0x2 ./src/ioLibrary/MDIO/W7500x_miim.o
 .data.dhcp_tick_next
                0x20000010        0x4 ./src/ioLibrary/Internet/DHCP/dhcp.o
                0x20000010                dhcp_tick_next
 .data.dhcp_ip_update
                0x20000014        0x4 ./src/ioLibrary/Internet/DHCP/dhcp.o
                0x20000014                dhcp_ip_update
 .data.dhcp_ip_assign
                0x20000018        0x4 ./src/ioLibrary/Internet/DHCP/dhcp.o
                0x20000018                dhcp_ip_assign
 .data.dhcp_ip_conflict
                0x2000001c        0x4 ./src/ioLibrary/Internet/DHCP/dhcp.o
                0x2000001c                dhcp_ip_conflict
 .data.dhcp_lease_time
                0x20000020        0x4 ./src/ioLibrary/Internet/DHCP/dhcp.o
                0x20000020                dhcp_lease_time
 .data.HOST_NAME
                0x20000024        0x8 ./src/ioLibrary/Internet/DHCP/dhcp.o
                0x20000024                HOST_NAME
 .data.sock_any_port
                0x2000002c        0x2 ./src/ioLibrary/Ethernet/socket.o
 *fill*         0x2000002e        0x2 
 .data.uart_if_table
                0x20000030        0x8 ./src/PlatformHandler/uartHandler.o
                0x20000030                uart_if_table
 .data.tbSEGCPERR
                0x20000038       0x1c ./src/Configuration/segcp.o
                0x20000038                tbSEGCPERR
 .data.tbSEGCPCMD
                0x20000054       0xe0 ./src/Configuration/segcp.o
                0x20000054                tbSEGCPCMD
 .data.strDEVSTATUS
                0x20000134       0x1c ./src/Configuration/segcp.o
                0x20000134                strDEVSTATUS
 .data.LED_PAD  0x20000150        0x4 ./src/W7500x_board.o
                0x20000150                LED_PAD
 .data.LED_PAD_AF
                0x20000154        0x4 ./src/W7500x_board.o
                0x20000154                LED_PAD_AF
 .data.LED_PORT
                0x20000158        0x8 ./src/W7500x_board.o
                0x20000158                LED_PORT
 .data.__ctype_ptr__
                0x20000160        0x4 c:/program files (x86)/gnu tools arm embedded/4.8 2014q1/bin/../lib/gcc/arm-none-eabi/4.8.3/../../../../arm-none-eabi/lib/armv6-m\libg_s.a(lib_a-ctype_.o)
                0x20000160                __ctype_ptr__
 .data.impure_data
                0x20000164       0x60 c:/program files (x86)/gnu tools arm embedded/4.8 2014q1/bin/../lib/gcc/arm-none-eabi/4.8.3/../../../../arm-none-eabi/lib/armv6-m\libg_s.a(lib_a-impure.o)
 .data._impure_ptr
                0x200001c4        0x4 c:/program files (x86)/gnu tools arm embedded/4.8 2014q1/bin/../lib/gcc/arm-none-eabi/4.8.3/../../../../arm-none-eabi/lib/armv6-m\libg_s.a(lib_a-impure.o)
                0x200001c4                _impure_ptr
 *(.data_end .data_end.*)
 .data_end      0x200001c8        0x4 ./system/src/newlib/_startup.o
                0x200001cc                . = ALIGN (0x4)
                0x200001cc                _edata = .
                0x200001cc                __data_end__ = .

.igot.plt       0x200001cc        0x0 load address 0x0000752c
 .igot.plt      0x00000000        0x0 ./system/src/newlib/_cxx.o

.bss_CCMRAM     0x10000000        0x0
 *(.bss.CCMRAM .bss.CCMRAM.*)

.bss            0x200001cc     0x1634
                0x200001cc                __bss_start__ = .
                0x200001cc                _sbss = .
 *(.bss_begin .bss_begin.*)
 .bss_begin     0x200001cc        0x4 ./system/src/newlib/_startup.o
 *(.bss .bss.*)
 .bss.current_heap_end.4286
                0x200001d0        0x4 ./system/src/newlib/_sbrk.o
 .bss.name.4458
                0x200001d4        0x4 ./system/src/newlib/_syscalls.o
 .bss.buf.5349  0x200001d8       0x80 ./system/src/diag/Trace.o
 .bss.SystemFrequency
                0x20000258        0x4 ./system/src/cmsis/system_W7500x.o
                0x20000258                SystemFrequency
 .bss.SourceFrequency
                0x2000025c        0x4 ./system/src/cmsis/system_W7500x.o
                0x2000025c                SourceFrequency
 .bss.dhcp_state
                0x20000260        0x1 ./src/ioLibrary/Internet/DHCP/dhcp.o
                0x20000260                dhcp_state
 *fill*         0x20000261        0x3 
 .bss.DHCP_allocated_sn
                0x20000264        0x4 ./src/ioLibrary/Internet/DHCP/dhcp.o
                0x20000264                DHCP_allocated_sn
 .bss.dhcp_tick_1s
                0x20000268        0x4 ./src/ioLibrary/Internet/DHCP/dhcp.o
                0x20000268                dhcp_tick_1s
 .bss.OLD_allocated_ip
                0x2000026c        0x4 ./src/ioLibrary/Internet/DHCP/dhcp.o
                0x2000026c                OLD_allocated_ip
 .bss.DHCP_allocated_gw
                0x20000270        0x4 ./src/ioLibrary/Internet/DHCP/dhcp.o
                0x20000270                DHCP_allocated_gw
 .bss.DHCP_allocated_ip
                0x20000274        0x4 ./src/ioLibrary/Internet/DHCP/dhcp.o
                0x20000274                DHCP_allocated_ip
 .bss.DHCP_CHADDR
                0x20000278        0x8 ./src/ioLibrary/Internet/DHCP/dhcp.o
                0x20000278                DHCP_CHADDR
 .bss.DHCP_allocated_dns
                0x20000280        0x4 ./src/ioLibrary/Internet/DHCP/dhcp.o
                0x20000280                DHCP_allocated_dns
 .bss.dhcp_retry_count
                0x20000284        0x1 ./src/ioLibrary/Internet/DHCP/dhcp.o
                0x20000284                dhcp_retry_count
 *fill*         0x20000285        0x1 
 .bss.sock_io_mode
                0x20000286        0x2 ./src/ioLibrary/Ethernet/socket.o
 .bss.sock_is_sending
                0x20000288        0x2 ./src/ioLibrary/Ethernet/socket.o
 *fill*         0x2000028a        0x2 
 .bss.sock_pack_info
                0x2000028c        0x8 ./src/ioLibrary/Ethernet/socket.o
 .bss.sock_remained_size
                0x20000294       0x10 ./src/ioLibrary/Ethernet/socket.o
 .bss._DHCP_    0x200002a4        0x1 ./src/ioLibrary/Ethernet/wizchip_conf.o
 *fill*         0x200002a5        0x3 
 .bss._DNS_     0x200002a8        0x4 ./src/ioLibrary/Ethernet/wizchip_conf.o
 .bss.enable_fw_from_network_timer
                0x200002ac        0x1 ./src/PlatformHandler/deviceHandler.o
                0x200002ac                enable_fw_from_network_timer
 .bss.enable_fw_update_timer
                0x200002ad        0x1 ./src/PlatformHandler/deviceHandler.o
                0x200002ad                enable_fw_update_timer
 .bss.fw_update_time
                0x200002ae        0x2 ./src/PlatformHandler/deviceHandler.o
                0x200002ae                fw_update_time
 .bss.recv_fwsize.6189
                0x200002b0        0x4 ./src/PlatformHandler/deviceHandler.o
 .bss.fw_from_network_time
                0x200002b4        0x2 ./src/PlatformHandler/deviceHandler.o
                0x200002b4                fw_from_network_time
 *fill*         0x200002b6        0x2 
 .bss.write_fw_len.6173
                0x200002b8        0x4 ./src/PlatformHandler/deviceHandler.o
 .bss.flag_fw_update_timeout
                0x200002bc        0x1 ./src/PlatformHandler/deviceHandler.o
                0x200002bc                flag_fw_update_timeout
 .bss.flag_fw_from_network_timeout
                0x200002bd        0x1 ./src/PlatformHandler/deviceHandler.o
                0x200002bd                flag_fw_from_network_timeout
 .bss.msec_cnt  0x200002be        0x2 ./src/PlatformHandler/timerHandler.o
 .bss.main_routine_check_time_msec
                0x200002c0        0x2 ./src/PlatformHandler/timerHandler.o
                0x200002c0                main_routine_check_time_msec
 *fill*         0x200002c2        0x2 
 .bss.uptime_min
                0x200002c4        0x4 ./src/PlatformHandler/timerHandler.o
 .bss.sec_cnt   0x200002c8        0x2 ./src/PlatformHandler/timerHandler.o
 .bss.flag_check_main_routine
                0x200002ca        0x1 ./src/PlatformHandler/timerHandler.o
                0x200002ca                flag_check_main_routine
 *fill*         0x200002cb        0x1 
 .bss.time_cnt  0x200002cc        0x4 ./src/PlatformHandler/timerHandler.o
 .bss.flag_send_configtool_keepalive
                0x200002d0        0x1 ./src/Configuration/segcp.o
                0x200002d0                flag_send_configtool_keepalive
 .bss.gSEGCPPRIVILEGE
                0x200002d1        0x1 ./src/Configuration/segcp.o
                0x200002d1                gSEGCPPRIVILEGE
 *fill*         0x200002d2        0x2 
 .bss.gSEGCPREP
                0x200002d4      0x200 ./src/Configuration/segcp.o
 .bss.gSEGCPREQ
                0x200004d4      0x200 ./src/Configuration/segcp.o
 .bss.configtool_keepalive_time
                0x200006d4        0x2 ./src/Configuration/segcp.o
                0x200006d4                configtool_keepalive_time
 .bss.enable_configtool_keepalive_timer
                0x200006d6        0x1 ./src/Configuration/segcp.o
                0x200006d6                enable_configtool_keepalive_timer
 *fill*         0x200006d7        0x1 
 .bss.dev_config
                0x200006d8       0xfc ./src/ConfigData.o
 .bss.flag_hw_trig_enable
                0x200007d4        0x1 ./src/W7500x_board.o
                0x200007d4                flag_hw_trig_enable
 .bss.flag_s2e_application_running
                0x200007d5        0x1 ./src/main.o
                0x200007d5                flag_s2e_application_running
 .bss.flag_process_dhcp_success
                0x200007d6        0x1 ./src/main.o
                0x200007d6                flag_process_dhcp_success
 *fill*         0x200007d7        0x1 
 .bss.__malloc_sbrk_start
                0x200007d8        0x4 c:/program files (x86)/gnu tools arm embedded/4.8 2014q1/bin/../lib/gcc/arm-none-eabi/4.8.3/../../../../arm-none-eabi/lib/armv6-m\libg_s.a(lib_a-nano-mallocr.o)
                0x200007d8                __malloc_sbrk_start
 .bss.__malloc_free_list
                0x200007dc        0x4 c:/program files (x86)/gnu tools arm embedded/4.8 2014q1/bin/../lib/gcc/arm-none-eabi/4.8.3/../../../../arm-none-eabi/lib/armv6-m\libg_s.a(lib_a-nano-mallocr.o)
                0x200007dc                __malloc_free_list
 *(COMMON)
 COMMON         0x200007e0        0x4 ./system/src/newlib/_syscalls.o
                0x200007e0                errno
 COMMON         0x200007e4        0x8 ./src/ioLibrary/MDIO/W7500x_miim.o
                0x200007e4                PHY_ADDR
                0x200007e8                PHY_ADDR_IP101G
 COMMON         0x200007ec        0xd ./src/ioLibrary/Internet/DHCP/dhcp.o
                0x200007ec                DHCP_XID
                0x200007f0                DHCP_SIP
                0x200007f4                pDHCPMSG
                0x200007f8                DHCP_SOCKET
 *fill*         0x200007f9        0x3 
 COMMON         0x200007fc     0x1000 ./src/main.o
                0x200007fc                g_send_buf
                0x20000ffc                g_recv_buf
 *(.bss_end .bss_end.*)
 .bss_end       0x200017fc        0x4 ./system/src/newlib/_startup.o
                0x20001800                . = ALIGN (0x4)
                0x20001800                __bss_end__ = .
                0x20001800                _ebss = .

.noinit_CCMRAM
 *(.noinit.CCMRAM .noinit.CCMRAM.*)

.noinit         0x20001800        0x0
                0x20001800                _noinit = .
 *(.noinit .noinit.*)
                0x20001800                . = ALIGN (0x4)
                0x20001800                _end_noinit = .
                0x20001800                PROVIDE (end, _end_noinit)
                0x20001800                PROVIDE (_end, _end_noinit)
                0x20001800                PROVIDE (__end, _end_noinit)
                0x20001800                PROVIDE (__end__, _end_noinit)

._check_stack   0x20001800      0x100
                0x20001900                . = (. + _Minimum_Stack_Size)
 *fill*         0x20001800      0x100 

.b1text
 *(.b1text)
 *(.b1rodata)
 *(.b1rodata.*)

.eb0text
 *(.eb0text)
 *(.eb0rodata)
 *(.eb0rodata.*)

.eb1text
 *(.eb1text)
 *(.eb1rodata)
 *(.eb1rodata.*)

.eb2text
 *(.eb2text)
 *(.eb2rodata)
 *(.eb2rodata.*)

.eb3text
 *(.eb3text)
 *(.eb3rodata)
 *(.eb3rodata.*)

.stab
 *(.stab)

.stabstr
 *(.stabstr)

.stab.excl
 *(.stab.excl)

.stab.exclstr
 *(.stab.exclstr)

.stab.index
 *(.stab.index)

.stab.indexstr
 *(.stab.indexstr)

.comment        0x00000000       0x70
 *(.comment)
 .comment       0x00000000       0x70 ./system/src/newlib/_exit.o
                                 0x71 (size before relaxing)
 .comment       0x00000000       0x71 ./system/src/newlib/_sbrk.o
 .comment       0x00000000       0x71 ./system/src/newlib/_startup.o
 .comment       0x00000000       0x71 ./system/src/newlib/_syscalls.o
 .comment       0x00000000       0x71 ./system/src/diag/Trace.o
 .comment       0x00000000       0x71 ./system/src/diag/trace_impl.o
 .comment       0x00000000       0x71 ./system/src/cortexm/_initialize_hardware.o
 .comment       0x00000000       0x71 ./system/src/cortexm/exception_handlers.o
 .comment       0x00000000       0x71 ./system/src/cmsis/system_W7500x.o
 .comment       0x00000000       0x71 ./system/src/cmsis/vectors_W7500x.o
 .comment       0x00000000       0x71 ./system/src/W7500x/W7500x_gpio.o
 .comment       0x00000000       0x71 ./system/src/W7500x/W7500x_uart.o
 .comment       0x00000000       0x71 ./system/src/W7500x/W7500x_wztoe.o
 .comment       0x00000000       0x71 ./src/ioLibrary/MDIO/W7500x_miim.o
 .comment       0x00000000       0x71 ./src/ioLibrary/Internet/DHCP/dhcp.o
 .comment       0x00000000       0x71 ./src/ioLibrary/Ethernet/socket.o
 .comment       0x00000000       0x71 ./src/ioLibrary/Ethernet/wizchip_conf.o
 .comment       0x00000000       0x71 ./src/PlatformHandler/deviceHandler.o
 .comment       0x00000000       0x71 ./src/PlatformHandler/flashHandler.o
 .comment       0x00000000       0x71 ./src/PlatformHandler/storageHandler.o
 .comment       0x00000000       0x71 ./src/PlatformHandler/timerHandler.o
 .comment       0x00000000       0x71 ./src/PlatformHandler/uartHandler.o
 .comment       0x00000000       0x71 ./src/Configuration/segcp.o
 .comment       0x00000000       0x71 ./src/Configuration/util.o
 .comment       0x00000000       0x71 ./src/Callback/dhcp_cb.o
 .comment       0x00000000       0x71 ./src/ConfigData.o
 .comment       0x00000000       0x71 ./src/W7500x_board.o
 .comment       0x00000000       0x71 ./src/W7500x_it.o
 .comment       0x00000000       0x71 ./src/main.o
 .comment       0x00000000       0x71 ./src/retarget.o

.ARM.attributes
                0x00000000       0x2f
 .ARM.attributes
                0x00000000       0x31 ./system/src/newlib/_exit.o
 .ARM.attributes
                0x00000031       0x31 ./system/src/newlib/_sbrk.o
 .ARM.attributes
                0x00000062       0x31 ./system/src/newlib/_startup.o
 .ARM.attributes
                0x00000093       0x31 ./system/src/newlib/_syscalls.o
 .ARM.attributes
                0x000000c4       0x31 ./system/src/diag/Trace.o
 .ARM.attributes
                0x000000f5       0x31 ./system/src/diag/trace_impl.o
 .ARM.attributes
                0x00000126       0x31 ./system/src/cortexm/_initialize_hardware.o
 .ARM.attributes
                0x00000157       0x31 ./system/src/cortexm/exception_handlers.o
 .ARM.attributes
                0x00000188       0x31 ./system/src/cmsis/system_W7500x.o
 .ARM.attributes
                0x000001b9       0x31 ./system/src/cmsis/vectors_W7500x.o
 .ARM.attributes
                0x000001ea       0x31 ./system/src/W7500x/W7500x_gpio.o
 .ARM.attributes
                0x0000021b       0x31 ./system/src/W7500x/W7500x_uart.o
 .ARM.attributes
                0x0000024c       0x31 ./system/src/W7500x/W7500x_wztoe.o
 .ARM.attributes
                0x0000027d       0x31 ./src/ioLibrary/MDIO/W7500x_miim.o
 .ARM.attributes
                0x000002ae       0x31 ./src/ioLibrary/Internet/DHCP/dhcp.o
 .ARM.attributes
                0x000002df       0x31 ./src/ioLibrary/Ethernet/socket.o
 .ARM.attributes
                0x00000310       0x31 ./src/ioLibrary/Ethernet/wizchip_conf.o
 .ARM.attributes
                0x00000341       0x31 ./src/PlatformHandler/deviceHandler.o
 .ARM.attributes
                0x00000372       0x31 ./src/PlatformHandler/flashHandler.o
 .ARM.attributes
                0x000003a3       0x31 ./src/PlatformHandler/storageHandler.o
 .ARM.attributes
                0x000003d4       0x31 ./src/PlatformHandler/timerHandler.o
 .ARM.attributes
                0x00000405       0x31 ./src/PlatformHandler/uartHandler.o
 .ARM.attributes
                0x00000436       0x31 ./src/Configuration/segcp.o
 .ARM.attributes
                0x00000467       0x31 ./src/Configuration/util.o
 .ARM.attributes
                0x00000498       0x31 ./src/Callback/dhcp_cb.o
 .ARM.attributes
                0x000004c9       0x31 ./src/ConfigData.o
 .ARM.attributes
                0x000004fa       0x31 ./src/W7500x_board.o
 .ARM.attributes
                0x0000052b       0x31 ./src/W7500x_it.o
 .ARM.attributes
                0x0000055c       0x31 ./src/main.o
 .ARM.attributes
                0x0000058d       0x31 ./src/retarget.o
 .ARM.attributes
                0x000005be       0x1e c:/program files (x86)/gnu tools arm embedded/4.8 2014q1/bin/../lib/gcc/arm-none-eabi/4.8.3/armv6-m\libgcc.a(_udivsi3.o)
 .ARM.attributes
                0x000005dc       0x1e c:/program files (x86)/gnu tools arm embedded/4.8 2014q1/bin/../lib/gcc/arm-none-eabi/4.8.3/armv6-m\libgcc.a(_dvmd_tls.o)
 .ARM.attributes
                0x000005fa       0x2c c:/program files (x86)/gnu tools arm embedded/4.8 2014q1/bin/../lib/gcc/arm-none-eabi/4.8.3/../../../../arm-none-eabi/lib/armv6-m\libg_s.a(lib_a-atoi.o)
 .ARM.attributes
                0x00000626       0x2c c:/program files (x86)/gnu tools arm embedded/4.8 2014q1/bin/../lib/gcc/arm-none-eabi/4.8.3/../../../../arm-none-eabi/lib/armv6-m\libg_s.a(lib_a-ctype_.o)
 .ARM.attributes
                0x00000652       0x2c c:/program files (x86)/gnu tools arm embedded/4.8 2014q1/bin/../lib/gcc/arm-none-eabi/4.8.3/../../../../arm-none-eabi/lib/armv6-m\libg_s.a(lib_a-errno.o)
 .ARM.attributes
                0x0000067e       0x2c c:/program files (x86)/gnu tools arm embedded/4.8 2014q1/bin/../lib/gcc/arm-none-eabi/4.8.3/../../../../arm-none-eabi/lib/armv6-m\libg_s.a(lib_a-impure.o)
 .ARM.attributes
                0x000006aa       0x2c c:/program files (x86)/gnu tools arm embedded/4.8 2014q1/bin/../lib/gcc/arm-none-eabi/4.8.3/../../../../arm-none-eabi/lib/armv6-m\libg_s.a(lib_a-memcmp.o)
 .ARM.attributes
                0x000006d6       0x2c c:/program files (x86)/gnu tools arm embedded/4.8 2014q1/bin/../lib/gcc/arm-none-eabi/4.8.3/../../../../arm-none-eabi/lib/armv6-m\libg_s.a(lib_a-memcpy-stub.o)
 .ARM.attributes
                0x00000702       0x2c c:/program files (x86)/gnu tools arm embedded/4.8 2014q1/bin/../lib/gcc/arm-none-eabi/4.8.3/../../../../arm-none-eabi/lib/armv6-m\libg_s.a(lib_a-memset.o)
 .ARM.attributes
                0x0000072e       0x2c c:/program files (x86)/gnu tools arm embedded/4.8 2014q1/bin/../lib/gcc/arm-none-eabi/4.8.3/../../../../arm-none-eabi/lib/armv6-m\libg_s.a(lib_a-printf.o)
 .ARM.attributes
                0x0000075a       0x2c c:/program files (x86)/gnu tools arm embedded/4.8 2014q1/bin/../lib/gcc/arm-none-eabi/4.8.3/../../../../arm-none-eabi/lib/armv6-m\libg_s.a(lib_a-puts.o)
 .ARM.attributes
                0x00000786       0x2c c:/program files (x86)/gnu tools arm embedded/4.8 2014q1/bin/../lib/gcc/arm-none-eabi/4.8.3/../../../../arm-none-eabi/lib/armv6-m\libg_s.a(lib_a-sprintf.o)
 .ARM.attributes
                0x000007b2       0x2c c:/program files (x86)/gnu tools arm embedded/4.8 2014q1/bin/../lib/gcc/arm-none-eabi/4.8.3/../../../../arm-none-eabi/lib/armv6-m\libg_s.a(lib_a-sscanf.o)
 .ARM.attributes
                0x000007de       0x2c c:/program files (x86)/gnu tools arm embedded/4.8 2014q1/bin/../lib/gcc/arm-none-eabi/4.8.3/../../../../arm-none-eabi/lib/armv6-m\libg_s.a(lib_a-stdio.o)
 .ARM.attributes
                0x0000080a       0x2c c:/program files (x86)/gnu tools arm embedded/4.8 2014q1/bin/../lib/gcc/arm-none-eabi/4.8.3/../../../../arm-none-eabi/lib/armv6-m\libg_s.a(lib_a-strchr.o)
 .ARM.attributes
                0x00000836       0x1c c:/program files (x86)/gnu tools arm embedded/4.8 2014q1/bin/../lib/gcc/arm-none-eabi/4.8.3/../../../../arm-none-eabi/lib/armv6-m\libg_s.a(lib_a-strcmp.o)
 .ARM.attributes
                0x00000852       0x2c c:/program files (x86)/gnu tools arm embedded/4.8 2014q1/bin/../lib/gcc/arm-none-eabi/4.8.3/../../../../arm-none-eabi/lib/armv6-m\libg_s.a(lib_a-strcpy.o)
 .ARM.attributes
                0x0000087e       0x2c c:/program files (x86)/gnu tools arm embedded/4.8 2014q1/bin/../lib/gcc/arm-none-eabi/4.8.3/../../../../arm-none-eabi/lib/armv6-m\libg_s.a(lib_a-strlen.o)
 .ARM.attributes
                0x000008aa       0x2c c:/program files (x86)/gnu tools arm embedded/4.8 2014q1/bin/../lib/gcc/arm-none-eabi/4.8.3/../../../../arm-none-eabi/lib/armv6-m\libg_s.a(lib_a-strncmp.o)
 .ARM.attributes
                0x000008d6       0x2c c:/program files (x86)/gnu tools arm embedded/4.8 2014q1/bin/../lib/gcc/arm-none-eabi/4.8.3/../../../../arm-none-eabi/lib/armv6-m\libg_s.a(lib_a-strtok.o)
 .ARM.attributes
                0x00000902       0x2c c:/program files (x86)/gnu tools arm embedded/4.8 2014q1/bin/../lib/gcc/arm-none-eabi/4.8.3/../../../../arm-none-eabi/lib/armv6-m\libg_s.a(lib_a-strtok_r.o)
 .ARM.attributes
                0x0000092e       0x2c c:/program files (x86)/gnu tools arm embedded/4.8 2014q1/bin/../lib/gcc/arm-none-eabi/4.8.3/../../../../arm-none-eabi/lib/armv6-m\libg_s.a(lib_a-strtol.o)
 .ARM.attributes
                0x0000095a       0x2c c:/program files (x86)/gnu tools arm embedded/4.8 2014q1/bin/../lib/gcc/arm-none-eabi/4.8.3/../../../../arm-none-eabi/lib/armv6-m\libg_s.a(lib_a-svfprintf.o)
 .ARM.attributes
                0x00000986       0x2c c:/program files (x86)/gnu tools arm embedded/4.8 2014q1/bin/../lib/gcc/arm-none-eabi/4.8.3/../../../../arm-none-eabi/lib/armv6-m\libg_s.a(lib_a-svfscanf.o)
 .ARM.attributes
                0x000009b2       0x2c c:/program files (x86)/gnu tools arm embedded/4.8 2014q1/bin/../lib/gcc/arm-none-eabi/4.8.3/../../../../arm-none-eabi/lib/armv6-m\libg_s.a(lib_a-ungetc.o)
 .ARM.attributes
                0x000009de       0x2c c:/program files (x86)/gnu tools arm embedded/4.8 2014q1/bin/../lib/gcc/arm-none-eabi/4.8.3/../../../../arm-none-eabi/lib/armv6-m\libg_s.a(lib_a-vfprintf.o)
 .ARM.attributes
                0x00000a0a       0x2c c:/program files (x86)/gnu tools arm embedded/4.8 2014q1/bin/../lib/gcc/arm-none-eabi/4.8.3/../../../../arm-none-eabi/lib/armv6-m\libg_s.a(lib_a-vfprintf_i.o)
 .ARM.attributes
                0x00000a36       0x2c c:/program files (x86)/gnu tools arm embedded/4.8 2014q1/bin/../lib/gcc/arm-none-eabi/4.8.3/../../../../arm-none-eabi/lib/armv6-m\libg_s.a(lib_a-vfscanf_i.o)
 .ARM.attributes
                0x00000a62       0x2c c:/program files (x86)/gnu tools arm embedded/4.8 2014q1/bin/../lib/gcc/arm-none-eabi/4.8.3/../../../../arm-none-eabi/lib/armv6-m\libg_s.a(lib_a-vsnprintf.o)
 .ARM.attributes
                0x00000a8e       0x2c c:/program files (x86)/gnu tools arm embedded/4.8 2014q1/bin/../lib/gcc/arm-none-eabi/4.8.3/../../../../arm-none-eabi/lib/armv6-m\libg_s.a(lib_a-wbuf.o)
 .ARM.attributes
                0x00000aba       0x2c c:/program files (x86)/gnu tools arm embedded/4.8 2014q1/bin/../lib/gcc/arm-none-eabi/4.8.3/../../../../arm-none-eabi/lib/armv6-m\libg_s.a(lib_a-writer.o)
 .ARM.attributes
                0x00000ae6       0x2c c:/program files (x86)/gnu tools arm embedded/4.8 2014q1/bin/../lib/gcc/arm-none-eabi/4.8.3/../../../../arm-none-eabi/lib/armv6-m\libg_s.a(lib_a-wsetup.o)
 .ARM.attributes
                0x00000b12       0x2c c:/program files (x86)/gnu tools arm embedded/4.8 2014q1/bin/../lib/gcc/arm-none-eabi/4.8.3/../../../../arm-none-eabi/lib/armv6-m\libg_s.a(lib_a-closer.o)
 .ARM.attributes
                0x00000b3e       0x2c c:/program files (x86)/gnu tools arm embedded/4.8 2014q1/bin/../lib/gcc/arm-none-eabi/4.8.3/../../../../arm-none-eabi/lib/armv6-m\libg_s.a(lib_a-fflush.o)
 .ARM.attributes
                0x00000b6a       0x2c c:/program files (x86)/gnu tools arm embedded/4.8 2014q1/bin/../lib/gcc/arm-none-eabi/4.8.3/../../../../arm-none-eabi/lib/armv6-m\libg_s.a(lib_a-findfp.o)
 .ARM.attributes
                0x00000b96       0x2c c:/program files (x86)/gnu tools arm embedded/4.8 2014q1/bin/../lib/gcc/arm-none-eabi/4.8.3/../../../../arm-none-eabi/lib/armv6-m\libg_s.a(lib_a-lseekr.o)
 .ARM.attributes
                0x00000bc2       0x2c c:/program files (x86)/gnu tools arm embedded/4.8 2014q1/bin/../lib/gcc/arm-none-eabi/4.8.3/../../../../arm-none-eabi/lib/armv6-m\libg_s.a(lib_a-makebuf.o)
 .ARM.attributes
                0x00000bee       0x2c c:/program files (x86)/gnu tools arm embedded/4.8 2014q1/bin/../lib/gcc/arm-none-eabi/4.8.3/../../../../arm-none-eabi/lib/armv6-m\libg_s.a(lib_a-malloc.o)
 .ARM.attributes
                0x00000c1a       0x2c c:/program files (x86)/gnu tools arm embedded/4.8 2014q1/bin/../lib/gcc/arm-none-eabi/4.8.3/../../../../arm-none-eabi/lib/armv6-m\libg_s.a(lib_a-memchr-stub.o)
 .ARM.attributes
                0x00000c46       0x2c c:/program files (x86)/gnu tools arm embedded/4.8 2014q1/bin/../lib/gcc/arm-none-eabi/4.8.3/../../../../arm-none-eabi/lib/armv6-m\libg_s.a(lib_a-memmove.o)
 .ARM.attributes
                0x00000c72       0x2c c:/program files (x86)/gnu tools arm embedded/4.8 2014q1/bin/../lib/gcc/arm-none-eabi/4.8.3/../../../../arm-none-eabi/lib/armv6-m\libg_s.a(lib_a-nano-freer.o)
 .ARM.attributes
                0x00000c9e       0x2c c:/program files (x86)/gnu tools arm embedded/4.8 2014q1/bin/../lib/gcc/arm-none-eabi/4.8.3/../../../../arm-none-eabi/lib/armv6-m\libg_s.a(lib_a-nano-mallocr.o)
 .ARM.attributes
                0x00000cca       0x2c c:/program files (x86)/gnu tools arm embedded/4.8 2014q1/bin/../lib/gcc/arm-none-eabi/4.8.3/../../../../arm-none-eabi/lib/armv6-m\libg_s.a(lib_a-nano-reallocr.o)
 .ARM.attributes
                0x00000cf6       0x2c c:/program files (x86)/gnu tools arm embedded/4.8 2014q1/bin/../lib/gcc/arm-none-eabi/4.8.3/../../../../arm-none-eabi/lib/armv6-m\libg_s.a(lib_a-readr.o)
 .ARM.attributes
                0x00000d22       0x2c c:/program files (x86)/gnu tools arm embedded/4.8 2014q1/bin/../lib/gcc/arm-none-eabi/4.8.3/../../../../arm-none-eabi/lib/armv6-m\libg_s.a(lib_a-sbrkr.o)
 .ARM.attributes
                0x00000d4e       0x2c c:/program files (x86)/gnu tools arm embedded/4.8 2014q1/bin/../lib/gcc/arm-none-eabi/4.8.3/../../../../arm-none-eabi/lib/armv6-m\libg_s.a(lib_a-sccl.o)
 .ARM.attributes
                0x00000d7a       0x2c c:/program files (x86)/gnu tools arm embedded/4.8 2014q1/bin/../lib/gcc/arm-none-eabi/4.8.3/../../../../arm-none-eabi/lib/armv6-m\libg_s.a(lib_a-strtoul.o)
 .ARM.attributes
                0x00000da6       0x2c c:/program files (x86)/gnu tools arm embedded/4.8 2014q1/bin/../lib/gcc/arm-none-eabi/4.8.3/../../../../arm-none-eabi/lib/armv6-m\libg_s.a(lib_a-fstatr.o)
 .ARM.attributes
                0x00000dd2       0x2c c:/program files (x86)/gnu tools arm embedded/4.8 2014q1/bin/../lib/gcc/arm-none-eabi/4.8.3/../../../../arm-none-eabi/lib/armv6-m\libg_s.a(lib_a-isattyr.o)
 .ARM.attributes
                0x00000dfe       0x2c c:/program files (x86)/gnu tools arm embedded/4.8 2014q1/bin/../lib/gcc/arm-none-eabi/4.8.3/../../../../arm-none-eabi/lib/armv6-m\libg_s.a(lib_a-nano-msizer.o)

.debug
 *(.debug)

.line
 *(.line)

.debug_srcinfo
 *(.debug_srcinfo)

.debug_sfnames
 *(.debug_sfnames)

.debug_aranges  0x00000000      0xbf8
 *(.debug_aranges)
 .debug_aranges
                0x00000000       0x28 ./system/src/newlib/_exit.o
 .debug_aranges
                0x00000028       0x20 ./system/src/newlib/_sbrk.o
 .debug_aranges
                0x00000048       0x40 ./system/src/newlib/_startup.o
 .debug_aranges
                0x00000088       0xd0 ./system/src/newlib/_syscalls.o
 .debug_aranges
                0x00000158       0x38 ./system/src/diag/Trace.o
 .debug_aranges
                0x00000190       0x30 ./system/src/diag/trace_impl.o
 .debug_aranges
                0x000001c0       0x28 ./system/src/cortexm/_initialize_hardware.o
 .debug_aranges
                0x000001e8       0x58 ./system/src/cortexm/exception_handlers.o
 .debug_aranges
                0x00000240       0x48 ./system/src/cmsis/system_W7500x.o
 .debug_aranges
                0x00000288       0x20 ./system/src/cmsis/vectors_W7500x.o
 .debug_aranges
                0x000002a8       0xb8 ./system/src/W7500x/W7500x_gpio.o
 .debug_aranges
                0x00000360      0x108 ./system/src/W7500x/W7500x_uart.o
 .debug_aranges
                0x00000468       0x50 ./system/src/W7500x/W7500x_wztoe.o
 .debug_aranges
                0x000004b8       0x68 ./src/ioLibrary/MDIO/W7500x_miim.o
 .debug_aranges
                0x00000520       0xc0 ./src/ioLibrary/Internet/DHCP/dhcp.o
 .debug_aranges
                0x000005e0       0x78 ./src/ioLibrary/Ethernet/socket.o
 .debug_aranges
                0x00000658       0xf8 ./src/ioLibrary/Ethernet/wizchip_conf.o
 .debug_aranges
                0x00000750       0x50 ./src/PlatformHandler/deviceHandler.o
 .debug_aranges
                0x000007a0       0x40 ./src/PlatformHandler/flashHandler.o
 .debug_aranges
                0x000007e0       0x30 ./src/PlatformHandler/storageHandler.o
 .debug_aranges
                0x00000810       0x58 ./src/PlatformHandler/timerHandler.o
 .debug_aranges
                0x00000868       0x28 ./src/PlatformHandler/uartHandler.o
 .debug_aranges
                0x00000890       0x40 ./src/Configuration/segcp.o
 .debug_aranges
                0x000008d0       0x48 ./src/Configuration/util.o
 .debug_aranges
                0x00000918       0x28 ./src/Callback/dhcp_cb.o
 .debug_aranges
                0x00000940       0x88 ./src/ConfigData.o
 .debug_aranges
                0x000009c8       0x98 ./src/W7500x_board.o
 .debug_aranges
                0x00000a60      0x108 ./src/W7500x_it.o
 .debug_aranges
                0x00000b68       0x70 ./src/main.o
 .debug_aranges
                0x00000bd8       0x20 ./src/retarget.o

.debug_pubnames
 *(.debug_pubnames)

.debug_info     0x00000000     0xed04
 *(.debug_info .gnu.linkonce.wi.*)
 .debug_info    0x00000000      0x100 ./system/src/newlib/_exit.o
 .debug_info    0x00000100      0x125 ./system/src/newlib/_sbrk.o
 .debug_info    0x00000225      0x47f ./system/src/newlib/_startup.o
 .debug_info    0x000006a4      0x904 ./system/src/newlib/_syscalls.o
 .debug_info    0x00000fa8      0x32b ./system/src/diag/Trace.o
 .debug_info    0x000012d3      0x2e8 ./system/src/diag/trace_impl.o
 .debug_info    0x000015bb       0xbc ./system/src/cortexm/_initialize_hardware.o
 .debug_info    0x00001677      0x340 ./system/src/cortexm/exception_handlers.o
 .debug_info    0x000019b7      0x55e ./system/src/cmsis/system_W7500x.o
 .debug_info    0x00001f15       0xd0 ./system/src/cmsis/vectors_W7500x.o
 .debug_info    0x00001fe5      0xc46 ./system/src/W7500x/W7500x_gpio.o
 .debug_info    0x00002c2b      0xcc0 ./system/src/W7500x/W7500x_uart.o
 .debug_info    0x000038eb      0x328 ./system/src/W7500x/W7500x_wztoe.o
 .debug_info    0x00003c13      0xafb ./src/ioLibrary/MDIO/W7500x_miim.o
 .debug_info    0x0000470e     0x1077 ./src/ioLibrary/Internet/DHCP/dhcp.o
 .debug_info    0x00005785     0x107c ./src/ioLibrary/Ethernet/socket.o
 .debug_info    0x00006801     0x12ff ./src/ioLibrary/Ethernet/wizchip_conf.o
 .debug_info    0x00007b00      0xccd ./src/PlatformHandler/deviceHandler.o
 .debug_info    0x000087cd      0x41a ./src/PlatformHandler/flashHandler.o
 .debug_info    0x00008be7      0x41b ./src/PlatformHandler/storageHandler.o
 .debug_info    0x00009002      0x5f0 ./src/PlatformHandler/timerHandler.o
 .debug_info    0x000095f2      0x318 ./src/PlatformHandler/uartHandler.o
 .debug_info    0x0000990a     0x1b18 ./src/Configuration/segcp.o
 .debug_info    0x0000b422      0x537 ./src/Configuration/util.o
 .debug_info    0x0000b959      0x791 ./src/Callback/dhcp_cb.o
 .debug_info    0x0000c0ea      0xfc4 ./src/ConfigData.o
 .debug_info    0x0000d0ae      0x8a0 ./src/W7500x_board.o
 .debug_info    0x0000d94e      0x27b ./src/W7500x_it.o
 .debug_info    0x0000dbc9     0x1021 ./src/main.o
 .debug_info    0x0000ebea      0x11a ./src/retarget.o

.debug_abbrev   0x00000000     0x32ce
 *(.debug_abbrev)
 .debug_abbrev  0x00000000       0xa4 ./system/src/newlib/_exit.o
 .debug_abbrev  0x000000a4       0xbb ./system/src/newlib/_sbrk.o
 .debug_abbrev  0x0000015f      0x1e9 ./system/src/newlib/_startup.o
 .debug_abbrev  0x00000348      0x178 ./system/src/newlib/_syscalls.o
 .debug_abbrev  0x000004c0      0x178 ./system/src/diag/Trace.o
 .debug_abbrev  0x00000638      0x19c ./system/src/diag/trace_impl.o
 .debug_abbrev  0x000007d4       0x63 ./system/src/cortexm/_initialize_hardware.o
 .debug_abbrev  0x00000837      0x165 ./system/src/cortexm/exception_handlers.o
 .debug_abbrev  0x0000099c      0x121 ./system/src/cmsis/system_W7500x.o
 .debug_abbrev  0x00000abd       0x9d ./system/src/cmsis/vectors_W7500x.o
 .debug_abbrev  0x00000b5a      0x2be ./system/src/W7500x/W7500x_gpio.o
 .debug_abbrev  0x00000e18      0x271 ./system/src/W7500x/W7500x_uart.o
 .debug_abbrev  0x00001089      0x111 ./system/src/W7500x/W7500x_wztoe.o
 .debug_abbrev  0x0000119a      0x20e ./src/ioLibrary/MDIO/W7500x_miim.o
 .debug_abbrev  0x000013a8      0x247 ./src/ioLibrary/Internet/DHCP/dhcp.o
 .debug_abbrev  0x000015ef      0x1d8 ./src/ioLibrary/Ethernet/socket.o
 .debug_abbrev  0x000017c7      0x2ff ./src/ioLibrary/Ethernet/wizchip_conf.o
 .debug_abbrev  0x00001ac6      0x2e3 ./src/PlatformHandler/deviceHandler.o
 .debug_abbrev  0x00001da9      0x17f ./src/PlatformHandler/flashHandler.o
 .debug_abbrev  0x00001f28      0x138 ./src/PlatformHandler/storageHandler.o
 .debug_abbrev  0x00002060      0x243 ./src/PlatformHandler/timerHandler.o
 .debug_abbrev  0x000022a3      0x148 ./src/PlatformHandler/uartHandler.o
 .debug_abbrev  0x000023eb      0x2c6 ./src/Configuration/segcp.o
 .debug_abbrev  0x000026b1      0x15a ./src/Configuration/util.o
 .debug_abbrev  0x0000280b      0x1a4 ./src/Callback/dhcp_cb.o
 .debug_abbrev  0x000029af      0x27c ./src/ConfigData.o
 .debug_abbrev  0x00002c2b      0x218 ./src/W7500x_board.o
 .debug_abbrev  0x00002e43       0x5d ./src/W7500x_it.o
 .debug_abbrev  0x00002ea0      0x38c ./src/main.o
 .debug_abbrev  0x0000322c       0xa2 ./src/retarget.o

.debug_line     0x00000000     0x8add
 *(.debug_line)
 .debug_line    0x00000000      0x2b2 ./system/src/newlib/_exit.o
 .debug_line    0x000002b2      0x264 ./system/src/newlib/_sbrk.o
 .debug_line    0x00000516      0x31e ./system/src/newlib/_startup.o
 .debug_line    0x00000834      0x4e5 ./system/src/newlib/_syscalls.o
 .debug_line    0x00000d19      0x37c ./system/src/diag/Trace.o
 .debug_line    0x00001095      0x396 ./system/src/diag/trace_impl.o
 .debug_line    0x0000142b      0x28b ./system/src/cortexm/_initialize_hardware.o
 .debug_line    0x000016b6      0x447 ./system/src/cortexm/exception_handlers.o
 .debug_line    0x00001afd      0x2cc ./system/src/cmsis/system_W7500x.o
 .debug_line    0x00001dc9      0x216 ./system/src/cmsis/vectors_W7500x.o
 .debug_line    0x00001fdf      0x483 ./system/src/W7500x/W7500x_gpio.o
 .debug_line    0x00002462      0x4e3 ./system/src/W7500x/W7500x_uart.o
 .debug_line    0x00002945      0x3bf ./system/src/W7500x/W7500x_wztoe.o
 .debug_line    0x00002d04      0x46a ./src/ioLibrary/MDIO/W7500x_miim.o
 .debug_line    0x0000316e      0x786 ./src/ioLibrary/Internet/DHCP/dhcp.o
 .debug_line    0x000038f4      0x6c4 ./src/ioLibrary/Ethernet/socket.o
 .debug_line    0x00003fb8      0x64c ./src/ioLibrary/Ethernet/wizchip_conf.o
 .debug_line    0x00004604      0x638 ./src/PlatformHandler/deviceHandler.o
 .debug_line    0x00004c3c      0x442 ./src/PlatformHandler/flashHandler.o
 .debug_line    0x0000507e      0x3a4 ./src/PlatformHandler/storageHandler.o
 .debug_line    0x00005422      0x52a ./src/PlatformHandler/timerHandler.o
 .debug_line    0x0000594c      0x437 ./src/PlatformHandler/uartHandler.o
 .debug_line    0x00005d83      0x8bf ./src/Configuration/segcp.o
 .debug_line    0x00006642      0x45e ./src/Configuration/util.o
 .debug_line    0x00006aa0      0x3fc ./src/Callback/dhcp_cb.o
 .debug_line    0x00006e9c      0x677 ./src/ConfigData.o
 .debug_line    0x00007513      0x58e ./src/W7500x_board.o
 .debug_line    0x00007aa1      0x4ab ./src/W7500x_it.o
 .debug_line    0x00007f4c      0x836 ./src/main.o
 .debug_line    0x00008782      0x35b ./src/retarget.o

.debug_frame    0x00000000     0x2828
 *(.debug_frame)
 .debug_frame   0x00000000       0x38 ./system/src/newlib/_exit.o
 .debug_frame   0x00000038       0x28 ./system/src/newlib/_sbrk.o
 .debug_frame   0x00000060       0x80 ./system/src/newlib/_startup.o
 .debug_frame   0x000000e0      0x230 ./system/src/newlib/_syscalls.o
 .debug_frame   0x00000310       0x78 ./system/src/diag/Trace.o
 .debug_frame   0x00000388       0x60 ./system/src/diag/trace_impl.o
 .debug_frame   0x000003e8       0x40 ./system/src/cortexm/_initialize_hardware.o
 .debug_frame   0x00000428       0xb0 ./system/src/cortexm/exception_handlers.o
 .debug_frame   0x000004d8       0x8c ./system/src/cmsis/system_W7500x.o
 .debug_frame   0x00000564       0x20 ./system/src/cmsis/vectors_W7500x.o
 .debug_frame   0x00000584      0x194 ./system/src/W7500x/W7500x_gpio.o
 .debug_frame   0x00000718      0x24c ./system/src/W7500x/W7500x_uart.o
 .debug_frame   0x00000964       0xb8 ./system/src/W7500x/W7500x_wztoe.o
 .debug_frame   0x00000a1c      0x12c ./src/ioLibrary/MDIO/W7500x_miim.o
 .debug_frame   0x00000b48      0x1f8 ./src/ioLibrary/Internet/DHCP/dhcp.o