Archive member included because of file (symbol)

c:/program files (x86)/gnu tools arm embedded/4.8 2014q1/bin/../lib/gcc/arm-none-eabi/4.8.3/armv6-m\libgcc.a(_udivsi3.o)
                              ./system/src/cmsis/system_W7500x.o (__aeabi_uidiv)
c:/program files (x86)/gnu tools arm embedded/4.8 2014q1/bin/../lib/gcc/arm-none-eabi/4.8.3/armv6-m\libgcc.a(_dvmd_tls.o)
                              c:/program files (x86)/gnu tools arm embedded/4.8 2014q1/bin/../lib/gcc/arm-none-eabi/4.8.3/armv6-m\libgcc.a(_udivsi3.o) (__aeabi_idiv0)
c:/program files (x86)/gnu tools arm embedded/4.8 2014q1/bin/../lib/gcc/arm-none-eabi/4.8.3/armv6-m\libgcc.a(_fixunssfsi.o)
                              ./system/src/W7500x/W7500x_uart.o (__aeabi_f2uiz)
c:/program files (x86)/gnu tools arm embedded/4.8 2014q1/bin/../lib/gcc/arm-none-eabi/4.8.3/armv6-m\libgcc.a(_fixunsdfsi.o)
                              ./system/src/W7500x/W7500x_uart.o (__aeabi_d2uiz)
c:/program files (x86)/gnu tools arm embedded/4.8 2014q1/bin/../lib/gcc/arm-none-eabi/4.8.3/armv6-m\libgcc.a(divsf3.o)
                              ./system/src/W7500x/W7500x_uart.o (__aeabi_fdiv)
c:/program files (x86)/gnu tools arm embedded/4.8 2014q1/bin/../lib/gcc/arm-none-eabi/4.8.3/armv6-m\libgcc.a(mulsf3.o)
                              ./system/src/W7500x/W7500x_uart.o (__aeabi_fmul)
c:/program files (x86)/gnu tools arm embedded/4.8 2014q1/bin/../lib/gcc/arm-none-eabi/4.8.3/armv6-m\libgcc.a(subsf3.o)
                              ./system/src/W7500x/W7500x_uart.o (__aeabi_fsub)
c:/program files (x86)/gnu tools arm embedded/4.8 2014q1/bin/../lib/gcc/arm-none-eabi/4.8.3/armv6-m\libgcc.a(fixsfsi.o)
                              c:/program files (x86)/gnu tools arm embedded/4.8 2014q1/bin/../lib/gcc/arm-none-eabi/4.8.3/armv6-m\libgcc.a(_fixunssfsi.o) (__aeabi_f2iz)
c:/program files (x86)/gnu tools arm embedded/4.8 2014q1/bin/../lib/gcc/arm-none-eabi/4.8.3/armv6-m\libgcc.a(floatunsisf.o)
                              ./system/src/W7500x/W7500x_uart.o (__aeabi_ui2f)
c:/program files (x86)/gnu tools arm embedded/4.8 2014q1/bin/../lib/gcc/arm-none-eabi/4.8.3/armv6-m\libgcc.a(adddf3.o)
                              ./system/src/W7500x/W7500x_uart.o (__aeabi_dadd)
c:/program files (x86)/gnu tools arm embedded/4.8 2014q1/bin/../lib/gcc/arm-none-eabi/4.8.3/armv6-m\libgcc.a(subdf3.o)
                              c:/program files (x86)/gnu tools arm embedded/4.8 2014q1/bin/../lib/gcc/arm-none-eabi/4.8.3/armv6-m\libgcc.a(_fixunsdfsi.o) (__aeabi_dsub)
c:/program files (x86)/gnu tools arm embedded/4.8 2014q1/bin/../lib/gcc/arm-none-eabi/4.8.3/armv6-m\libgcc.a(fixdfsi.o)
                              c:/program files (x86)/gnu tools arm embedded/4.8 2014q1/bin/../lib/gcc/arm-none-eabi/4.8.3/armv6-m\libgcc.a(_fixunsdfsi.o) (__aeabi_d2iz)
c:/program files (x86)/gnu tools arm embedded/4.8 2014q1/bin/../lib/gcc/arm-none-eabi/4.8.3/armv6-m\libgcc.a(extendsfdf2.o)
                              ./system/src/W7500x/W7500x_uart.o (__aeabi_f2d)
c:/program files (x86)/gnu tools arm embedded/4.8 2014q1/bin/../lib/gcc/arm-none-eabi/4.8.3/armv6-m\libgcc.a(unwind-arm.o)
                              ./system/src/newlib/_cxx.o (__aeabi_unwind_cpp_pr1)
c:/program files (x86)/gnu tools arm embedded/4.8 2014q1/bin/../lib/gcc/arm-none-eabi/4.8.3/armv6-m\libgcc.a(libunwind.o)
                              c:/program files (x86)/gnu tools arm embedded/4.8 2014q1/bin/../lib/gcc/arm-none-eabi/4.8.3/armv6-m\libgcc.a(unwind-arm.o) (restore_core_regs)
c:/program files (x86)/gnu tools arm embedded/4.8 2014q1/bin/../lib/gcc/arm-none-eabi/4.8.3/armv6-m\libgcc.a(pr-support.o)
                              c:/program files (x86)/gnu tools arm embedded/4.8 2014q1/bin/../lib/gcc/arm-none-eabi/4.8.3/armv6-m\libgcc.a(unwind-arm.o) (__gnu_unwind_execute)
c:/program files (x86)/gnu tools arm embedded/4.8 2014q1/bin/../lib/gcc/arm-none-eabi/4.8.3/armv6-m\libgcc.a(_arm_cmpdf2.o)
                              c:/program files (x86)/gnu tools arm embedded/4.8 2014q1/bin/../lib/gcc/arm-none-eabi/4.8.3/armv6-m\libgcc.a(_fixunsdfsi.o) (__aeabi_dcmpge)
c:/program files (x86)/gnu tools arm embedded/4.8 2014q1/bin/../lib/gcc/arm-none-eabi/4.8.3/armv6-m\libgcc.a(_arm_cmpsf2.o)
                              c:/program files (x86)/gnu tools arm embedded/4.8 2014q1/bin/../lib/gcc/arm-none-eabi/4.8.3/armv6-m\libgcc.a(_fixunssfsi.o) (__aeabi_fcmpge)
c:/program files (x86)/gnu tools arm embedded/4.8 2014q1/bin/../lib/gcc/arm-none-eabi/4.8.3/armv6-m\libgcc.a(_clzsi2.o)
                              c:/program files (x86)/gnu tools arm embedded/4.8 2014q1/bin/../lib/gcc/arm-none-eabi/4.8.3/armv6-m\libgcc.a(divsf3.o) (__clzsi2)
c:/program files (x86)/gnu tools arm embedded/4.8 2014q1/bin/../lib/gcc/arm-none-eabi/4.8.3/armv6-m\libgcc.a(eqsf2.o)
                              c:/program files (x86)/gnu tools arm embedded/4.8 2014q1/bin/../lib/gcc/arm-none-eabi/4.8.3/armv6-m\libgcc.a(_arm_cmpsf2.o) (__eqsf2)
[...]
Memory Configuration

Name             Origin             Length             Attributes
FLASH            0x00000000         0x00007000         xr
RAM              0x20000000         0x00004000         xrw
CCMRAM           0x10000000         0x00000000         xrw
FLASHB1          0x00000000         0x00000000         xr
EXTMEMB0         0x00000000         0x00000000         xr
EXTMEMB1         0x00000000         0x00000000         xr
EXTMEMB2         0x00000000         0x00000000         xr
EXTMEMB3         0x00000000         0x00000000         xr
*default*        0x00000000         0xffffffff

Linker script and memory map

LOAD ./system/src/newlib/_cxx.o
LOAD ./system/src/newlib/_exit.o
LOAD ./system/src/newlib/_sbrk.o
LOAD ./system/src/newlib/_startup.o
LOAD ./system/src/newlib/_syscalls.o
LOAD ./system/src/newlib/_write.o
LOAD ./system/src/newlib/assert.o
LOAD ./system/src/diag/Trace.o
LOAD ./system/src/diag/trace_impl.o
LOAD ./system/src/cortexm/_initialize_hardware.o
LOAD ./system/src/cortexm/_reset_hardware.o
LOAD ./system/src/cortexm/exception_handlers.o
LOAD ./system/src/cmsis/system_W7500x.o
LOAD ./system/src/cmsis/vectors_W7500x.o
LOAD ./system/src/W7500x/W7500x_adc.o
LOAD ./system/src/W7500x/W7500x_crg.o
LOAD ./system/src/W7500x/W7500x_dma.o
LOAD ./system/src/W7500x/W7500x_dualtimer.o
LOAD ./system/src/W7500x/W7500x_exti.o
LOAD ./system/src/W7500x/W7500x_gpio.o
LOAD ./system/src/W7500x/W7500x_pwm.o
LOAD ./system/src/W7500x/W7500x_rng.o
LOAD ./system/src/W7500x/W7500x_ssp.o
LOAD ./system/src/W7500x/W7500x_uart.o
LOAD ./system/src/W7500x/W7500x_wdt.o
LOAD ./system/src/W7500x/W7500x_wztoe.o
LOAD ./src/ioLibrary/MDIO/W7500x_miim.o
LOAD ./src/ioLibrary/Internet/httpServer/httpParser.o
LOAD ./src/ioLibrary/Internet/httpServer/httpServer.o
LOAD ./src/ioLibrary/Internet/httpServer/httpUtil.o
LOAD ./src/ioLibrary/Internet/DNS/dns.o
LOAD ./src/ioLibrary/Internet/DHCP/dhcp.o
LOAD ./src/ioLibrary/Ethernet/socket.o
LOAD ./src/ioLibrary/Ethernet/wizchip_conf.o
LOAD ./src/ioLibrary/Application/loopback/loopback.o
LOAD ./src/PlatformHandler/deviceHandler.o
LOAD ./src/PlatformHandler/eepromHandler.o
LOAD ./src/PlatformHandler/flashHandler.o
LOAD ./src/PlatformHandler/i2cHandler.o
LOAD ./src/PlatformHandler/storageHandler.o
LOAD ./src/PlatformHandler/timerHandler.o
LOAD ./src/PlatformHandler/uartHandler.o
LOAD ./src/Configuration/ConfigData.o
LOAD ./src/Configuration/segcp.o
LOAD ./src/Configuration/util.o
LOAD ./src/Callback/dhcp_cb.o
LOAD ./src/W7500x_board.o
LOAD ./src/W7500x_it.o
LOAD ./src/main.o
LOAD ./src/retarget.o
LOAD c:/program files (x86)/gnu tools arm embedded/4.8 2014q1/bin/../lib/gcc/arm-none-eabi/4.8.3/../../../../arm-none-eabi/lib/armv6-m\libstdc++_s.a
LOAD c:/program files (x86)/gnu tools arm embedded/4.8 2014q1/bin/../lib/gcc/arm-none-eabi/4.8.3/../../../../arm-none-eabi/lib/armv6-m\libm.a
START GROUP
LOAD c:/program files (x86)/gnu tools arm embedded/4.8 2014q1/bin/../lib/gcc/arm-none-eabi/4.8.3/armv6-m\libgcc.a
LOAD c:/program files (x86)/gnu tools arm embedded/4.8 2014q1/bin/../lib/gcc/arm-none-eabi/4.8.3/../../../../arm-none-eabi/lib/armv6-m\libg_s.a
LOAD c:/program files (x86)/gnu tools arm embedded/4.8 2014q1/bin/../lib/gcc/arm-none-eabi/4.8.3/../../../../arm-none-eabi/lib/armv6-m\libc_s.a
END GROUP
START GROUP
LOAD c:/program files (x86)/gnu tools arm embedded/4.8 2014q1/bin/../lib/gcc/arm-none-eabi/4.8.3/armv6-m\libgcc.a
LOAD c:/program files (x86)/gnu tools arm embedded/4.8 2014q1/bin/../lib/gcc/arm-none-eabi/4.8.3/../../../../arm-none-eabi/lib/armv6-m\libc_s.a
END GROUP
                0x20004000                __stack = (ORIGIN (RAM) + 0x4000)
                0x20004000                _estack = __stack
                0x00000800                __Main_Stack_Size = 0x800
                0x00000800                PROVIDE (_Main_Stack_Size, __Main_Stack_Size)
                0x20003800                __Main_Stack_Limit = (__stack - __Main_Stack_Size)
                0x20003800                PROVIDE (_Main_Stack_Limit, __Main_Stack_Limit)
                0x00000100                _Minimum_Stack_Size = 0x100
                0x20001718                PROVIDE (_Heap_Begin, _end_noinit)
                0x20003800                PROVIDE (_Heap_Limit, (__stack - __Main_Stack_Size))

.isr_vector     0x00000000      0x1d8
 FILL mask 0xff
                0x00000000                __vectors_start = ABSOLUTE (.)
                0x00000000                __vectors_start__ = ABSOLUTE (.)
 *(.isr_vector)
 .isr_vector    0x00000000       0xa8 ./system/src/cmsis/vectors_W7500x.o
                0x00000000                __isr_vectors
 *(.cfmconfig)
 *(.after_vectors .after_vectors.*)
 .after_vectors
                0x000000a8      0x110 ./system/src/newlib/_startup.o
                0x000000a8                _start
 .after_vectors
                0x000001b8       0x1c ./system/src/cortexm/exception_handlers.o
                0x000001b8                Reset_Handler
 .after_vectors
                0x000001d4        0x4 ./system/src/cmsis/vectors_W7500x.o
                0x000001d4                Default_Handler
                0x000001d4                RTC_Handler

.inits          0x000001d8       0x28
                0x000001d8                __data_regions_array_start = .
                0x000001d8        0x4 LONG 0x615c LOADADDR (.data)
                0x000001dc        0x4 LONG 0x20000000 ADDR (.data)
                0x000001e0        0x4 LONG 0x2000019c (ADDR (.data) + SIZEOF (.data))
                0x000001e4        0x4 LONG 0x615c LOADADDR (.data_CCMRAM)
                0x000001e8        0x4 LONG 0x10000000 ADDR (.data_CCMRAM)
                0x000001ec        0x4 LONG 0x10000000 (ADDR (.data_CCMRAM) + SIZEOF (.data_CCMRAM))
                0x000001f0                __data_regions_array_end = .
                0x000001f0                __bss_regions_array_start = .
                0x000001f0        0x4 LONG 0x2000019c ADDR (.bss)
                0x000001f4        0x4 LONG 0x20001718 (ADDR (.bss) + SIZEOF (.bss))
                0x000001f8        0x4 LONG 0x10000000 ADDR (.bss_CCMRAM)
                0x000001fc        0x4 LONG 0x10000000 (ADDR (.bss_CCMRAM) + SIZEOF (.bss_CCMRAM))
                0x00000200                __bss_regions_array_end = .
 *(.init)
 *(.fini)
                0x00000200                . = ALIGN (0x4)
                0x00000200                PROVIDE (__preinit_array_start, .)
 *(.preinit_array_sysinit .preinit_array_sysinit.*)
 *(.preinit_array_platform .preinit_array_platform.*)
 *(.preinit_array .preinit_array.*)
                0x00000200                PROVIDE (__preinit_array_end, .)
                0x00000200                . = ALIGN (0x4)
                0x00000200                PROVIDE (__init_array_start, .)
 *(SORT(.init_array.*))
 *(.init_array)
                0x00000200                PROVIDE (__init_array_end, .)
                0x00000200                . = ALIGN (0x4)
                0x00000200                PROVIDE (__fini_array_start, .)
 *(SORT(.fini_array.*))
 *(.fini_array)
                0x00000200                PROVIDE (__fini_array_end, .)

.flashtext
 *(.flashtext .flashtext.*)

.text           0x00000200     0x5f5c
 *(.text .text.*)
 .text._exit    0x00000200        0x4 ./system/src/newlib/_exit.o
                0x00000200                _exit
 .text._sbrk    0x00000204       0x44 ./system/src/newlib/_sbrk.o
                0x00000204                _sbrk
 .text.__initialize_args
                0x00000248       0x10 ./system/src/newlib/_syscalls.o
                0x00000248                __initialize_args
 .text._close   0x00000258       0x10 ./system/src/newlib/_syscalls.o
                0x00000258                _close
 .text._fstat   0x00000268       0x10 ./system/src/newlib/_syscalls.o
                0x00000268                _fstat
 .text._isatty  0x00000278       0x10 ./system/src/newlib/_syscalls.o
                0x00000278                _isatty
 .text._lseek   0x00000288       0x10 ./system/src/newlib/_syscalls.o
                0x00000288                _lseek
 .text._read    0x00000298       0x10 ./system/src/newlib/_syscalls.o
                0x00000298                _read
 .text.__initialize_hardware
                0x000002a8        0x8 ./system/src/cortexm/_initialize_hardware.o
                0x000002a8                __initialize_hardware
 .text.GetSystemClock
                0x000002b0        0xc ./system/src/cmsis/system_W7500x.o
                0x000002b0                GetSystemClock
 .text.GetSourceClock
                0x000002bc        0xc ./system/src/cmsis/system_W7500x.o
                0x000002bc                GetSourceClock
 .text.SystemInit
                0x000002c8       0x6c ./system/src/cmsis/system_W7500x.o
                0x000002c8                SystemInit
 .text.SystemCoreClockUpdate_User
                0x00000334       0x9c ./system/src/cmsis/system_W7500x.o
                0x00000334                SystemCoreClockUpdate_User
 .text.SystemInit_User
                0x000003d0       0x28 ./system/src/cmsis/system_W7500x.o
                0x000003d0                SystemInit_User
 .text.GPIO_Init
                0x000003f8      0x100 ./system/src/W7500x/W7500x_gpio.o
                0x000003f8                GPIO_Init
 .text.GPIO_StructInit
                0x000004f8       0x14 ./system/src/W7500x/W7500x_gpio.o
                0x000004f8                GPIO_StructInit
 .text.GPIO_ReadInputDataBit
                0x0000050c        0xc ./system/src/W7500x/W7500x_gpio.o
                0x0000050c                GPIO_ReadInputDataBit
 .text.GPIO_SetBits
                0x00000518       0x18 ./system/src/W7500x/W7500x_gpio.o
                0x00000518                GPIO_SetBits
 .text.GPIO_ResetBits
                0x00000530       0x1c ./system/src/W7500x/W7500x_gpio.o
                0x00000530                GPIO_ResetBits
 .text.PAD_AFConfig
                0x0000054c       0xa4 ./system/src/W7500x/W7500x_gpio.o
                0x0000054c                PAD_AFConfig
 .text.GPIO_Configuration
                0x000005f0       0x58 ./system/src/W7500x/W7500x_gpio.o
                0x000005f0                GPIO_Configuration
 .text.S_UART_SetBaud
                0x00000648       0x34 ./system/src/W7500x/W7500x_uart.o
                0x00000648                S_UART_SetBaud
 .text.S_UART_Init
                0x0000067c       0x18 ./system/src/W7500x/W7500x_uart.o
                0x0000067c                S_UART_Init
 .text.S_UART_SendData
                0x00000694       0x14 ./system/src/W7500x/W7500x_uart.o
                0x00000694                S_UART_SendData
 .text.S_UART_ReceiveData
                0x000006a8        0xc ./system/src/W7500x/W7500x_uart.o
                0x000006a8                S_UART_ReceiveData
 .text.S_UartPutc
                0x000006b4        0xc ./system/src/W7500x/W7500x_uart.o
                0x000006b4                S_UartPutc
 .text.S_UartGetc
                0x000006c0       0x18 ./system/src/W7500x/W7500x_uart.o
                0x000006c0                S_UartGetc
 .text.WIZCHIP_READ
                0x000006d8        0x8 ./system/src/W7500x/W7500x_wztoe.o
                0x000006d8                WIZCHIP_READ
 .text.WIZCHIP_WRITE
                0x000006e0        0x4 ./system/src/W7500x/W7500x_wztoe.o
                0x000006e0                WIZCHIP_WRITE
 .text.WIZCHIP_READ_BUF
                0x000006e4       0x1c ./system/src/W7500x/W7500x_wztoe.o
                0x000006e4                WIZCHIP_READ_BUF
 .text.WIZCHIP_WRITE_BUF
                0x00000700       0x1c ./system/src/W7500x/W7500x_wztoe.o
                0x00000700                WIZCHIP_WRITE_BUF
 .text.wiz_send_data
                0x0000071c       0x38 ./system/src/W7500x/W7500x_wztoe.o
                0x0000071c                wiz_send_data
 .text.wiz_recv_data
                0x00000754       0x38 ./system/src/W7500x/W7500x_wztoe.o
                0x00000754                wiz_recv_data
 .text.wiz_recv_ignore
                0x0000078c       0x30 ./system/src/W7500x/W7500x_wztoe.o
                0x0000078c                wiz_recv_ignore
 .text.output_MDIO
                0x000007bc       0x68 ./src/ioLibrary/MDIO/W7500x_miim.o
                0x000007bc                output_MDIO
 .text.input_MDIO
                0x00000824       0x54 ./src/ioLibrary/MDIO/W7500x_miim.o
                0x00000824                input_MDIO
 .text.turnaround_MDIO
                0x00000878       0x38 ./src/ioLibrary/MDIO/W7500x_miim.o
                0x00000878                turnaround_MDIO
 .text.idle_MDIO
                0x000008b0       0x30 ./src/ioLibrary/MDIO/W7500x_miim.o
                0x000008b0                idle_MDIO
 .text.phy_id   0x000008e0       0x7c ./src/ioLibrary/MDIO/W7500x_miim.o
                0x000008e0                phy_id
 .text.mdio_init
                0x0000095c       0x58 ./src/ioLibrary/MDIO/W7500x_miim.o
                0x0000095c                mdio_init
 .text.DHCP_time_handler
                0x000009b4       0x10 ./src/ioLibrary/Internet/DHCP/dhcp.o
                0x000009b4                DHCP_time_handler
 .text.close    0x000009c4       0x74 ./src/ioLibrary/Ethernet/socket.o
                0x000009c4                close
 .text.socket   0x00000a38      0x11c ./src/ioLibrary/Ethernet/socket.o
                0x00000a38                socket
 .text.listen   0x00000b54       0x74 ./src/ioLibrary/Ethernet/socket.o
                0x00000b54                listen
 .text.disconnect
                0x00000bc8       0x9c ./src/ioLibrary/Ethernet/socket.o
                0x00000bc8                disconnect
 .text.send     0x00000c64      0x16c ./src/ioLibrary/Ethernet/socket.o
                0x00000c64                send
 .text.recv     0x00000dd0      0x11c ./src/ioLibrary/Ethernet/socket.o
                0x00000dd0                recv
 .text.sendto   0x00000eec      0x1c0 ./src/ioLibrary/Ethernet/socket.o
                0x00000eec                sendto
 .text.recvfrom
                0x000010ac      0x214 ./src/ioLibrary/Ethernet/socket.o
                0x000010ac                recvfrom
 .text.wizchip_sw_reset
                0x000012c0      0x1b0 ./src/ioLibrary/Ethernet/wizchip_conf.o
                0x000012c0                wizchip_sw_reset
 .text.wizchip_setnetinfo
                0x00001470      0x100 ./src/ioLibrary/Ethernet/wizchip_conf.o
                0x00001470                wizchip_setnetinfo
 .text.wizchip_getnetinfo
                0x00001570      0x100 ./src/ioLibrary/Ethernet/wizchip_conf.o
                0x00001570                wizchip_getnetinfo
 .text.wizchip_setnetmode
                0x00001670       0x2c ./src/ioLibrary/Ethernet/wizchip_conf.o
                0x00001670                wizchip_setnetmode
 .text.wizchip_getnetmode
                0x0000169c       0x10 ./src/ioLibrary/Ethernet/wizchip_conf.o
                0x0000169c                wizchip_getnetmode
 .text.wizchip_settimeout
                0x000016ac       0x1c ./src/ioLibrary/Ethernet/wizchip_conf.o
                0x000016ac                wizchip_settimeout
 .text.wizchip_gettimeout
                0x000016c8       0x1c ./src/ioLibrary/Ethernet/wizchip_conf.o
                0x000016c8                wizchip_gettimeout
 .text.ctlnetwork
                0x000016e4       0x54 ./src/ioLibrary/Ethernet/wizchip_conf.o
                0x000016e4                ctlnetwork
 .text.device_set_factory_default
                0x00001738        0xc ./src/PlatformHandler/deviceHandler.o
                0x00001738                device_set_factory_default
 .text.device_socket_termination
                0x00001744       0x2c ./src/PlatformHandler/deviceHandler.o
                0x00001744                device_socket_termination
 .text.device_reboot
                0x00001770       0x20 ./src/PlatformHandler/deviceHandler.o
                0x00001770                device_reboot
 .text.get_firmware_from_network
                0x00001790      0x160 ./src/PlatformHandler/deviceHandler.o
                0x00001790                get_firmware_from_network
 .text.device_timer_msec
                0x000018f0       0xa0 ./src/PlatformHandler/deviceHandler.o
                0x000018f0                device_timer_msec
 .text.reset_fw_update_timer
                0x00001990       0x38 ./src/PlatformHandler/deviceHandler.o
                0x00001990                reset_fw_update_timer
 .text.device_firmware_update
                0x000019c8      0x184 ./src/PlatformHandler/deviceHandler.o
                0x000019c8                device_firmware_update
 .text.read_flash
                0x00001b4c       0x18 ./src/PlatformHandler/flashHandler.o
                0x00001b4c                read_flash
 .text.DO_IAP   0x00001b64       0x20 ./src/PlatformHandler/flashHandler.o
                0x00001b64                DO_IAP
 .text.erase_flash_sector
                0x00001b84       0x4c ./src/PlatformHandler/flashHandler.o
                0x00001b84                erase_flash_sector
 .text.erase_flash_block
                0x00001bd0       0x1c ./src/PlatformHandler/flashHandler.o
                0x00001bd0                erase_flash_block
 .text.write_flash
                0x00001bec       0x60 ./src/PlatformHandler/flashHandler.o
                0x00001bec                write_flash
 .text.read_storage
                0x00001c4c       0x58 ./src/PlatformHandler/storageHandler.o
                0x00001c4c                read_storage
 .text.erase_storage
                0x00001ca4       0x58 ./src/PlatformHandler/storageHandler.o
                0x00001ca4                erase_storage
 .text.write_storage
                0x00001cfc       0x68 ./src/PlatformHandler/storageHandler.o
                0x00001cfc                write_storage
 .text.Time_Counter_Configuration
                0x00001d64        0xc ./src/PlatformHandler/timerHandler.o
                0x00001d64                Time_Counter_Configuration
 .text.Timer_IRQ_Handler
                0x00001d70       0x98 ./src/PlatformHandler/timerHandler.o
                0x00001d70                Timer_IRQ_Handler
 .text.Time_Counter
                0x00001e08       0x20 ./src/PlatformHandler/timerHandler.o
                0x00001e08                Time_Counter
 .text.set_phylink_time_check
                0x00001e28        0x4 ./src/PlatformHandler/timerHandler.o
                0x00001e28                set_phylink_time_check
 .text.UART2_Configuration
                0x00001e2c        0xc ./src/PlatformHandler/uartHandler.o
                0x00001e2c                UART2_Configuration
 .text.get_DevConfig_pointer
                0x00001e38        0x8 ./src/Configuration/ConfigData.o
                0x00001e38                get_DevConfig_pointer
 .text.set_DevConfig_to_factory_value
                0x00001e40      0x214 ./src/Configuration/ConfigData.o
                0x00001e40                set_DevConfig_to_factory_value
 .text.load_DevConfig_from_storage
                0x00002054       0x74 ./src/Configuration/ConfigData.o
                0x00002054                load_DevConfig_from_storage
 .text.save_DevConfig_to_storage
                0x000020c8       0x68 ./src/Configuration/ConfigData.o
                0x000020c8                save_DevConfig_to_storage
 .text.get_DevConfig_value
                0x00002130        0x8 ./src/Configuration/ConfigData.o
                0x00002130                get_DevConfig_value
 .text.display_Net_Info
                0x00002138      0x130 ./src/Configuration/ConfigData.o
                0x00002138                display_Net_Info
 .text.Net_Conf
                0x00002268       0x70 ./src/Configuration/ConfigData.o
                0x00002268                Net_Conf
 .text.parse_SEGCP
                0x000022d8       0x98 ./src/Configuration/segcp.o
                0x000022d8                parse_SEGCP
 .text.proc_SEGCP
                0x00002370      0xc34 ./src/Configuration/segcp.o
                0x00002370                proc_SEGCP
 .text.proc_SEGCP_udp
                0x00002fa4      0x1ac ./src/Configuration/segcp.o
                0x00002fa4                proc_SEGCP_udp
 .text.do_segcp
                0x00003150       0xc0 ./src/Configuration/segcp.o
                0x00003150                do_segcp
 .text.segcp_timer_msec
                0x00003210        0x4 ./src/Configuration/segcp.o
                0x00003210                segcp_timer_msec
 .text.is_ipaddr
                0x00003214       0xd4 ./src/Configuration/util.o
                0x00003214                is_ipaddr
 .text.is_hexstr
                0x000032e8       0x34 ./src/Configuration/util.o
                0x000032e8                is_hexstr
 .text.is_hex   0x0000331c       0x38 ./src/Configuration/util.o
                0x0000331c                is_hex
 .text.str_to_hex
                0x00003354       0x64 ./src/Configuration/util.o
                0x00003354                str_to_hex
 .text.is_macaddr
                0x000033b8       0x8c ./src/Configuration/util.o
                0x000033b8                is_macaddr
 .text.PHY_Init
                0x00003444       0x34 ./src/W7500x_board.o
 .text.Supervisory_IC_Init
                0x00003478       0x14 ./src/W7500x_board.o
                0x00003478                Supervisory_IC_Init
 .text.init_phylink_in_pin
                0x0000348c       0x14 ./src/W7500x_board.o
                0x0000348c                init_phylink_in_pin
 .text.init_hw_trig_pin
                0x000034a0       0x18 ./src/W7500x_board.o
                0x000034a0                init_hw_trig_pin
 .text.get_hw_trig_pin
                0x000034b8       0x2c ./src/W7500x_board.o
                0x000034b8                get_hw_trig_pin
 .text.init_uart_if_sel_pin
                0x000034e4       0x14 ./src/W7500x_board.o
                0x000034e4                init_uart_if_sel_pin
 .text.get_uart_if_sel_pin
                0x000034f8       0x10 ./src/W7500x_board.o
                0x000034f8                get_uart_if_sel_pin
 .text.init_boot_entry_pin
                0x00003508       0x1c ./src/W7500x_board.o
                0x00003508                init_boot_entry_pin
 .text.get_boot_entry_pin
                0x00003524       0x10 ./src/W7500x_board.o
                0x00003524                get_boot_entry_pin
 .text.LED_Init
                0x00003534       0x50 ./src/W7500x_board.o
                0x00003534                LED_Init
 .text.W7500x_Board_Init
                0x00003584       0x30 ./src/W7500x_board.o
                0x00003584                W7500x_Board_Init
 .text.LED_On   0x000035b4       0x24 ./src/W7500x_board.o
                0x000035b4                LED_On
 .text.LED_Toggle
                0x000035d8       0x20 ./src/W7500x_board.o
                0x000035d8                LED_Toggle
 .text.NMI_Handler
                0x000035f8        0x4 ./src/W7500x_it.o
                0x000035f8                NMI_Handler
 .text.HardFault_Handler
                0x000035fc        0x4 ./src/W7500x_it.o
                0x000035fc                HardFault_Handler
 .text.SVC_Handler
                0x00003600        0x4 ./src/W7500x_it.o
                0x00003600                SVC_Handler
 .text.PendSV_Handler
                0x00003604        0x4 ./src/W7500x_it.o
                0x00003604                PendSV_Handler
 .text.SysTick_Handler
                0x00003608        0x4 ./src/W7500x_it.o
                0x00003608                SysTick_Handler
 .text.SSP0_Handler
                0x0000360c        0x4 ./src/W7500x_it.o
                0x0000360c                SSP0_Handler
 .text.SSP1_Handler
                0x00003610        0x4 ./src/W7500x_it.o
                0x00003610                SSP1_Handler
 .text.UART0_Handler
                0x00003614        0x4 ./src/W7500x_it.o
                0x00003614                UART0_Handler
 .text.UART1_Handler
                0x00003618        0x4 ./src/W7500x_it.o
                0x00003618                UART1_Handler
 .text.UART2_Handler
                0x0000361c        0x4 ./src/W7500x_it.o
                0x0000361c                UART2_Handler
 .text.I2C0_Handler
                0x00003620        0x4 ./src/W7500x_it.o
                0x00003620                I2C0_Handler
 .text.I2C1_Handler
                0x00003624        0x4 ./src/W7500x_it.o
                0x00003624                I2C1_Handler
 .text.PORT0_Handler
                0x00003628        0x4 ./src/W7500x_it.o
                0x00003628                PORT0_Handler
 .text.PORT1_Handler
                0x0000362c        0x4 ./src/W7500x_it.o
                0x0000362c                PORT1_Handler
 .text.PORT2_Handler
                0x00003630        0x4 ./src/W7500x_it.o
                0x00003630                PORT2_Handler
 .text.PORT3_Handler
                0x00003634        0x4 ./src/W7500x_it.o
                0x00003634                PORT3_Handler
 .text.DMA_Handler
                0x00003638        0x4 ./src/W7500x_it.o
                0x00003638                DMA_Handler
 .text.DUALTIMER0_Handler
                0x0000363c        0x4 ./src/W7500x_it.o
                0x0000363c                DUALTIMER0_Handler
 .text.DUALTIMER1_Handler
                0x00003640        0x4 ./src/W7500x_it.o
                0x00003640                DUALTIMER1_Handler
 .text.PWM0_Handler
                0x00003644        0x4 ./src/W7500x_it.o
                0x00003644                PWM0_Handler
 .text.PWM1_Handler
                0x00003648        0x4 ./src/W7500x_it.o
                0x00003648                PWM1_Handler
 .text.PWM2_Handler
                0x0000364c        0x4 ./src/W7500x_it.o
                0x0000364c                PWM2_Handler
 .text.PWM3_Handler
                0x00003650        0x4 ./src/W7500x_it.o
                0x00003650                PWM3_Handler
 .text.PWM4_Handler
                0x00003654        0x4 ./src/W7500x_it.o
                0x00003654                PWM4_Handler
 .text.PWM5_Handler
                0x00003658        0x4 ./src/W7500x_it.o
                0x00003658                PWM5_Handler
 .text.PWM6_Handler
                0x0000365c        0x4 ./src/W7500x_it.o
                0x0000365c                PWM6_Handler
 .text.PWM7_Handler
                0x00003660        0x4 ./src/W7500x_it.o
                0x00003660                PWM7_Handler
 .text.ADC_Handler
                0x00003664        0x4 ./src/W7500x_it.o
                0x00003664                ADC_Handler
 .text.WZTOE_Handler
                0x00003668        0x4 ./src/W7500x_it.o
                0x00003668                WZTOE_Handler
 .text.EXTI_Handler
                0x0000366c        0x4 ./src/W7500x_it.o
                0x0000366c                EXTI_Handler
 .text.W7500x_Init
                0x00003670       0x20 ./src/main.o
 .text.W7500x_WZTOE_Init
                0x00003690       0x34 ./src/main.o
 .text.application_jump
                0x000036c4       0x10 ./src/main.o
                0x000036c4                application_jump
 .text.display_Dev_Info_header
                0x000036d4       0x60 ./src/main.o
                0x000036d4                display_Dev_Info_header
 .text.check_mac_address
                0x00003734      0x100 ./src/main.o
                0x00003734                check_mac_address
 .text.Copy_Interrupt_VectorTable
                0x00003834       0x58 ./src/main.o
                0x00003834                Copy_Interrupt_VectorTable
 .text.delay    0x0000388c       0x2c ./src/main.o
                0x0000388c                delay
 .text.main     0x000038b8      0x10c ./src/main.o
                0x000038b8                main
 .text._write   0x000039c4       0x1c ./src/retarget.o
                0x000039c4                _write
 .text          0x000039e0       0x9c c:/program files (x86)/gnu tools arm embedded/4.8 2014q1/bin/../lib/gcc/arm-none-eabi/4.8.3/armv6-m\libgcc.a(_udivsi3.o)
                0x000039e0                __aeabi_uidiv
                0x000039e0                __udivsi3
                0x00003a68                __aeabi_uidivmod
 .text          0x00003a7c        0x4 c:/program files (x86)/gnu tools arm embedded/4.8 2014q1/bin/../lib/gcc/arm-none-eabi/4.8.3/armv6-m\libgcc.a(_dvmd_tls.o)
                0x00003a7c                __aeabi_idiv0
                0x00003a7c                __aeabi_ldiv0
 .text.atoi     0x00003a80        0xc c:/program files (x86)/gnu tools arm embedded/4.8 2014q1/bin/../lib/gcc/arm-none-eabi/4.8.3/../../../../arm-none-eabi/lib/armv6-m\libg_s.a(lib_a-atoi.o)
                0x00003a80                atoi
 .text.atol     0x00003a8c        0xc c:/program files (x86)/gnu tools arm embedded/4.8 2014q1/bin/../lib/gcc/arm-none-eabi/4.8.3/../../../../arm-none-eabi/lib/armv6-m\libg_s.a(lib_a-atol.o)
                0x00003a8c                atol
 .text.__errno  0x00003a98        0xc c:/program files (x86)/gnu tools arm embedded/4.8 2014q1/bin/../lib/gcc/arm-none-eabi/4.8.3/../../../../arm-none-eabi/lib/armv6-m\libg_s.a(lib_a-errno.o)
                0x00003a98                __errno
 .text.memcmp   0x00003aa4       0x1e c:/program files (x86)/gnu tools arm embedded/4.8 2014q1/bin/../lib/gcc/arm-none-eabi/4.8.3/../../../../arm-none-eabi/lib/armv6-m\libg_s.a(lib_a-memcmp.o)
                0x00003aa4                memcmp
 .text.memcpy   0x00003ac2       0x12 c:/program files (x86)/gnu tools arm embedded/4.8 2014q1/bin/../lib/gcc/arm-none-eabi/4.8.3/../../../../arm-none-eabi/lib/armv6-m\libg_s.a(lib_a-memcpy-stub.o)
                0x00003ac2                memcpy
 .text.memset   0x00003ad4       0x10 c:/program files (x86)/gnu tools arm embedded/4.8 2014q1/bin/../lib/gcc/arm-none-eabi/4.8.3/../../../../arm-none-eabi/lib/armv6-m\libg_s.a(lib_a-memset.o)
                0x00003ad4                memset
 .text.printf   0x00003ae4       0x34 c:/program files (x86)/gnu tools arm embedded/4.8 2014q1/bin/../lib/gcc/arm-none-eabi/4.8.3/../../../../arm-none-eabi/lib/armv6-m\libg_s.a(lib_a-printf.o)
                0x00003ae4                iprintf
                0x00003ae4                printf
 .text._puts_r  0x00003b18       0xc2 c:/program files (x86)/gnu tools arm embedded/4.8 2014q1/bin/../lib/gcc/arm-none-eabi/4.8.3/../../../../arm-none-eabi/lib/armv6-m\libg_s.a(lib_a-puts.o)
                0x00003b18                _puts_r
 *fill*         0x00003bda        0x2 
 .text.puts     0x00003bdc       0x14 c:/program files (x86)/gnu tools arm embedded/4.8 2014q1/bin/../lib/gcc/arm-none-eabi/4.8.3/../../../../arm-none-eabi/lib/armv6-m\libg_s.a(lib_a-puts.o)
                0x00003bdc                puts
 .text.sprintf  0x00003bf0       0x44 c:/program files (x86)/gnu tools arm embedded/4.8 2014q1/bin/../lib/gcc/arm-none-eabi/4.8.3/../../../../arm-none-eabi/lib/armv6-m\libg_s.a(lib_a-sprintf.o)
                0x00003bf0                siprintf
                0x00003bf0                sprintf
 .text.sscanf   0x00003c34       0x50 c:/program files (x86)/gnu tools arm embedded/4.8 2014q1/bin/../lib/gcc/arm-none-eabi/4.8.3/../../../../arm-none-eabi/lib/armv6-m\libg_s.a(lib_a-sscanf.o)
                0x00003c34                siscanf
                0x00003c34                sscanf
 .text.__sread  0x00003c84       0x28 c:/program files (x86)/gnu tools arm embedded/4.8 2014q1/bin/../lib/gcc/arm-none-eabi/4.8.3/../../../../arm-none-eabi/lib/armv6-m\libg_s.a(lib_a-stdio.o)
                0x00003c84                __sread
 .text.__seofread
                0x00003cac        0x4 c:/program files (x86)/gnu tools arm embedded/4.8 2014q1/bin/../lib/gcc/arm-none-eabi/4.8.3/../../../../arm-none-eabi/lib/armv6-m\libg_s.a(lib_a-stdio.o)
                0x00003cac                __seofread
 .text.__swrite
                0x00003cb0       0x38 c:/program files (x86)/gnu tools arm embedded/4.8 2014q1/bin/../lib/gcc/arm-none-eabi/4.8.3/../../../../arm-none-eabi/lib/armv6-m\libg_s.a(lib_a-stdio.o)
                0x00003cb0                __swrite
 .text.__sseek  0x00003ce8       0x2c c:/program files (x86)/gnu tools arm embedded/4.8 2014q1/bin/../lib/gcc/arm-none-eabi/4.8.3/../../../../arm-none-eabi/lib/armv6-m\libg_s.a(lib_a-stdio.o)
                0x00003ce8                __sseek
 .text.__sclose
                0x00003d14        0xc c:/program files (x86)/gnu tools arm embedded/4.8 2014q1/bin/../lib/gcc/arm-none-eabi/4.8.3/../../../../arm-none-eabi/lib/armv6-m\libg_s.a(lib_a-stdio.o)
                0x00003d14                __sclose
 .text.strchr   0x00003d20       0x18 c:/program files (x86)/gnu tools arm embedded/4.8 2014q1/bin/../lib/gcc/arm-none-eabi/4.8.3/../../../../arm-none-eabi/lib/armv6-m\libg_s.a(lib_a-strchr.o)
                0x00003d20                strchr
 .text          0x00003d38       0x14 c:/program files (x86)/gnu tools arm embedded/4.8 2014q1/bin/../lib/gcc/arm-none-eabi/4.8.3/../../../../arm-none-eabi/lib/armv6-m\libg_s.a(lib_a-strcmp.o)
                0x00003d38                strcmp
 .text.strcpy   0x00003d4c       0x10 c:/program files (x86)/gnu tools arm embedded/4.8 2014q1/bin/../lib/gcc/arm-none-eabi/4.8.3/../../../../arm-none-eabi/lib/armv6-m\libg_s.a(lib_a-strcpy.o)
                0x00003d4c                strcpy
 .text.strlen   0x00003d5c        0xe c:/program files (x86)/gnu tools arm embedded/4.8 2014q1/bin/../lib/gcc/arm-none-eabi/4.8.3/../../../../arm-none-eabi/lib/armv6-m\libg_s.a(lib_a-strlen.o)
                0x00003d5c                strlen
 .text.strncmp  0x00003d6a       0x2c c:/program files (x86)/gnu tools arm embedded/4.8 2014q1/bin/../lib/gcc/arm-none-eabi/4.8.3/../../../../arm-none-eabi/lib/armv6-m\libg_s.a(lib_a-strncmp.o)
                0x00003d6a                strncmp
 *fill*         0x00003d96        0x2 
 .text.strtok   0x00003d98       0x64 c:/program files (x86)/gnu tools arm embedded/4.8 2014q1/bin/../lib/gcc/arm-none-eabi/4.8.3/../../../../arm-none-eabi/lib/armv6-m\libg_s.a(lib_a-strtok.o)
                0x00003d98                strtok
 .text.__strtok_r
                0x00003dfc       0x5c c:/program files (x86)/gnu tools arm embedded/4.8 2014q1/bin/../lib/gcc/arm-none-eabi/4.8.3/../../../../arm-none-eabi/lib/armv6-m\libg_s.a(lib_a-strtok_r.o)
                0x00003dfc                __strtok_r
 .text._strtol_r
                0x00003e58      0x114 c:/program files (x86)/gnu tools arm embedded/4.8 2014q1/bin/../lib/gcc/arm-none-eabi/4.8.3/../../../../arm-none-eabi/lib/armv6-m\libg_s.a(lib_a-strtol.o)
                0x00003e58                _strtol_r
 .text.strtol   0x00003f6c       0x1c c:/program files (x86)/gnu tools arm embedded/4.8 2014q1/bin/../lib/gcc/arm-none-eabi/4.8.3/../../../../arm-none-eabi/lib/armv6-m\libg_s.a(lib_a-strtol.o)
                0x00003f6c                strtol
 .text.__ssputs_r
                0x00003f88       0xc0 c:/program files (x86)/gnu tools arm embedded/4.8 2014q1/bin/../lib/gcc/arm-none-eabi/4.8.3/../../../../arm-none-eabi/lib/armv6-m\libg_s.a(lib_a-svfprintf.o)
                0x00003f88                __ssputs_r
 .text._svfprintf_r
                0x00004048      0x1e0 c:/program files (x86)/gnu tools arm embedded/4.8 2014q1/bin/../lib/gcc/arm-none-eabi/4.8.3/../../../../arm-none-eabi/lib/armv6-m\libg_s.a(lib_a-svfprintf.o)
                0x00004048                _svfiprintf_r
                0x00004048                _svfprintf_r
 .text._sungetc_r
                0x00004228       0x7a c:/program files (x86)/gnu tools arm embedded/4.8 2014q1/bin/../lib/gcc/arm-none-eabi/4.8.3/../../../../arm-none-eabi/lib/armv6-m\libg_s.a(lib_a-svfscanf.o)
                0x00004228                _sungetc_r
 .text.__ssrefill_r
                0x000042a2       0x3e c:/program files (x86)/gnu tools arm embedded/4.8 2014q1/bin/../lib/gcc/arm-none-eabi/4.8.3/../../../../arm-none-eabi/lib/armv6-m\libg_s.a(lib_a-svfscanf.o)
                0x000042a2                __ssrefill_r
 .text.__ssvfscanf_r
                0x000042e0      0x2b0 c:/program files (x86)/gnu tools arm embedded/4.8 2014q1/bin/../lib/gcc/arm-none-eabi/4.8.3/../../../../arm-none-eabi/lib/armv6-m\libg_s.a(lib_a-svfscanf.o)
                0x000042e0                __ssvfiscanf_r
                0x000042e0                __ssvfscanf_r
 .text.__submore
                0x00004590       0x7c c:/program files (x86)/gnu tools arm embedded/4.8 2014q1/bin/../lib/gcc/arm-none-eabi/4.8.3/../../../../arm-none-eabi/lib/armv6-m\libg_s.a(lib_a-ungetc.o)
                0x00004590                __submore
 .text.__sfputc_r
                0x0000460c       0x2a c:/program files (x86)/gnu tools arm embedded/4.8 2014q1/bin/../lib/gcc/arm-none-eabi/4.8.3/../../../../arm-none-eabi/lib/armv6-m\libg_s.a(lib_a-vfprintf.o)
 .text.__sfputs_r
                0x00004636       0x24 c:/program files (x86)/gnu tools arm embedded/4.8 2014q1/bin/../lib/gcc/arm-none-eabi/4.8.3/../../../../arm-none-eabi/lib/armv6-m\libg_s.a(lib_a-vfprintf.o)
                0x00004636                __sfputs_r
 *fill*         0x0000465a        0x2 
 .text._vfprintf_r
                0x0000465c      0x210 c:/program files (x86)/gnu tools arm embedded/4.8 2014q1/bin/../lib/gcc/arm-none-eabi/4.8.3/../../../../arm-none-eabi/lib/armv6-m\libg_s.a(lib_a-vfprintf.o)
                0x0000465c                _vfprintf_r
                0x0000465c                _vfiprintf_r
 .text._printf_common
                0x0000486c       0xe8 c:/program files (x86)/gnu tools arm embedded/4.8 2014q1/bin/../lib/gcc/arm-none-eabi/4.8.3/../../../../arm-none-eabi/lib/armv6-m\libg_s.a(lib_a-vfprintf_i.o)
                0x0000486c                _printf_common
 .text._printf_i
                0x00004954      0x22c c:/program files (x86)/gnu tools arm embedded/4.8 2014q1/bin/../lib/gcc/arm-none-eabi/4.8.3/../../../../arm-none-eabi/lib/armv6-m\libg_s.a(lib_a-vfprintf_i.o)
                0x00004954                _printf_i
 .text._scanf_chars
                0x00004b80       0xc8 c:/program files (x86)/gnu tools arm embedded/4.8 2014q1/bin/../lib/gcc/arm-none-eabi/4.8.3/../../../../arm-none-eabi/lib/armv6-m\libg_s.a(lib_a-vfscanf_i.o)
                0x00004b80                _scanf_chars
 .text._scanf_i
                0x00004c48      0x1fc c:/program files (x86)/gnu tools arm embedded/4.8 2014q1/bin/../lib/gcc/arm-none-eabi/4.8.3/../../../../arm-none-eabi/lib/armv6-m\libg_s.a(lib_a-vfscanf_i.o)
                0x00004c48                _scanf_i
 .text.__swbuf_r
                0x00004e44       0xb0 c:/program files (x86)/gnu tools arm embedded/4.8 2014q1/bin/../lib/gcc/arm-none-eabi/4.8.3/../../../../arm-none-eabi/lib/armv6-m\libg_s.a(lib_a-wbuf.o)
                0x00004e44                __swbuf_r
 .text._write_r
                0x00004ef4       0x28 c:/program files (x86)/gnu tools arm embedded/4.8 2014q1/bin/../lib/gcc/arm-none-eabi/4.8.3/../../../../arm-none-eabi/lib/armv6-m\libg_s.a(lib_a-writer.o)
                0x00004ef4                _write_r
 .text.__swsetup_r
                0x00004f1c       0xe4 c:/program files (x86)/gnu tools arm embedded/4.8 2014q1/bin/../lib/gcc/arm-none-eabi/4.8.3/../../../../arm-none-eabi/lib/armv6-m\libg_s.a(lib_a-wsetup.o)
                0x00004f1c                __swsetup_r
 .text._close_r
                0x00005000       0x24 c:/program files (x86)/gnu tools arm embedded/4.8 2014q1/bin/../lib/gcc/arm-none-eabi/4.8.3/../../../../arm-none-eabi/lib/armv6-m\libg_s.a(lib_a-closer.o)
                0x00005000                _close_r
 .text.__sflush_r
                0x00005024      0x112 c:/program files (x86)/gnu tools arm embedded/4.8 2014q1/bin/../lib/gcc/arm-none-eabi/4.8.3/../../../../arm-none-eabi/lib/armv6-m\libg_s.a(lib_a-fflush.o)
                0x00005024                __sflush_r
 *fill*         0x00005136        0x2 
 .text._fflush_r
                0x00005138       0x58 c:/program files (x86)/gnu tools arm embedded/4.8 2014q1/bin/../lib/gcc/arm-none-eabi/4.8.3/../../../../arm-none-eabi/lib/armv6-m\libg_s.a(lib_a-fflush.o)
                0x00005138                _fflush_r
 .text._cleanup_r
                0x00005190       0x34 c:/program files (x86)/gnu tools arm embedded/4.8 2014q1/bin/../lib/gcc/arm-none-eabi/4.8.3/../../../../arm-none-eabi/lib/armv6-m\libg_s.a(lib_a-findfp.o)
                0x00005190                _cleanup_r
 .text.std.isra.0
                0x000051c4       0x48 c:/program files (x86)/gnu tools arm embedded/4.8 2014q1/bin/../lib/gcc/arm-none-eabi/4.8.3/../../../../arm-none-eabi/lib/armv6-m\libg_s.a(lib_a-findfp.o)
 .text.__sfmoreglue
                0x0000520c       0x2c c:/program files (x86)/gnu tools arm embedded/4.8 2014q1/bin/../lib/gcc/arm-none-eabi/4.8.3/../../../../arm-none-eabi/lib/armv6-m\libg_s.a(lib_a-findfp.o)
                0x0000520c                __sfmoreglue
 .text.__sinit  0x00005238       0x64 c:/program files (x86)/gnu tools arm embedded/4.8 2014q1/bin/../lib/gcc/arm-none-eabi/4.8.3/../../../../arm-none-eabi/lib/armv6-m\libg_s.a(lib_a-findfp.o)
                0x00005238                __sinit
 .text.__sfp    0x0000529c       0x7c c:/program files (x86)/gnu tools arm embedded/4.8 2014q1/bin/../lib/gcc/arm-none-eabi/4.8.3/../../../../arm-none-eabi/lib/armv6-m\libg_s.a(lib_a-findfp.o)
                0x0000529c                __sfp
 .text._lseek_r
                0x00005318       0x28 c:/program files (x86)/gnu tools arm embedded/4.8 2014q1/bin/../lib/gcc/arm-none-eabi/4.8.3/../../../../arm-none-eabi/lib/armv6-m\libg_s.a(lib_a-lseekr.o)
                0x00005318                _lseek_r
 .text.__smakebuf_r
                0x00005340       0xa0 c:/program files (x86)/gnu tools arm embedded/4.8 2014q1/bin/../lib/gcc/arm-none-eabi/4.8.3/../../../../arm-none-eabi/lib/armv6-m\libg_s.a(lib_a-makebuf.o)
                0x00005340                __smakebuf_r
 .text.malloc   0x000053e0       0x14 c:/program files (x86)/gnu tools arm embedded/4.8 2014q1/bin/../lib/gcc/arm-none-eabi/4.8.3/../../../../arm-none-eabi/lib/armv6-m\libg_s.a(lib_a-malloc.o)
                0x000053e0                malloc
 .text.memchr   0x000053f4       0x16 c:/program files (x86)/gnu tools arm embedded/4.8 2014q1/bin/../lib/gcc/arm-none-eabi/4.8.3/../../../../arm-none-eabi/lib/armv6-m\libg_s.a(lib_a-memchr-stub.o)
                0x000053f4                memchr
 .text.memmove  0x0000540a       0x32 c:/program files (x86)/gnu tools arm embedded/4.8 2014q1/bin/../lib/gcc/arm-none-eabi/4.8.3/../../../../arm-none-eabi/lib/armv6-m\libg_s.a(lib_a-memmove.o)
                0x0000540a                memmove
 .text._free_r  0x0000543c       0x90 c:/program files (x86)/gnu tools arm embedded/4.8 2014q1/bin/../lib/gcc/arm-none-eabi/4.8.3/../../../../arm-none-eabi/lib/armv6-m\libg_s.a(lib_a-nano-freer.o)
                0x0000543c                _free_r
 .text._malloc_r
                0x000054cc       0xa8 c:/program files (x86)/gnu tools arm embedded/4.8 2014q1/bin/../lib/gcc/arm-none-eabi/4.8.3/../../../../arm-none-eabi/lib/armv6-m\libg_s.a(lib_a-nano-mallocr.o)
                0x000054cc                _malloc_r
 .text._realloc_r
                0x00005574       0x4c c:/program files (x86)/gnu tools arm embedded/4.8 2014q1/bin/../lib/gcc/arm-none-eabi/4.8.3/../../../../arm-none-eabi/lib/armv6-m\libg_s.a(lib_a-nano-reallocr.o)
                0x00005574                _realloc_r
 .text._read_r  0x000055c0       0x28 c:/program files (x86)/gnu tools arm embedded/4.8 2014q1/bin/../lib/gcc/arm-none-eabi/4.8.3/../../../../arm-none-eabi/lib/armv6-m\libg_s.a(lib_a-readr.o)
                0x000055c0                _read_r
 .text._sbrk_r  0x000055e8       0x24 c:/program files (x86)/gnu tools arm embedded/4.8 2014q1/bin/../lib/gcc/arm-none-eabi/4.8.3/../../../../arm-none-eabi/lib/armv6-m\libg_s.a(lib_a-sbrkr.o)
                0x000055e8                _sbrk_r
 .text.__sccl   0x0000560c       0x66 c:/program files (x86)/gnu tools arm embedded/4.8 2014q1/bin/../lib/gcc/arm-none-eabi/4.8.3/../../../../arm-none-eabi/lib/armv6-m\libg_s.a(lib_a-sccl.o)
                0x0000560c                __sccl
 *fill*         0x00005672        0x2 
 .text._strtoul_r
                0x00005674       0xf8 c:/program files (x86)/gnu tools arm embedded/4.8 2014q1/bin/../lib/gcc/arm-none-eabi/4.8.3/../../../../arm-none-eabi/lib/armv6-m\libg_s.a(lib_a-strtoul.o)
                0x00005674                _strtoul_r
 .text._fstat_r
                0x0000576c       0x24 c:/program files (x86)/gnu tools arm embedded/4.8 2014q1/bin/../lib/gcc/arm-none-eabi/4.8.3/../../../../arm-none-eabi/lib/armv6-m\libg_s.a(lib_a-fstatr.o)
                0x0000576c                _fstat_r
 .text._isatty_r
                0x00005790       0x24 c:/program files (x86)/gnu tools arm embedded/4.8 2014q1/bin/../lib/gcc/arm-none-eabi/4.8.3/../../../../arm-none-eabi/lib/armv6-m\libg_s.a(lib_a-isattyr.o)
                0x00005790                _isatty_r
 .text._malloc_usable_size_r
                0x000057b4       0x12 c:/program files (x86)/gnu tools arm embedded/4.8 2014q1/bin/../lib/gcc/arm-none-eabi/4.8.3/../../../../arm-none-eabi/lib/armv6-m\libg_s.a(lib_a-nano-msizer.o)
                0x000057b4                _malloc_usable_size_r
 *(.rodata .rodata.* .constdata .constdata.*)
 *fill*         0x000057c6        0x2 
 .rodata.str1.4
                0x000057c8       0x19 ./src/ioLibrary/MDIO/W7500x_miim.o
                                 0x1c (size before relaxing)
 *fill*         0x000057e1        0x3 
 .rodata.ctlnetwork
                0x000057e4       0x18 ./src/ioLibrary/Ethernet/wizchip_conf.o
 .rodata.str1.4
                0x000057fc      0x189 ./src/PlatformHandler/deviceHandler.o
                                0x18c (size before relaxing)
 *fill*         0x00005985        0x3 
 .rodata.str1.4
                0x00005988       0x17 ./src/PlatformHandler/uartHandler.o
                                 0x18 (size before relaxing)
 *fill*         0x0000599f        0x1 
 .rodata.str1.4
                0x000059a0      0x176 ./src/Configuration/ConfigData.o
                                0x17c (size before relaxing)
 *fill*         0x00005b16        0x2 
 .rodata.proc_SEGCP
                0x00005b18      0x1c8 ./src/Configuration/segcp.o
 .rodata.str1.4
                0x00005ce0      0x204 ./src/Configuration/segcp.o
                                0x214 (size before relaxing)
 .rodata.LED_PIN
                0x00005ee4        0x4 ./src/W7500x_board.o
                0x00005ee4                LED_PIN
 .rodata.str1.4
                0x00005ee8       0xb0 ./src/main.o
                                 0xbc (size before relaxing)
 .rodata._ctype_
                0x00005f98      0x101 c:/program files (x86)/gnu tools arm embedded/4.8 2014q1/bin/../lib/gcc/arm-none-eabi/4.8.3/../../../../arm-none-eabi/lib/armv6-m\libg_s.a(lib_a-ctype_.o)
                0x00005f98                _ctype_
 .rodata.str1.1
                0x00006099        0x2 c:/program files (x86)/gnu tools arm embedded/4.8 2014q1/bin/../lib/gcc/arm-none-eabi/4.8.3/../../../../arm-none-eabi/lib/armv6-m\libg_s.a(lib_a-impure.o)
 *fill*         0x0000609b        0x1 
 .rodata._global_impure_ptr
                0x0000609c        0x4 c:/program files (x86)/gnu tools arm embedded/4.8 2014q1/bin/../lib/gcc/arm-none-eabi/4.8.3/../../../../arm-none-eabi/lib/armv6-m\libg_s.a(lib_a-impure.o)
                0x0000609c                _global_impure_ptr
 .rodata.str1.1
                0x000060a0       0x11 c:/program files (x86)/gnu tools arm embedded/4.8 2014q1/bin/../lib/gcc/arm-none-eabi/4.8.3/../../../../arm-none-eabi/lib/armv6-m\libg_s.a(lib_a-svfprintf.o)
 .rodata.str1.1
                0x00000000        0x4 c:/program files (x86)/gnu tools arm embedded/4.8 2014q1/bin/../lib/gcc/arm-none-eabi/4.8.3/../../../../arm-none-eabi/lib/armv6-m\libg_s.a(lib_a-svfscanf.o)
 .rodata.str1.1
                0x00000000       0x11 c:/program files (x86)/gnu tools arm embedded/4.8 2014q1/bin/../lib/gcc/arm-none-eabi/4.8.3/../../../../arm-none-eabi/lib/armv6-m\libg_s.a(lib_a-vfprintf.o)
 .rodata.str1.1
                0x000060b1       0x22 c:/program files (x86)/gnu tools arm embedded/4.8 2014q1/bin/../lib/gcc/arm-none-eabi/4.8.3/../../../../arm-none-eabi/lib/armv6-m\libg_s.a(lib_a-vfprintf_i.o)
 *fill*         0x000060d3        0x1 
 .rodata        0x000060d4        0xc c:/program files (x86)/gnu tools arm embedded/4.8 2014q1/bin/../lib/gcc/arm-none-eabi/4.8.3/../../../../arm-none-eabi/lib/armv6-m\libg_s.a(lib_a-vfscanf_i.o)
 .rodata.str1.1
                0x000060e0       0x1b c:/program files (x86)/gnu tools arm embedded/4.8 2014q1/bin/../lib/gcc/arm-none-eabi/4.8.3/../../../../arm-none-eabi/lib/armv6-m\libg_s.a(lib_a-vfscanf_i.o)
 *fill*         0x000060fb        0x1 
 .rodata.__sf_fake_stdin
                0x000060fc       0x20 c:/program files (x86)/gnu tools arm embedded/4.8 2014q1/bin/../lib/gcc/arm-none-eabi/4.8.3/../../../../arm-none-eabi/lib/armv6-m\libg_s.a(lib_a-findfp.o)
                0x000060fc                __sf_fake_stdin
 .rodata.__sf_fake_stdout
                0x0000611c       0x20 c:/program files (x86)/gnu tools arm embedded/4.8 2014q1/bin/../lib/gcc/arm-none-eabi/4.8.3/../../../../arm-none-eabi/lib/armv6-m\libg_s.a(lib_a-findfp.o)
                0x0000611c                __sf_fake_stdout
 .rodata.__sf_fake_stderr
                0x0000613c       0x20 c:/program files (x86)/gnu tools arm embedded/4.8 2014q1/bin/../lib/gcc/arm-none-eabi/4.8.3/../../../../arm-none-eabi/lib/armv6-m\libg_s.a(lib_a-findfp.o)
                0x0000613c                __sf_fake_stderr
 *(vtable)
 *(.eh_frame*)
 *(.glue_7)
 .glue_7        0x00000000        0x0 linker stubs
 *(.glue_7t)
 .glue_7t       0x00000000        0x0 linker stubs

.vfp11_veneer   0x0000615c        0x0
 .vfp11_veneer  0x00000000        0x0 linker stubs

.v4_bx          0x0000615c        0x0
 .v4_bx         0x00000000        0x0 linker stubs

.iplt           0x0000615c        0x0
 .iplt          0x00000000        0x0 ./system/src/newlib/_cxx.o

.rel.dyn        0x0000615c        0x0
 .rel.iplt      0x00000000        0x0 ./system/src/newlib/_cxx.o

.ARM.extab
 *(.ARM.extab* .gnu.linkonce.armextab.*)
                0x0000615c                . = ALIGN (0x4)
                0x0000615c                __exidx_start = .

.ARM.exidx
 *(.ARM.exidx* .gnu.linkonce.armexidx.*)
                0x0000615c                __exidx_end = .
                0x0000615c                . = ALIGN (0x4)
                0x0000615c                _etext = .
                0x0000615c                __etext = .

.data_CCMRAM    0x10000000        0x0 load address 0x0000615c
 FILL mask 0xff
 *(.data.CCMRAM .data.CCMRAM.*)
                0x10000000                . = ALIGN (0x4)
                0x0000615c                _sidata = LOADADDR (.data)

.data           0x20000000      0x19c load address 0x0000615c
 FILL mask 0xff
                0x20000000                _sdata = .
                0x20000000                __data_start__ = .
 *(.data_begin .data_begin.*)
 .data_begin    0x20000000        0x4 ./system/src/newlib/_startup.o
 *(.data .data.*)
 .data.argv.4458
                0x20000004        0x8 ./system/src/newlib/_syscalls.o
 .data.MDC      0x2000000c        0x2 ./src/ioLibrary/MDIO/W7500x_miim.o
 .data.MDIO     0x2000000e        0x2 ./src/ioLibrary/MDIO/W7500x_miim.o
 .data.sock_any_port
                0x20000010        0x2 ./src/ioLibrary/Ethernet/socket.o
 *fill*         0x20000012        0x2 
 .data.uart_if_table
                0x20000014        0x8 ./src/PlatformHandler/uartHandler.o
                0x20000014                uart_if_table
 .data.tbSEGCPCMD
                0x2000001c       0xe8 ./src/Configuration/segcp.o
                0x2000001c                tbSEGCPCMD
 .data.strDEVSTATUS
                0x20000104       0x1c ./src/Configuration/segcp.o
                0x20000104                strDEVSTATUS
 .data.LED_PAD  0x20000120        0x4 ./src/W7500x_board.o
                0x20000120                LED_PAD
 .data.LED_PAD_AF
                0x20000124        0x4 ./src/W7500x_board.o
                0x20000124                LED_PAD_AF
 .data.LED_PORT
                0x20000128        0x8 ./src/W7500x_board.o
                0x20000128                LED_PORT
 .data.__ctype_ptr__
                0x20000130        0x4 c:/program files (x86)/gnu tools arm embedded/4.8 2014q1/bin/../lib/gcc/arm-none-eabi/4.8.3/../../../../arm-none-eabi/lib/armv6-m\libg_s.a(lib_a-ctype_.o)
                0x20000130                __ctype_ptr__
 .data.impure_data
                0x20000134       0x60 c:/program files (x86)/gnu tools arm embedded/4.8 2014q1/bin/../lib/gcc/arm-none-eabi/4.8.3/../../../../arm-none-eabi/lib/armv6-m\libg_s.a(lib_a-impure.o)
 .data._impure_ptr
                0x20000194        0x4 c:/program files (x86)/gnu tools arm embedded/4.8 2014q1/bin/../lib/gcc/arm-none-eabi/4.8.3/../../../../arm-none-eabi/lib/armv6-m\libg_s.a(lib_a-impure.o)
                0x20000194                _impure_ptr
 *(.data_end .data_end.*)
 .data_end      0x20000198        0x4 ./system/src/newlib/_startup.o
                0x2000019c                . = ALIGN (0x4)
                0x2000019c                _edata = .
                0x2000019c                __data_end__ = .

.igot.plt       0x2000019c        0x0 load address 0x000062f8
 .igot.plt      0x00000000        0x0 ./system/src/newlib/_cxx.o

.bss_CCMRAM     0x10000000        0x0
 *(.bss.CCMRAM .bss.CCMRAM.*)

.bss            0x2000019c     0x157c
                0x2000019c                __bss_start__ = .
                0x2000019c                _sbss = .
 *(.bss_begin .bss_begin.*)
 .bss_begin     0x2000019c        0x4 ./system/src/newlib/_startup.o
 *(.bss .bss.*)
 .bss.current_heap_end.4286
                0x200001a0        0x4 ./system/src/newlib/_sbrk.o
 .bss.name.4457
                0x200001a4        0x4 ./system/src/newlib/_syscalls.o
 .bss.SystemFrequency
                0x200001a8        0x4 ./system/src/cmsis/system_W7500x.o
                0x200001a8                SystemFrequency
 .bss.SourceFrequency
                0x200001ac        0x4 ./system/src/cmsis/system_W7500x.o
                0x200001ac                SourceFrequency
 .bss.dhcp_tick_1s
                0x200001b0        0x4 ./src/ioLibrary/Internet/DHCP/dhcp.o
                0x200001b0                dhcp_tick_1s
 .bss.sock_io_mode
                0x200001b4        0x2 ./src/ioLibrary/Ethernet/socket.o
 .bss.sock_is_sending
                0x200001b6        0x2 ./src/ioLibrary/Ethernet/socket.o
 .bss.sock_pack_info
                0x200001b8        0x8 ./src/ioLibrary/Ethernet/socket.o
 .bss.sock_remained_size
                0x200001c0       0x10 ./src/ioLibrary/Ethernet/socket.o
 .bss._DHCP_    0x200001d0        0x1 ./src/ioLibrary/Ethernet/wizchip_conf.o
 *fill*         0x200001d1        0x3 
 .bss._DNS_     0x200001d4        0x4 ./src/ioLibrary/Ethernet/wizchip_conf.o
 .bss.recv_fwsize.6175
                0x200001d8        0x4 ./src/PlatformHandler/deviceHandler.o
 .bss.enable_fw_from_network_timer
                0x200001dc        0x1 ./src/PlatformHandler/deviceHandler.o
                0x200001dc                enable_fw_from_network_timer
 .bss.enable_fw_update_timer
                0x200001dd        0x1 ./src/PlatformHandler/deviceHandler.o
                0x200001dd                enable_fw_update_timer
 .bss.fw_update_time
                0x200001de        0x2 ./src/PlatformHandler/deviceHandler.o
                0x200001de                fw_update_time
 .bss.fw_from_network_time
                0x200001e0        0x2 ./src/PlatformHandler/deviceHandler.o
                0x200001e0                fw_from_network_time
 *fill*         0x200001e2        0x2 
 .bss.write_fw_len.6164
                0x200001e4        0x4 ./src/PlatformHandler/deviceHandler.o
 .bss.flag_fw_update_timeout
                0x200001e8        0x1 ./src/PlatformHandler/deviceHandler.o
                0x200001e8                flag_fw_update_timeout
 .bss.flag_fw_from_network_timeout
                0x200001e9        0x1 ./src/PlatformHandler/deviceHandler.o
                0x200001e9                flag_fw_from_network_timeout
 .bss.msec_cnt  0x200001ea        0x2 ./src/PlatformHandler/timerHandler.o
 .bss.main_routine_check_time_msec
                0x200001ec        0x2 ./src/PlatformHandler/timerHandler.o
                0x200001ec                main_routine_check_time_msec
 *fill*         0x200001ee        0x2 
 .bss.uptime_min
                0x200001f0        0x4 ./src/PlatformHandler/timerHandler.o
 .bss.sec_cnt   0x200001f4        0x2 ./src/PlatformHandler/timerHandler.o
 .bss.flag_check_main_routine
                0x200001f6        0x1 ./src/PlatformHandler/timerHandler.o
                0x200001f6                flag_check_main_routine
 *fill*         0x200001f7        0x1 
 .bss.time_cnt  0x200001f8        0x4 ./src/PlatformHandler/timerHandler.o
 .bss.dev_config
                0x200001fc       0xfc ./src/Configuration/ConfigData.o
 .bss.gSEGCPPRIVILEGE
                0x200002f8        0x1 ./src/Configuration/segcp.o
                0x200002f8                gSEGCPPRIVILEGE
 *fill*         0x200002f9        0x3 
 .bss.gSEGCPREP
                0x200002fc      0x200 ./src/Configuration/segcp.o
 .bss.gSEGCPREQ
                0x200004fc      0x200 ./src/Configuration/segcp.o
 .bss.flag_hw_trig_enable
                0x200006fc        0x1 ./src/W7500x_board.o
                0x200006fc                flag_hw_trig_enable
 .bss.flag_s2e_application_running
                0x200006fd        0x1 ./src/main.o
                0x200006fd                flag_s2e_application_running
 *fill*         0x200006fe        0x2 
 .bss.__malloc_sbrk_start
                0x20000700        0x4 c:/program files (x86)/gnu tools arm embedded/4.8 2014q1/bin/../lib/gcc/arm-none-eabi/4.8.3/../../../../arm-none-eabi/lib/armv6-m\libg_s.a(lib_a-nano-mallocr.o)
                0x20000700                __malloc_sbrk_start
 .bss.__malloc_free_list
                0x20000704        0x4 c:/program files (x86)/gnu tools arm embedded/4.8 2014q1/bin/../lib/gcc/arm-none-eabi/4.8.3/../../../../arm-none-eabi/lib/armv6-m\libg_s.a(lib_a-nano-mallocr.o)
                0x20000704                __malloc_free_list
 *(COMMON)
 COMMON         0x20000708        0x4 ./system/src/newlib/_syscalls.o
                0x20000708                errno
 COMMON         0x2000070c        0x8 ./src/ioLibrary/MDIO/W7500x_miim.o
                0x2000070c                PHY_ADDR
                0x20000710                PHY_ADDR_IP101G
 COMMON         0x20000714     0x1000 ./src/main.o
                0x20000714                g_send_buf
                0x20000f14                g_recv_buf
 *(.bss_end .bss_end.*)
 .bss_end       0x20001714        0x4 ./system/src/newlib/_startup.o
                0x20001718                . = ALIGN (0x4)
                0x20001718                __bss_end__ = .
                0x20001718                _ebss = .

.noinit_CCMRAM
 *(.noinit.CCMRAM .noinit.CCMRAM.*)

.noinit         0x20001718        0x0
                0x20001718                _noinit = .
 *(.noinit .noinit.*)
                0x20001718                . = ALIGN (0x4)
                0x20001718                _end_noinit = .
                0x20001718                PROVIDE (end, _end_noinit)
                0x20001718                PROVIDE (_end, _end_noinit)
                0x20001718                PROVIDE (__end, _end_noinit)
                0x20001718                PROVIDE (__end__, _end_noinit)

._check_stack   0x20001718      0x100
                0x20001818                . = (. + _Minimum_Stack_Size)
 *fill*         0x20001718      0x100 

.b1text
 *(.b1text)
 *(.b1rodata)
 *(.b1rodata.*)

.eb0text
 *(.eb0text)
 *(.eb0rodata)
 *(.eb0rodata.*)

.eb1text
 *(.eb1text)
 *(.eb1rodata)
 *(.eb1rodata.*)

.eb2text
 *(.eb2text)
 *(.eb2rodata)
 *(.eb2rodata.*)

.eb3text
 *(.eb3text)
 *(.eb3rodata)
 *(.eb3rodata.*)

.stab
 *(.stab)

.stabstr
 *(.stabstr)

.stab.excl
 *(.stab.excl)

.stab.exclstr
 *(.stab.exclstr)

.stab.index
 *(.stab.index)

.stab.indexstr
 *(.stab.indexstr)

.comment        0x00000000       0x70
 *(.comment)
 .comment       0x00000000       0x70 ./system/src/newlib/_exit.o
                                 0x71 (size before relaxing)
 .comment       0x00000000       0x71 ./system/src/newlib/_sbrk.o
 .comment       0x00000000       0x71 ./system/src/newlib/_startup.o
 .comment       0x00000000       0x71 ./system/src/newlib/_syscalls.o
 .comment       0x00000000       0x71 ./system/src/cortexm/_initialize_hardware.o
 .comment       0x00000000       0x71 ./system/src/cortexm/exception_handlers.o
 .comment       0x00000000       0x71 ./system/src/cmsis/system_W7500x.o
 .comment       0x00000000       0x71 ./system/src/cmsis/vectors_W7500x.o
 .comment       0x00000000       0x71 ./system/src/W7500x/W7500x_gpio.o
 .comment       0x00000000       0x71 ./system/src/W7500x/W7500x_uart.o
 .comment       0x00000000       0x71 ./system/src/W7500x/W7500x_wztoe.o
 .comment       0x00000000       0x71 ./src/ioLibrary/MDIO/W7500x_miim.o
 .comment       0x00000000       0x71 ./src/ioLibrary/Internet/DHCP/dhcp.o
 .comment       0x00000000       0x71 ./src/ioLibrary/Ethernet/socket.o
 .comment       0x00000000       0x71 ./src/ioLibrary/Ethernet/wizchip_conf.o
 .comment       0x00000000       0x71 ./src/PlatformHandler/deviceHandler.o
 .comment       0x00000000       0x71 ./src/PlatformHandler/flashHandler.o
 .comment       0x00000000       0x71 ./src/PlatformHandler/storageHandler.o
 .comment       0x00000000       0x71 ./src/PlatformHandler/timerHandler.o
 .comment       0x00000000       0x71 ./src/PlatformHandler/uartHandler.o
 .comment       0x00000000       0x71 ./src/Configuration/ConfigData.o
 .comment       0x00000000       0x71 ./src/Configuration/segcp.o
 .comment       0x00000000       0x71 ./src/Configuration/util.o
 .comment       0x00000000       0x71 ./src/W7500x_board.o
 .comment       0x00000000       0x71 ./src/W7500x_it.o
 .comment       0x00000000       0x71 ./src/main.o
 .comment       0x00000000       0x71 ./src/retarget.o

.ARM.attributes
                0x00000000       0x2f
 .ARM.attributes
                0x00000000       0x31 ./system/src/newlib/_exit.o
 .ARM.attributes
                0x00000031       0x31 ./system/src/newlib/_sbrk.o
 .ARM.attributes
                0x00000062       0x31 ./system/src/newlib/_startup.o
 .ARM.attributes
                0x00000093       0x31 ./system/src/newlib/_syscalls.o
 .ARM.attributes
                0x000000c4       0x31 ./system/src/cortexm/_initialize_hardware.o
 .ARM.attributes
                0x000000f5       0x31 ./system/src/cortexm/exception_handlers.o
 .ARM.attributes
                0x00000126       0x31 ./system/src/cmsis/system_W7500x.o
 .ARM.attributes
                0x00000157       0x31 ./system/src/cmsis/vectors_W7500x.o
 .ARM.attributes
                0x00000188       0x31 ./system/src/W7500x/W7500x_gpio.o
 .ARM.attributes
                0x000001b9       0x31 ./system/src/W7500x/W7500x_uart.o
 .ARM.attributes
                0x000001ea       0x31 ./system/src/W7500x/W7500x_wztoe.o
 .ARM.attributes
                0x0000021b       0x31 ./src/ioLibrary/MDIO/W7500x_miim.o
 .ARM.attributes
                0x0000024c       0x31 ./src/ioLibrary/Internet/DHCP/dhcp.o
 .ARM.attributes
                0x0000027d       0x31 ./src/ioLibrary/Ethernet/socket.o
 .ARM.attributes
                0x000002ae       0x31 ./src/ioLibrary/Ethernet/wizchip_conf.o
 .ARM.attributes
                0x000002df       0x31 ./src/PlatformHandler/deviceHandler.o
 .ARM.attributes
                0x00000310       0x31 ./src/PlatformHandler/flashHandler.o
 .ARM.attributes
                0x00000341       0x31 ./src/PlatformHandler/storageHandler.o
 .ARM.attributes
                0x00000372       0x31 ./src/PlatformHandler/timerHandler.o
 .ARM.attributes
                0x000003a3       0x31 ./src/PlatformHandler/uartHandler.o
 .ARM.attributes
                0x000003d4       0x31 ./src/Configuration/ConfigData.o
 .ARM.attributes
                0x00000405       0x31 ./src/Configuration/segcp.o
 .ARM.attributes
                0x00000436       0x31 ./src/Configuration/util.o
 .ARM.attributes
                0x00000467       0x31 ./src/W7500x_board.o
 .ARM.attributes
                0x00000498       0x31 ./src/W7500x_it.o
 .ARM.attributes
                0x000004c9       0x31 ./src/main.o
 .ARM.attributes
                0x000004fa       0x31 ./src/retarget.o
 .ARM.attributes
                0x0000052b       0x1e c:/program files (x86)/gnu tools arm embedded/4.8 2014q1/bin/../lib/gcc/arm-none-eabi/4.8.3/armv6-m\libgcc.a(_udivsi3.o)
 .ARM.attributes
                0x00000549       0x1e c:/program files (x86)/gnu tools arm embedded/4.8 2014q1/bin/../lib/gcc/arm-none-eabi/4.8.3/armv6-m\libgcc.a(_dvmd_tls.o)
 .ARM.attributes
                0x00000567       0x2c c:/program files (x86)/gnu tools arm embedded/4.8 2014q1/bin/../lib/gcc/arm-none-eabi/4.8.3/../../../../arm-none-eabi/lib/armv6-m\libg_s.a(lib_a-atoi.o)
 .ARM.attributes
                0x00000593       0x2c c:/program files (x86)/gnu tools arm embedded/4.8 2014q1/bin/../lib/gcc/arm-none-eabi/4.8.3/../../../../arm-none-eabi/lib/armv6-m\libg_s.a(lib_a-atol.o)
 .ARM.attributes
                0x000005bf       0x2c c:/program files (x86)/gnu tools arm embedded/4.8 2014q1/bin/../lib/gcc/arm-none-eabi/4.8.3/../../../../arm-none-eabi/lib/armv6-m\libg_s.a(lib_a-ctype_.o)
 .ARM.attributes
                0x000005eb       0x2c c:/program files (x86)/gnu tools arm embedded/4.8 2014q1/bin/../lib/gcc/arm-none-eabi/4.8.3/../../../../arm-none-eabi/lib/armv6-m\libg_s.a(lib_a-errno.o)
 .ARM.attributes
                0x00000617       0x2c c:/program files (x86)/gnu tools arm embedded/4.8 2014q1/bin/../lib/gcc/arm-none-eabi/4.8.3/../../../../arm-none-eabi/lib/armv6-m\libg_s.a(lib_a-impure.o)
 .ARM.attributes
                0x00000643       0x2c c:/program files (x86)/gnu tools arm embedded/4.8 2014q1/bin/../lib/gcc/arm-none-eabi/4.8.3/../../../../arm-none-eabi/lib/armv6-m\libg_s.a(lib_a-memcmp.o)
 .ARM.attributes
                0x0000066f       0x2c c:/program files (x86)/gnu tools arm embedded/4.8 2014q1/bin/../lib/gcc/arm-none-eabi/4.8.3/../../../../arm-none-eabi/lib/armv6-m\libg_s.a(lib_a-memcpy-stub.o)
 .ARM.attributes
                0x0000069b       0x2c c:/program files (x86)/gnu tools arm embedded/4.8 2014q1/bin/../lib/gcc/arm-none-eabi/4.8.3/../../../../arm-none-eabi/lib/armv6-m\libg_s.a(lib_a-memset.o)
 .ARM.attributes
                0x000006c7       0x2c c:/program files (x86)/gnu tools arm embedded/4.8 2014q1/bin/../lib/gcc/arm-none-eabi/4.8.3/../../../../arm-none-eabi/lib/armv6-m\libg_s.a(lib_a-printf.o)
 .ARM.attributes
                0x000006f3       0x2c c:/program files (x86)/gnu tools arm embedded/4.8 2014q1/bin/../lib/gcc/arm-none-eabi/4.8.3/../../../../arm-none-eabi/lib/armv6-m\libg_s.a(lib_a-puts.o)
 .ARM.attributes
                0x0000071f       0x2c c:/program files (x86)/gnu tools arm embedded/4.8 2014q1/bin/../lib/gcc/arm-none-eabi/4.8.3/../../../../arm-none-eabi/lib/armv6-m\libg_s.a(lib_a-sprintf.o)
 .ARM.attributes
                0x0000074b       0x2c c:/program files (x86)/gnu tools arm embedded/4.8 2014q1/bin/../lib/gcc/arm-none-eabi/4.8.3/../../../../arm-none-eabi/lib/armv6-m\libg_s.a(lib_a-sscanf.o)
 .ARM.attributes
                0x00000777       0x2c c:/program files (x86)/gnu tools arm embedded/4.8 2014q1/bin/../lib/gcc/arm-none-eabi/4.8.3/../../../../arm-none-eabi/lib/armv6-m\libg_s.a(lib_a-stdio.o)
 .ARM.attributes
                0x000007a3       0x2c c:/program files (x86)/gnu tools arm embedded/4.8 2014q1/bin/../lib/gcc/arm-none-eabi/4.8.3/../../../../arm-none-eabi/lib/armv6-m\libg_s.a(lib_a-strchr.o)
 .ARM.attributes
                0x000007cf       0x1c c:/program files (x86)/gnu tools arm embedded/4.8 2014q1/bin/../lib/gcc/arm-none-eabi/4.8.3/../../../../arm-none-eabi/lib/armv6-m\libg_s.a(lib_a-strcmp.o)
 .ARM.attributes
                0x000007eb       0x2c c:/program files (x86)/gnu tools arm embedded/4.8 2014q1/bin/../lib/gcc/arm-none-eabi/4.8.3/../../../../arm-none-eabi/lib/armv6-m\libg_s.a(lib_a-strcpy.o)
 .ARM.attributes
                0x00000817       0x2c c:/program files (x86)/gnu tools arm embedded/4.8 2014q1/bin/../lib/gcc/arm-none-eabi/4.8.3/../../../../arm-none-eabi/lib/armv6-m\libg_s.a(lib_a-strlen.o)
 .ARM.attributes
                0x00000843       0x2c c:/program files (x86)/gnu tools arm embedded/4.8 2014q1/bin/../lib/gcc/arm-none-eabi/4.8.3/../../../../arm-none-eabi/lib/armv6-m\libg_s.a(lib_a-strncmp.o)
 .ARM.attributes
                0x0000086f       0x2c c:/program files (x86)/gnu tools arm embedded/4.8 2014q1/bin/../lib/gcc/arm-none-eabi/4.8.3/../../../../arm-none-eabi/lib/armv6-m\libg_s.a(lib_a-strtok.o)
 .ARM.attributes
                0x0000089b       0x2c c:/program files (x86)/gnu tools arm embedded/4.8 2014q1/bin/../lib/gcc/arm-none-eabi/4.8.3/../../../../arm-none-eabi/lib/armv6-m\libg_s.a(lib_a-strtok_r.o)
 .ARM.attributes
                0x000008c7       0x2c c:/program files (x86)/gnu tools arm embedded/4.8 2014q1/bin/../lib/gcc/arm-none-eabi/4.8.3/../../../../arm-none-eabi/lib/armv6-m\libg_s.a(lib_a-strtol.o)
 .ARM.attributes
                0x000008f3       0x2c c:/program files (x86)/gnu tools arm embedded/4.8 2014q1/bin/../lib/gcc/arm-none-eabi/4.8.3/../../../../arm-none-eabi/lib/armv6-m\libg_s.a(lib_a-svfprintf.o)
 .ARM.attributes
                0x0000091f       0x2c c:/program files (x86)/gnu tools arm embedded/4.8 2014q1/bin/../lib/gcc/arm-none-eabi/4.8.3/../../../../arm-none-eabi/lib/armv6-m\libg_s.a(lib_a-svfscanf.o)
 .ARM.attributes
                0x0000094b       0x2c c:/program files (x86)/gnu tools arm embedded/4.8 2014q1/bin/../lib/gcc/arm-none-eabi/4.8.3/../../../../arm-none-eabi/lib/armv6-m\libg_s.a(lib_a-ungetc.o)
 .ARM.attributes
                0x00000977       0x2c c:/program files (x86)/gnu tools arm embedded/4.8 2014q1/bin/../lib/gcc/arm-none-eabi/4.8.3/../../../../arm-none-eabi/lib/armv6-m\libg_s.a(lib_a-vfprintf.o)
 .ARM.attributes
                0x000009a3       0x2c c:/program files (x86)/gnu tools arm embedded/4.8 2014q1/bin/../lib/gcc/arm-none-eabi/4.8.3/../../../../arm-none-eabi/lib/armv6-m\libg_s.a(lib_a-vfprintf_i.o)
 .ARM.attributes
                0x000009cf       0x2c c:/program files (x86)/gnu tools arm embedded/4.8 2014q1/bin/../lib/gcc/arm-none-eabi/4.8.3/../../../../arm-none-eabi/lib/armv6-m\libg_s.a(lib_a-vfscanf_i.o)
 .ARM.attributes
                0x000009fb       0x2c c:/program files (x86)/gnu tools arm embedded/4.8 2014q1/bin/../lib/gcc/arm-none-eabi/4.8.3/../../../../arm-none-eabi/lib/armv6-m\libg_s.a(lib_a-wbuf.o)
 .ARM.attributes
                0x00000a27       0x2c c:/program files (x86)/gnu tools arm embedded/4.8 2014q1/bin/../lib/gcc/arm-none-eabi/4.8.3/../../../../arm-none-eabi/lib/armv6-m\libg_s.a(lib_a-writer.o)
 .ARM.attributes
                0x00000a53       0x2c c:/program files (x86)/gnu tools arm embedded/4.8 2014q1/bin/../lib/gcc/arm-none-eabi/4.8.3/../../../../arm-none-eabi/lib/armv6-m\libg_s.a(lib_a-wsetup.o)
 .ARM.attributes
                0x00000a7f       0x2c c:/program files (x86)/gnu tools arm embedded/4.8 2014q1/bin/../lib/gcc/arm-none-eabi/4.8.3/../../../../arm-none-eabi/lib/armv6-m\libg_s.a(lib_a-closer.o)
 .ARM.attributes
                0x00000aab       0x2c c:/program files (x86)/gnu tools arm embedded/4.8 2014q1/bin/../lib/gcc/arm-none-eabi/4.8.3/../../../../arm-none-eabi/lib/armv6-m\libg_s.a(lib_a-fflush.o)
 .ARM.attributes
                0x00000ad7       0x2c c:/program files (x86)/gnu tools arm embedded/4.8 2014q1/bin/../lib/gcc/arm-none-eabi/4.8.3/../../../../arm-none-eabi/lib/armv6-m\libg_s.a(lib_a-findfp.o)
 .ARM.attributes
                0x00000b03       0x2c c:/program files (x86)/gnu tools arm embedded/4.8 2014q1/bin/../lib/gcc/arm-none-eabi/4.8.3/../../../../arm-none-eabi/lib/armv6-m\libg_s.a(lib_a-lseekr.o)
 .ARM.attributes
                0x00000b2f       0x2c c:/program files (x86)/gnu tools arm embedded/4.8 2014q1/bin/../lib/gcc/arm-none-eabi/4.8.3/../../../../arm-none-eabi/lib/armv6-m\libg_s.a(lib_a-makebuf.o)
 .ARM.attributes
                0x00000b5b       0x2c c:/program files (x86)/gnu tools arm embedded/4.8 2014q1/bin/../lib/gcc/arm-none-eabi/4.8.3/../../../../arm-none-eabi/lib/armv6-m\libg_s.a(lib_a-malloc.o)
 .ARM.attributes
                0x00000b87       0x2c c:/program files (x86)/gnu tools arm embedded/4.8 2014q1/bin/../lib/gcc/arm-none-eabi/4.8.3/../../../../arm-none-eabi/lib/armv6-m\libg_s.a(lib_a-memchr-stub.o)
 .ARM.attributes
                0x00000bb3       0x2c c:/program files (x86)/gnu tools arm embedded/4.8 2014q1/bin/../lib/gcc/arm-none-eabi/4.8.3/../../../../arm-none-eabi/lib/armv6-m\libg_s.a(lib_a-memmove.o)
 .ARM.attributes
                0x00000bdf       0x2c c:/program files (x86)/gnu tools arm embedded/4.8 2014q1/bin/../lib/gcc/arm-none-eabi/4.8.3/../../../../arm-none-eabi/lib/armv6-m\libg_s.a(lib_a-nano-freer.o)
 .ARM.attributes
                0x00000c0b       0x2c c:/program files (x86)/gnu tools arm embedded/4.8 2014q1/bin/../lib/gcc/arm-none-eabi/4.8.3/../../../../arm-none-eabi/lib/armv6-m\libg_s.a(lib_a-nano-mallocr.o)
 .ARM.attributes
                0x00000c37       0x2c c:/program files (x86)/gnu tools arm embedded/4.8 2014q1/bin/../lib/gcc/arm-none-eabi/4.8.3/../../../../arm-none-eabi/lib/armv6-m\libg_s.a(lib_a-nano-reallocr.o)
 .ARM.attributes
                0x00000c63       0x2c c:/program files (x86)/gnu tools arm embedded/4.8 2014q1/bin/../lib/gcc/arm-none-eabi/4.8.3/../../../../arm-none-eabi/lib/armv6-m\libg_s.a(lib_a-readr.o)
 .ARM.attributes
                0x00000c8f       0x2c c:/program files (x86)/gnu tools arm embedded/4.8 2014q1/bin/../lib/gcc/arm-none-eabi/4.8.3/../../../../arm-none-eabi/lib/armv6-m\libg_s.a(lib_a-sbrkr.o)
 .ARM.attributes
                0x00000cbb       0x2c c:/program files (x86)/gnu tools arm embedded/4.8 2014q1/bin/../lib/gcc/arm-none-eabi/4.8.3/../../../../arm-none-eabi/lib/armv6-m\libg_s.a(lib_a-sccl.o)
 .ARM.attributes
                0x00000ce7       0x2c c:/program files (x86)/gnu tools arm embedded/4.8 2014q1/bin/../lib/gcc/arm-none-eabi/4.8.3/../../../../arm-none-eabi/lib/armv6-m\libg_s.a(lib_a-strtoul.o)
 .ARM.attributes
                0x00000d13       0x2c c:/program files (x86)/gnu tools arm embedded/4.8 2014q1/bin/../lib/gcc/arm-none-eabi/4.8.3/../../../../arm-none-eabi/lib/armv6-m\libg_s.a(lib_a-fstatr.o)
 .ARM.attributes
                0x00000d3f       0x2c c:/program files (x86)/gnu tools arm embedded/4.8 2014q1/bin/../lib/gcc/arm-none-eabi/4.8.3/../../../../arm-none-eabi/lib/armv6-m\libg_s.a(lib_a-isattyr.o)
 .ARM.attributes
                0x00000d6b       0x2c c:/program files (x86)/gnu tools arm embedded/4.8 2014q1/bin/../lib/gcc/arm-none-eabi/4.8.3/../../../../arm-none-eabi/lib/armv6-m\libg_s.a(lib_a-nano-msizer.o)

.debug
 *(.debug)

.line
 *(.line)

.debug_srcinfo
 *(.debug_srcinfo)

.debug_sfnames
 *(.debug_sfnames)

.debug_aranges  0x00000000      0xb30
 *(.debug_aranges)
 .debug_aranges
                0x00000000       0x28 ./system/src/newlib/_exit.o
 .debug_aranges
                0x00000028       0x20 ./system/src/newlib/_sbrk.o
 .debug_aranges
                0x00000048       0x40 ./system/src/newlib/_startup.o
 .debug_aranges
                0x00000088       0xd0 ./system/src/newlib/_syscalls.o
 .debug_aranges
                0x00000158       0x20 ./system/src/cortexm/_initialize_hardware.o
 .debug_aranges
                0x00000178       0x48 ./system/src/cortexm/exception_handlers.o
 .debug_aranges
                0x000001c0       0x48 ./system/src/cmsis/system_W7500x.o
 .debug_aranges
                0x00000208       0x20 ./system/src/cmsis/vectors_W7500x.o
 .debug_aranges
                0x00000228       0xb8 ./system/src/W7500x/W7500x_gpio.o
 .debug_aranges
                0x000002e0      0x108 ./system/src/W7500x/W7500x_uart.o
 .debug_aranges
                0x000003e8       0x50 ./system/src/W7500x/W7500x_wztoe.o
 .debug_aranges
                0x00000438       0x68 ./src/ioLibrary/MDIO/W7500x_miim.o
 .debug_aranges
                0x000004a0       0xc0 ./src/ioLibrary/Internet/DHCP/dhcp.o
 .debug_aranges
                0x00000560       0x78 ./src/ioLibrary/Ethernet/socket.o
 .debug_aranges
                0x000005d8       0xf8 ./src/ioLibrary/Ethernet/wizchip_conf.o
 .debug_aranges
                0x000006d0       0x50 ./src/PlatformHandler/deviceHandler.o
 .debug_aranges
                0x00000720       0x40 ./src/PlatformHandler/flashHandler.o
 .debug_aranges
                0x00000760       0x30 ./src/PlatformHandler/storageHandler.o
 .debug_aranges
                0x00000790       0x58 ./src/PlatformHandler/timerHandler.o
 .debug_aranges
                0x000007e8       0x28 ./src/PlatformHandler/uartHandler.o
 .debug_aranges
                0x00000810       0x88 ./src/Configuration/ConfigData.o
 .debug_aranges
                0x00000898       0x40 ./src/Configuration/segcp.o
 .debug_aranges
                0x000008d8       0x40 ./src/Configuration/util.o
 .debug_aranges
                0x00000918       0x98 ./src/W7500x_board.o
 .debug_aranges
                0x000009b0      0x108 ./src/W7500x_it.o
 .debug_aranges
                0x00000ab8       0x58 ./src/main.o
 .debug_aranges
                0x00000b10       0x20 ./src/retarget.o

.debug_pubnames
 *(.debug_pubnames)

.debug_info     0x00000000     0xd91b
 *(.debug_info .gnu.linkonce.wi.*)
 .debug_info    0x00000000      0x100 ./system/src/newlib/_exit.o
 .debug_info    0x00000100      0x125 ./system/src/newlib/_sbrk.o
 .debug_info    0x00000225      0x469 ./system/src/newlib/_startup.o
 .debug_info    0x0000068e      0x8f3 ./system/src/newlib/_syscalls.o
 .debug_info    0x00000f81       0x9d ./system/src/cortexm/_initialize_hardware.o
 .debug_info    0x0000101e       0xa5 ./system/src/cortexm/exception_handlers.o
 .debug_info    0x000010c3      0x55e ./system/src/cmsis/system_W7500x.o
 .debug_info    0x00001621       0x91 ./system/src/cmsis/vectors_W7500x.o
 .debug_info    0x000016b2      0xc36 ./system/src/W7500x/W7500x_gpio.o
 .debug_info    0x000022e8      0xcc0 ./system/src/W7500x/W7500x_uart.o
 .debug_info    0x00002fa8      0x328 ./system/src/W7500x/W7500x_wztoe.o
 .debug_info    0x000032d0      0xaf8 ./src/ioLibrary/MDIO/W7500x_miim.o
 .debug_info    0x00003dc8     0x1077 ./src/ioLibrary/Internet/DHCP/dhcp.o
 .debug_info    0x00004e3f     0x106f ./src/ioLibrary/Ethernet/socket.o
 .debug_info    0x00005eae     0x12ff ./src/ioLibrary/Ethernet/wizchip_conf.o
 .debug_info    0x000071ad      0xc17 ./src/PlatformHandler/deviceHandler.o
 .debug_info    0x00007dc4      0x41c ./src/PlatformHandler/flashHandler.o
 .debug_info    0x000081e0      0x404 ./src/PlatformHandler/storageHandler.o
 .debug_info    0x000085e4      0x5da ./src/PlatformHandler/timerHandler.o
 .debug_info    0x00008bbe      0x318 ./src/PlatformHandler/uartHandler.o
 .debug_info    0x00008ed6     0x10be ./src/Configuration/ConfigData.o
 .debug_info    0x00009f94     0x1b51 ./src/Configuration/segcp.o
 .debug_info    0x0000bae5      0x465 ./src/Configuration/util.o
 .debug_info    0x0000bf4a      0x89e ./src/W7500x_board.o
 .debug_info    0x0000c7e8      0x27b ./src/W7500x_it.o
 .debug_info    0x0000ca63      0xd9e ./src/main.o
 .debug_info    0x0000d801      0x11a ./src/retarget.o

.debug_abbrev   0x00000000     0x2d0e
 *(.debug_abbrev)
 .debug_abbrev  0x00000000       0xa4 ./system/src/newlib/_exit.o
 .debug_abbrev  0x000000a4       0xbb ./system/src/newlib/_sbrk.o
 .debug_abbrev  0x0000015f      0x1da ./system/src/newlib/_startup.o
 .debug_abbrev  0x00000339      0x178 ./system/src/newlib/_syscalls.o
 .debug_abbrev  0x000004b1       0x63 ./system/src/cortexm/_initialize_hardware.o
 .debug_abbrev  0x00000514       0x65 ./system/src/cortexm/exception_handlers.o
 .debug_abbrev  0x00000579      0x121 ./system/src/cmsis/system_W7500x.o
 .debug_abbrev  0x0000069a       0x92 ./system/src/cmsis/vectors_W7500x.o
 .debug_abbrev  0x0000072c      0x2af ./system/src/W7500x/W7500x_gpio.o
 .debug_abbrev  0x000009db      0x271 ./system/src/W7500x/W7500x_uart.o
 .debug_abbrev  0x00000c4c      0x111 ./system/src/W7500x/W7500x_wztoe.o
 .debug_abbrev  0x00000d5d      0x20e ./src/ioLibrary/MDIO/W7500x_miim.o
 .debug_abbrev  0x00000f6b      0x247 ./src/ioLibrary/Internet/DHCP/dhcp.o
 .debug_abbrev  0x000011b2      0x1d8 ./src/ioLibrary/Ethernet/socket.o
 .debug_abbrev  0x0000138a      0x2ff ./src/ioLibrary/Ethernet/wizchip_conf.o
 .debug_abbrev  0x00001689      0x2e3 ./src/PlatformHandler/deviceHandler.o
 .debug_abbrev  0x0000196c      0x17f ./src/PlatformHandler/flashHandler.o
 .debug_abbrev  0x00001aeb      0x145 ./src/PlatformHandler/storageHandler.o
 .debug_abbrev  0x00001c30      0x243 ./src/PlatformHandler/timerHandler.o
 .debug_abbrev  0x00001e73      0x148 ./src/PlatformHandler/uartHandler.o
 .debug_abbrev  0x00001fbb      0x296 ./src/Configuration/ConfigData.o
 .debug_abbrev  0x00002251      0x303 ./src/Configuration/segcp.o
 .debug_abbrev  0x00002554      0x155 ./src/Configuration/util.o
 .debug_abbrev  0x000026a9      0x218 ./src/W7500x_board.o
 .debug_abbrev  0x000028c1       0x5d ./src/W7500x_it.o
 .debug_abbrev  0x0000291e      0x34e ./src/main.o
 .debug_abbrev  0x00002c6c       0xa2 ./src/retarget.o

.debug_line     0x00000000     0x7971
 *(.debug_line)
 .debug_line    0x00000000      0x2b2 ./system/src/newlib/_exit.o
 .debug_line    0x000002b2      0x264 ./system/src/newlib/_sbrk.o
 .debug_line    0x00000516      0x327 ./system/src/newlib/_startup.o
 .debug_line    0x0000083d      0x4e5 ./system/src/newlib/_syscalls.o
 .debug_line    0x00000d22      0x26a ./system/src/cortexm/_initialize_hardware.o
 .debug_line    0x00000f8c       0x97 ./system/src/cortexm/exception_handlers.o
 .debug_line    0x00001023      0x2bd ./system/src/cmsis/system_W7500x.o
 .debug_line    0x000012e0       0x86 ./system/src/cmsis/vectors_W7500x.o
 .debug_line    0x00001366      0x494 ./system/src/W7500x/W7500x_gpio.o
 .debug_line    0x000017fa      0x4e0 ./system/src/W7500x/W7500x_uart.o
 .debug_line    0x00001cda      0x3b0 ./system/src/W7500x/W7500x_wztoe.o
 .debug_line    0x0000208a      0x46b ./src/ioLibrary/MDIO/W7500x_miim.o
 .debug_line    0x000024f5      0x78c ./src/ioLibrary/Internet/DHCP/dhcp.o
 .debug_line    0x00002c81      0x6e0 ./src/ioLibrary/Ethernet/socket.o
 .debug_line    0x00003361      0x643 ./src/ioLibrary/Ethernet/wizchip_conf.o
 .debug_line    0x000039a4      0x5fd ./src/PlatformHandler/deviceHandler.o
 .debug_line    0x00003fa1      0x443 ./src/PlatformHandler/flashHandler.o
 .debug_line    0x000043e4      0x391 ./src/PlatformHandler/storageHandler.o
 .debug_line    0x00004775      0x51b ./src/PlatformHandler/timerHandler.o
 .debug_line    0x00004c90      0x461 ./src/PlatformHandler/uartHandler.o
 .debug_line    0x000050f1      0x69c ./src/Configuration/ConfigData.o
 .debug_line    0x0000578d      0x8f4 ./src/Configuration/segcp.o
 .debug_line    0x00006081      0x43e ./src/Configuration/util.o
 .debug_line    0x000064bf      0x5ba ./src/W7500x_board.o
 .debug_line    0x00006a79      0x49c ./src/W7500x_it.o
 .debug_line    0x00006f15      0x710 ./src/main.o
 .debug_line    0x00007625      0x34c ./src/retarget.o

.debug_frame    0x00000000     0x26b8
 *(.debug_frame)
 .debug_frame   0x00000000       0x38 ./system/src/newlib/_exit.o
 .debug_frame   0x00000038       0x28 ./system/src/newlib/_sbrk.o
 .debug_frame   0x00000060       0x84 ./system/src/newlib/_startup.o
 .debug_frame   0x000000e4      0x230 ./system/src/newlib/_syscalls.o
 .debug_frame   0x00000314       0x28 ./system/src/cortexm/_initialize_hardware.o
 .debug_frame   0x0000033c       0x78 ./system/src/cortexm/exception_handlers.o
 .debug_frame   0x000003b4       0x8c ./system/src/cmsis/system_W7500x.o
 .debug_frame   0x00000440       0x20 ./system/src/cmsis/vectors_W7500x.o
 .debug_frame   0x00000460      0x1ac ./system/src/W7500x/W7500x_gpio.o
 .debug_frame   0x0000060c      0x24c ./system/src/W7500x/W7500x_uart.o
 .debug_frame   0x00000858       0xb8 ./system/src/W7500x/W7500x_wztoe.o
 .debug_frame   0x00000910      0x13c ./src/ioLibrary/MDIO/W7500x_miim.o
 .debug_frame   0x00000a4c      0x20c ./src/ioLibrary/Internet/DHCP/dhcp.o
 .debug_frame   0x00000c58      0x1b4 ./src/ioLibrary/Ethernet/socket.o
 .debug_frame   0x00000e0c      0x270 ./src/ioLibrary/Ethernet/wizchip_conf.o
 .debug_frame   0x0000107c       0xc0 ./src/PlatformHandler/deviceHandler.o
 .debug_frame   0x0000113c       0x9c ./src/PlatformHandler/flashHandler.o
 .debug_frame   0x000011d8       0x60 ./src/PlatformHandler/storageHandler.o
 .debug_frame   0x00001238       0xac ./src/PlatformHandler/timerHandler.o
 .debug_frame   0x000012e4       0x40 ./src/PlatformHandler/uartHandler.o
 .debug_frame   0x00001324      0x18c ./src/Configuration/ConfigData.o
 .debug_frame   0x000014b0       0xb4 ./src/Configuration/segcp.o
 .debug_frame   0x00001564       0xb8 ./src/Configuration/util.o
 .debug_frame   0x0000161c      0x190 ./src/W7500x_board.o
 .debug_frame   0x000017ac      0x1f0 ./src/W7500x_it.o
 .debug_frame   0x0000199c       0xe8 ./src/main.o
 .debug_frame   0x00001a84       0x2c ./src/retarget.o
 .debug_frame   0x00001ab0       0x20 c:/program files (x86)/gnu tools arm embedded/4.8 2014q1/bin/../lib/gcc/arm-none-eabi/4.8.3/armv6-m\libgcc.a(_udivsi3.o)
 .debug_frame   0x00001ad0       0x40 c:/program files (x86)/gnu tools arm embedded/4.8 2014q1/bin/../lib/gcc/arm-none-eabi/4.8.3/../../../../arm-none-eabi/lib/armv6-m\libg_s.a(lib_a-atoi.o)
 .debug_frame   0x00001b10       0x40 c:/program files (x86)/gnu tools arm embedded/4.8 2014q1/bin/../lib/gcc/arm-none-eabi/4.8.3/../../../../arm-none-eabi/lib/armv6-m\libg_s.a(lib_a-atol.o)
 .debug_frame   0x00001b50       0x20 c:/program files (x86)/gnu tools arm embedded/4.8 2014q1/bin/../lib/gcc/arm-none-eabi/4.8.3/../../../../arm-none-eabi/lib/armv6-m\libg_s.a(lib_a-errno.o)
 .debug_frame   0x00001b70       0x2c c:/program files (x86)/gnu tools arm embedded/4.8 2014q1/bin/../lib/gcc/arm-none-eabi/4.8.3/../../../../arm-none-eabi/lib/armv6-m\libg_s.a(lib_a-memcmp.o)
 .debug_frame   0x00001b9c       0x28 c:/program files (x86)/gnu tools arm embedded/4.8 2014q1/bin/../lib/gcc/arm-none-eabi/4.8.3/../../../../arm-none-eabi/lib/armv6-m\libg_s.a(lib_a-memcpy-stub.o)
 .debug_frame   0x00001bc4       0x20 c:/program files (x86)/gnu tools arm embedded/4.8 2014q1/bin/../lib/gcc/arm-none-eabi/4.8.3/../../../../arm-none-eabi/lib/armv6-m\libg_s.a(lib_a-memset.o)
 .debug_frame   0x00001be4       0x50 c:/program files (x86)/gnu tools arm embedded/4.8 2014q1/bin/../lib/gcc/arm-none-eabi/4.8.3/../../../../arm-none-eabi/lib/armv6-m\libg_s.a(lib_a-printf.o)
 .debug_frame   0x00001c34       0x44 c:/program files (x86)/gnu tools arm embedded/4.8 2014q1/bin/../lib/gcc/arm-none-eabi/4.8.3/../../../../arm-none-eabi/lib/armv6-m\libg_s.a(lib_a-puts.o)
 .debug_frame   0x00001c78       0x4c c:/program files (x86)/gnu tools arm embedded/4.8 2014q1/bin/../lib/gcc/arm-none-eabi/4.8.3/../../../../arm-none-eabi/lib/armv6-m\libg_s.a(lib_a-sprintf.o)
 .debug_frame   0x00001cc4       0x54 c:/program files (x86)/gnu tools arm embedded/4.8 2014q1/bin/../lib/gcc/arm-none-eabi/4.8.3/../../../../arm-none-eabi/lib/armv6-m\libg_s.a(lib_a-sscanf.o)
 .debug_frame   0x00001d18       0x90 c:/program files (x86)/gnu tools arm embedded/4.8 2014q1/bin/../lib/gcc/arm-none-eabi/4.8.3/../../../../arm-none-eabi/lib/armv6-m\libg_s.a(lib_a-stdio.o)
 .debug_frame   0x00001da8       0x20 c:/program files (x86)/gnu tools arm embedded/4.8 2014q1/bin/../lib/gcc/arm-none-eabi/4.8.3/../../../../arm-none-eabi/lib/armv6-m\libg_s.a(lib_a-strchr.o)
 .debug_frame   0x00001dc8       0x20 c:/program files (x86)/gnu tools arm embedded/4.8 2014q1/bin/../lib/gcc/arm-none-eabi/4.8.3/../../../../arm-none-eabi/lib/armv6-m\libg_s.a(lib_a-strcpy.o)
 .debug_frame   0x00001de8       0x20 c:/program files (x86)/gnu tools arm embedded/4.8 2014q1/bin/../lib/gcc/arm-none-eabi/4.8.3/../../../../arm-none-eabi/lib/armv6-m\libg_s.a(lib_a-strlen.o)
 .debug_frame   0x00001e08       0x28 c:/program files (x86)/gnu tools arm embedded/4.8 2014q1/bin/../lib/gcc/arm-none-eabi/4.8.3/../../../../arm-none-eabi/lib/armv6-m\libg_s.a(lib_a-strncmp.o)
 .debug_frame   0x00001e30       0x30 c:/program files (x86)/gnu tools arm embedded/4.8 2014q1/bin/../lib/gcc/arm-none-eabi/4.8.3/../../../../arm-none-eabi/lib/armv6-m\libg_s.a(lib_a-strtok.o)
 .debug_frame   0x00001e60       0x48 c:/program files (x86)/gnu tools arm embedded/4.8 2014q1/bin/../lib/gcc/arm-none-eabi/4.8.3/../../../../arm-none-eabi/lib/armv6-m\libg_s.a(lib_a-strtok_r.o)
 .debug_frame   0x00001ea8       0x4c c:/program files (x86)/gnu tools arm embedded/4.8 2014q1/bin/../lib/gcc/arm-none-eabi/4.8.3/../../../../arm-none-eabi/lib/armv6-m\libg_s.a(lib_a-strtol.o)
 .debug_frame   0x00001ef4       0x74 c:/program files (x86)/gnu tools arm embedded/4.8 2014q1/bin/../lib/gcc/arm-none-eabi/4.8.3/../../../../arm-none-eabi/lib/armv6-m\libg_s.a(lib_a-svfprintf.o)
 .debug_frame   0x00001f68       0x68 c:/program files (x86)/gnu tools arm embedded/4.8 2014q1/bin/../lib/gcc/arm-none-eabi/4.8.3/../../../../arm-none-eabi/lib/armv6-m\libg_s.a(lib_a-svfscanf.o)
 .debug_frame   0x00001fd0       0x6c c:/program files (x86)/gnu tools arm embedded/4.8 2014q1/bin/../lib/gcc/arm-none-eabi/4.8.3/../../../../arm-none-eabi/lib/armv6-m\libg_s.a(lib_a-ungetc.o)
 .debug_frame   0x0000203c       0xa0 c:/program files (x86)/gnu tools arm embedded/4.8 2014q1/bin/../lib/gcc/arm-none-eabi/4.8.3/../../../../arm-none-eabi/lib/armv6-m\libg_s.a(lib_a-vfprintf.o)
 .debug_frame   0x000020dc       0x54 c:/program files (x86)/gnu tools arm embedded/4.8 2014q1/bin/../lib/gcc/arm-none-eabi/4.8.3/../../../../arm-none-eabi/lib/armv6-m\libg_s.a(lib_a-vfprintf_i.o)
 .debug_frame   0x00002130       0x54 c:/program files (x86)/gnu tools arm embedded/4.8 2014q1/bin/../lib/gcc/arm-none-eabi/4.8.3/../../../../arm-none-eabi/lib/armv6-m\libg_s.a(lib_a-vfscanf_i.o)
 .debug_frame   0x00002184       0x44 c:/program files (x86)/gnu tools arm embedded/4.8 2014q1/bin/../lib/gcc/arm-none-eabi/4.8.3/../../../../arm-none-eabi/lib/armv6-m\libg_s.a(lib_a-wbuf.o)
 .debug_frame   0x000021c8       0x2c c:/program files (x86)/gnu tools arm embedded/4.8 2014q1/bin/../lib/gcc/arm-none-eabi/4.8.3/../../../../arm-none-eabi/lib/armv6-m\libg_s.a(lib_a-writer.o)
 .debug_frame   0x000021f4       0x2c c:/program files (x86)/gnu tools arm embedded/4.8 2014q1/bin/../lib/gcc/arm-none-eabi/4.8.3/../../../../arm-none-eabi/lib/armv6-m\libg_s.a(lib_a-wsetup.o)
 .debug_frame   0x00002220       0x2c c:/program files (x86)/gnu tools arm embedded/4.8 2014q1/bin/../lib/gcc/arm-none-eabi/4.8.3/../../../../arm-none-eabi/lib/armv6-m\libg_s.a(lib_a-closer.o)
 .debug_frame   0x0000224c       0x68 c:/program files (x86)/gnu tools arm embedded/4.8 2014q1/bin/../lib/gcc/arm-none-eabi/4.8.3/../../../../arm-none-eabi/lib/armv6-m\libg_s.a(lib_a-fflush.o)
 .debug_frame   0x000022b4      0x148 c:/program files (x86)/gnu tools arm embedded/4.8 2014q1/bin/../lib/gcc/arm-none-eabi/4.8.3/../../../../arm-none-eabi/lib/armv6-m\libg_s.a(lib_a-findfp.o)
 .debug_frame   0x000023fc       0x2c c:/program files (x86)/gnu tools arm embedded/4.8 2014q1/bin/../lib/gcc/arm-none-eabi/4.8.3/../../../../arm-none-eabi/lib/armv6-m\libg_s.a(lib_a-lseekr.o)
 .debug_frame   0x00002428       0x30 c:/program files (x86)/gnu tools arm embedded/4.8 2014q1/bin/../lib/gcc/arm-none-eabi/4.8.3/../../../../arm-none-eabi/lib/armv6-m\libg_s.a(lib_a-makebuf.o)
 .debug_frame   0x00002458       0x40 c:/program files (x86)/gnu tools arm embedded/4.8 2014q1/bin/../lib/gcc/arm-none-eabi/4.8.3/../../../../arm-none-eabi/lib/armv6-m\libg_s.a(lib_a-malloc.o)
 .debug_frame   0x00002498       0x20 c:/program files (x86)/gnu tools arm embedded/4.8 2014q1/bin/../lib/gcc/arm-none-eabi/4.8.3/../../../../arm-none-eabi/lib/armv6-m\libg_s.a(lib_a-memchr-stub.o)
 .debug_frame   0x000024b8       0x2c c:/program files (x86)/gnu tools arm embedded/4.8 2014q1/bin/../lib/gcc/arm-none-eabi/4.8.3/../../../../arm-none-eabi/lib/armv6-m\libg_s.a(lib_a-memmove.o)
 .debug_frame   0x000024e4       0x2c c:/program files (x86)/gnu tools arm embedded/4.8 2014q1/bin/../lib/gcc/arm-none-eabi/4.8.3/../../../../arm-none-eabi/lib/armv6-m\libg_s.a(lib_a-nano-freer.o)
 .debug_frame   0x00002510       0x2c c:/program files (x86)/gnu tools arm embedded/4.8 2014q1/bin/../lib/gcc/arm-none-eabi/4.8.3/../../../../arm-none-eabi/lib/armv6-m\libg_s.a(lib_a-nano-mallocr.o)
 .debug_frame   0x0000253c       0x30 c:/program files (x86)/gnu tools arm embedded/4.8 2014q1/bin/../lib/gcc/arm-none-eabi/4.8.3/../../../../arm-none-eabi/lib/armv6-m\libg_s.a(lib_a-nano-reallocr.o)
 .debug_frame   0x0000256c       0x2c c:/program files (x86)/gnu tools arm embedded/4.8 2014q1/bin/../lib/gcc/arm-none-eabi/4.8.3/../../../../arm-none-eabi/lib/armv6-m\libg_s.a(lib_a-readr.o)
 .debug_frame   0x00002598       0x2c c:/program files (x86)/gnu tools arm embedded/4.8 2014q1/bin/../lib/gcc/arm-none-eabi/4.8.3/../../../../arm-none-eabi/lib/armv6-m\libg_s.a(lib_a-sbrkr.o)
 .debug_frame   0x000025c4       0x30 c:/program files (x86)/gnu tools arm embedded/4.8 2014q1/bin/../lib/gcc/arm-none-eabi/4.8.3/../../../../arm-none-eabi/lib/armv6-m\libg_s.a(lib_a-sccl.o)
 .debug_frame   0x000025f4       0x4c c:/program files (x86)/gnu tools arm embedded/4.8 2014q1/bin/../lib/gcc/arm-none-eabi/4.8.3/../../../../arm-none-eabi/lib/armv6-m\libg_s.a(lib_a-strtoul.o)
 .debug_frame   0x00002640       0x2c c:/program files (x86)/gnu tools arm embedded/4.8 2014q1/bin/../lib/gcc/arm-none-eabi/4.8.3/../../../../arm-none-eabi/lib/armv6-m\libg_s.a(lib_a-fstatr.o)
 .debug_frame   0x0000266c       0x2c c:/program files (x86)/gnu tools arm embedded/4.8 2014q1/bin/../lib/gcc/arm-none-eabi/4.8.3/../../../../arm-none-eabi/lib/armv6-m\libg_s.a(lib_a-isattyr.o)
 .debug_frame   0x00002698       0x20 c:/program files (x86)/gnu tools arm embedded/4.8 2014q1/bin/../lib/gcc/arm-none-eabi/4.8.3/../../../../arm-none-eabi/lib/armv6-m\libg_s.a(lib_a-nano-msizer.o)

.debug_str      0x00000000    0x16dd5
 *(.debug_str)
 .debug_str     0x00000000     0x4c7f ./system/src/newlib/_exit.o
                               0x4db0 (size before relaxing)
 .debug_str     0x00004c7f      0x4de ./system/src/newlib/_sbrk.o
                               0x4366 (size before relaxing)
 .debug_str     0x0000515d      0xa62 ./system/src/newlib/_startup.o
                               0x3dd6 (size before relaxing)
 .debug_str     0x00005bbf      0xe30 ./system/src/newlib/_syscalls.o
                               0x5225 (size before relaxing)